<html>
<body>
<pre>
<h1>µVision Build Log</h1>
<h2>Tool Versions:</h2>
IDE-Version: ¦ÌVision V5.42.0.0
Copyright (C) 2025 ARM Ltd and ARM Germany GmbH. All rights reserved.
License Information: david chen, web, LIC=YA39H-WCQFX-IIR5V-PFNWX-2HWE0-798NG
 
Tool Versions:
Toolchain:       MDK-ARM Plus  Version: 5.42.0.0
Toolchain Path:  D:\Keil\ARM\ARMCLANG\Bin
C Compiler:      ArmClang.exe V6.23
Assembler:       Armasm.exe V6.23
Linker/Locator:  ArmLink.exe V6.23
Library Manager: ArmAr.exe V6.23
Hex Converter:   FromElf.exe V6.23
CPU DLL:         SARMCM3.DLL V5.42.0.0
Dialog DLL:      DCM.DLL V1.17.5.0
Target DLL:      Segger\JL2CM3.dll V2.99.45.0
Dialog DLL:      TCM.DLL V1.56.6.0
 
<h2>Project:</h2>
C:\Users\david\Desktop\Car\car.uvprojx
Project File Date:  03/23/2026

<h2>Output:</h2>
*** Using Compiler 'V6.23', folder: 'D:\Keil\ARM\ARMCLANG\Bin'
Rebuild target 'Target_1'
compiling differentialTurn.c...
compiling oneSideTurn.c...
compiling PID.c...
compiling kalFilter.c...
compiling HT-8A.c...
compiling pos.c...
compiling moto.c...
compiling VOFA_JustFloat.c...
compiling uart.c...
compiling RingBuffer.c...
compiling SBUS.c...
compiling motionControl.c...
compiling UDP.c...
compiling PWM.c...
compiling stm32f4xx_it.c...
compiling Encoder.c...
compiling system.c...
compiling speedCal.c...
compiling ros.c...
ProjectFile/receiver.c(71): warning: variable 'errorCount' set but not used [-Wunused-but-set-variable]
   71 |                 static int errorCount = 0;
      |                            ^
1 warning generated.
compiling receiver.c...
ProjectFile/Debug.c(30): warning: unused variable 'Kd' [-Wunused-variable]
   30 |     float Kd = 0;
      |           ^~
1 warning generated.
compiling Debug.c...
compiling stm32f4xx_hal_timebase_tim.c...
compiling system_stm32f4xx.c...
assembling startup_stm32f407xx.s...
compiling stm32f4xx_hal_msp.c...
compiling main.c...
compiling stm32f4xx_hal_rcc_ex.c...
compiling stm32f4xx_hal_rcc.c...
compiling stm32f4xx_hal_flash.c...
STM32CubeMX/Target_1/STM32CubeMX/Drivers/STM32F4xx_HAL_Driver/Src/stm32f4xx_hal_flash_ex.c(948): warning: unused parameter 'Banks' [-Wunused-parameter]
  948 | static void FLASH_MassErase(uint8_t VoltageRange, uint32_t Banks)
      |                                                            ^
STM32CubeMX/Target_1/STM32CubeMX/Drivers/STM32F4xx_HAL_Driver/Src/stm32f4xx_hal_flash_ex.c(1027): warning: unused parameter 'Banks' [-Wunused-parameter]
 1027 | static HAL_StatusTypeDef FLASH_OB_EnableWRP(uint32_t WRPSector, uint32_t Banks)
      |                                                                          ^
STM32CubeMX/Target_1/STM32CubeMX/Drivers/STM32F4xx_HAL_Driver/Src/stm32f4xx_hal_flash_ex.c(1063): warning: unused parameter 'Banks' [-Wunused-parameter]
 1063 | static HAL_StatusTypeDef FLASH_OB_DisableWRP(uint32_t WRPSector, uint32_t Banks)
      |                                                                           ^
3 warnings generated.
compiling stm32f4xx_hal_flash_ex.c...
compiling stm32f4xx_hal_tim_ex.c...
compiling stm32f4xx_hal_flash_ramfunc.c...
compiling stm32f4xx_hal_gpio.c...
compiling stm32f4xx_hal_dma_ex.c...
compiling stm32f4xx_hal_dma.c...
compiling stm32f4xx_hal_pwr.c...
compiling stm32f4xx_hal_pwr_ex.c...
compiling stm32f4xx_hal_tim.c...
compiling stm32f4xx_hal_cortex.c...
compiling stm32f4xx_hal.c...
compiling stm32f4xx_hal_exti.c...
compiling rtx_delay.c...
compiling rtx_evflags.c...
compiling rtx_evr.c...
assembling irq_armv7m.S...
compiling rtx_lib.c...
compiling stm32f4xx_hal_eth.c...
compiling stm32f4xx_hal_uart.c...
compiling rtx_kernel.c...
compiling rtx_memory.c...
compiling rtx_mutex.c...
compiling rtx_system.c...
compiling rtx_mempool.c...
compiling rtx_semaphore.c...
compiling rtx_msgqueue.c...
compiling rtx_timer.c...
compiling RTX_Config.c...
compiling os_systick.c...
compiling PHY_DP83848C.c...
compiling net_base64.c...
compiling ETH_MAC_STM32.c...
compiling net_debug.c...
compiling net_addr.c...
compiling rtx_thread.c...
compiling net_config.c...
compiling EventRecorder.c...
compiling net_common.c...
compiling net_icmp.c...
compiling net_arp.c...
compiling net_icmp6.c...
compiling net_dhcp6_client.c...
compiling net_ip4.c...
compiling net_ip4_frag.c...
compiling net_dhcp_client.c...
compiling net_igmp.c...
compiling net_ip6.c...
compiling net_eth.c...
compiling net_loopback.c...
compiling net_ip6_frag.c...
compiling net_md5.c...
compiling net_mem.c...
compiling net_ping_core.c...
compiling net_nbns_client.c...
compiling net_mld.c...
compiling net_sys.c...
compiling net_version.c...
compiling net_udp.c...
compiling net_ndp.c...
compiling net_tcp.c...
linking...
Program Size: Code=70524 RO-data=1752 RW-data=12400 ZI-data=57016  
".\Objects\car.axf" - 0 Error(s), 5 Warning(s).

<h2>Software Packages used:</h2>

Package Vendor: ARM
                https://www.keil.com/pack/ARM.CMSIS.6.3.0.pack
                ARM::CMSIS@6.3.0
                CMSIS (Common Microcontroller Software Interface Standard)
   * Component: CORE Version: 6.2.0
   * Component: SysTick Version: 1.0.5
   * Component: Ethernet MAC Version: 2.2.0
   * Component: Ethernet PHY Version: 2.2.0
   * Component: OS Tick Version: 1.0.1
   * Component: RTOS2 Version: 2.3.0

Package Vendor: ARM
                https://www.keil.com/pack/ARM.CMSIS-Driver.2.10.0.pack
                ARM::CMSIS-Driver@2.10.0
                CMSIS Drivers for external devices
   * Component: DP83848C Version: 6.2.0

Package Vendor: ARM
                https://www.keil.com/pack/ARM.CMSIS-Driver_STM32.1.3.0.pack
                ARM::CMSIS-Driver_STM32@1.3.0
                CMSIS Drivers for STMicroelectronics STM32 Series devices
   * Component: Ethernet MAC Version: 3.2.0

Package Vendor: ARM
                https://www.keil.com/pack/ARM.CMSIS-RTX.5.9.0.pack
                ARM::CMSIS-RTX@5.9.0
                RTX RTOS implementation of CMSIS-RTOS2 API
   * Component: Keil RTX5 Variant: Source Version: 5.9.0

Package Vendor: ARM
                https://www.keil.com/pack/ARM.CMSIS-View.1.2.0.pack
                ARM::CMSIS-View@1.2.0
                Debugger visualization of software events and statistics
   * Component: Event Recorder Variant: DAP Version: 1.6.0

Package Vendor: Keil
                https://www.keil.com/pack/Keil.MDK-Middleware.8.2.0.pack
                Keil::MDK-Middleware@8.2.0
                Middleware for Arm based processors
   * Component: CORE Version: 8.2.0
   * Component: ETH Version: 8.2.0
   * Component: TCP Version: 8.2.0
   * Component: UDP Version: 8.2.0

Package Vendor: Keil
                https://www.keil.com/pack/Keil.STM32F4xx_DFP.3.1.1.pack
                Keil::STM32F4xx_DFP@3.1.1
                STMicroelectronics STM32F4 Series Device Support
   * Component: CubeMX Version: 1.0.0

<h2>Collection of Component include folders:</h2>
  ./RTE/CMSIS
  ./RTE/CMSIS-View
  ./RTE/Network
  ./RTE/_Target_1
  ./STM32CubeMX/Target_1/MX_Device
  ./STM32CubeMX/Target_1/STM32CubeMX/Drivers/CMSIS/Device/ST/STM32F4xx/Include
  ./STM32CubeMX/Target_1/STM32CubeMX/Drivers/STM32F4xx_HAL_Driver/Inc
  ./STM32CubeMX/Target_1/STM32CubeMX/Drivers/STM32F4xx_HAL_Driver/Inc/Legacy
  ./STM32CubeMX/Target_1/STM32CubeMX/Inc
  C:/Users/david/AppData/Local/Arm/Packs/ARM/CMSIS-Driver_STM32/1.3.0/Drivers
  C:/Users/david/AppData/Local/Arm/Packs/ARM/CMSIS-RTX/5.9.0/Include
  C:/Users/david/AppData/Local/Arm/Packs/ARM/CMSIS-View/1.2.0/EventRecorder/Include
  C:/Users/david/AppData/Local/Arm/Packs/ARM/CMSIS/6.3.0/CMSIS/Core/Include
  C:/Users/david/AppData/Local/Arm/Packs/ARM/CMSIS/6.3.0/CMSIS/Driver/Include
  C:/Users/david/AppData/Local/Arm/Packs/ARM/CMSIS/6.3.0/CMSIS/RTOS2/Include
  C:/Users/david/AppData/Local/Arm/Packs/Keil/MDK-Middleware/8.2.0/Components/Network/Include

<h2>Collection of Component Files used:</h2>

   * Component: ARM::CMSIS-View:Event Recorder&DAP@1.6.0
      Include file:  EventRecorder/Include/EventRecorder.h
      Source file:   EventRecorder/Source/EventRecorder.c
      Include file:  EventRecorder/Config/EventRecorderConf.h

   * Component: ARM::CMSIS:CORE@6.2.0

   * Component: ARM::CMSIS:OS Tick:SysTick@1.0.5
      Source file:   CMSIS/RTOS2/Source/os_systick.c

   * Component: ARM::CMSIS:RTOS2:Keil RTX5&Source@5.9.0
      Source file:   Template/MemPool.c
      Source file:   Template/MsgQueue.c
      Source file:   Template/Mutex.c
      Source file:   Template/Semaphore.c
      Source file:   Template/Thread.c
      Include file:  Include/rtx_os.h
      Source file:   Template/Events.c
      Source file:   Template/main.c
      Source file:   Config/RTX_Config.c
      Include file:  Config/RTX_Config.h
      Source file:   Source/rtx_thread.c
      Source file:   Source/rtx_evr.c
      Source file:   Source/rtx_lib.c
      Source file:   Source/rtx_msgqueue.c
      Source file:   Source/rtx_delay.c
      Source file:   Source/rtx_kernel.c
      Source file:   Source/rtx_memory.c
      Source file:   Source/rtx_system.c
      Source file:   Template/Timer.c
      Source file:   Source/rtx_evflags.c
      Source file:   Template/svc_user.c
      Source file:   Source/rtx_semaphore.c
      Source file:   Source/GCC/irq_armv7m.S
      Source file:   Source/rtx_timer.c
      Source file:   Source/rtx_mutex.c
      Source file:   Source/rtx_mempool.c

   * Component: CMSIS Driver:Ethernet MAC(API)@2.2.0
      Include file:  CMSIS/Driver/Include/Driver_ETH_MAC.h

   * Component: CMSIS Driver:Ethernet PHY(API)@2.2.0
      Include file:  CMSIS/Driver/Include/Driver_ETH_PHY.h

   * Component: CMSIS:OS Tick(API)@1.0.1
      Include file:  CMSIS/RTOS2/Include/os_tick.h

   * Component: CMSIS:RTOS2(API)@2.3.0
      Include file:  CMSIS/RTOS2/Include/cmsis_os2.h

   * Component: Keil::CMSIS Driver:Ethernet MAC@3.2.0
      Include file:  Drivers/ETH_MAC_STM32.h
      Source file:   Drivers/ETH_MAC_STM32.c

   * Component: Keil::CMSIS Driver:Ethernet PHY:DP83848C@6.2.0
      Source file:   Ethernet_PHY/DP83848C/PHY_DP83848C.c

   * Component: Keil::Device:CubeMX@1.0.0

   * Component: Keil::Network&MDK:CORE@8.2.0
      Source file:   Components/Network/Source/net_ip6_frag.c
      Source file:   Components/Network/Source/net_icmp6.c
      Source file:   Components/Network/Source/net_ping_core.c
      Source file:   Components/Network/Source/net_debug.c
      Source file:   Components/Network/Source/net_ndp.c
      Source file:   Components/Network/Source/net_ip4.c
      Include file:  Components/Network/Config/Net_Config.h
      Source file:   Components/Network/Source/net_loopback.c
      Include file:  Components/Network/Config/Net_Debug.h
      Source file:   Components/Network/Source/net_ip6.c
      Source file:   Components/Network/Source/net_arp.c
      Source file:   Components/Network/Source/net_igmp.c
      Include file:  Components/Network/Include/rl_net.h
      Source file:   Components/Network/Source/net_config.c
      Source file:   Components/Network/Source/net_dhcp_client.c
      Source file:   Components/Network/Source/net_nbns_client.c
      Source file:   Components/Network/Source/net_ip4_frag.c
      Source file:   Components/Network/Source/net_icmp.c
      Source file:   Components/Network/Source/net_version.c
      Source file:   Components/Network/Source/net_common.c
      Source file:   Components/Network/Source/net_md5.c
      Source file:   Components/Network/Source/net_dhcp6_client.c
      Source file:   Components/Network/Source/net_sys.c
      Source file:   Components/Network/Source/net_addr.c
      Source file:   Components/Network/Source/net_base64.c
      Source file:   Components/Network/Source/net_mem.c
      Source file:   Components/Network/Source/net_mld.c

   * Component: Keil::Network&MDK:Interface:ETH@8.2.0
      Source file:   Components/Network/Source/net_eth.c
      Include file:  Components/Network/Config/Net_Config_ETH.h

   * Component: Keil::Network&MDK:Socket:TCP@8.2.0
      Include file:  Components/Network/Config/Net_Config_TCP.h
      Source file:   Components/Network/Template/TCP_Socket_Client.c
      Source file:   Components/Network/Template/TCP_Socket_Server.c
      Source file:   Components/Network/Source/net_tcp.c

   * Component: Keil::Network&MDK:Socket:UDP@8.2.0
      Include file:  Components/Network/Config/Net_Config_UDP.h
      Source file:   Components/Network/Template/UDP_Socket.c
      Source file:   Components/Network/Source/net_udp.c
Build Time Elapsed:  00:00:06
</pre>
</body>
</html>
