<!doctype html public "-//w3c//dtd html 4.0 transitional//en">
<html><head>
<title>Static Call Graph - [.\Objects\car.axf]</title></head>
<body><HR>
<H1>Static Call Graph for image .\Objects\car.axf</H1><HR>
<BR><P>#&#060CALLGRAPH&#062# ARM Linker, 6230001: Last Updated: Wed Mar 18 22:49:05 2026
<BR><P>
<H3>Maximum Stack Usage =        332 bytes + Unknown(Functions without stacksize, Cycles, Untraceable Function Pointers)</H3><H3>
Call chain for Maximum Stack Depth:</H3>
net_eth_iface_run &rArr; net_tcp_process &rArr; tcp_send_reset &rArr; tcp_write &rArr; net_ip4_send_frame &rArr; net_ip4_frag_get &rArr; net_mem_alloc &rArr; netos_lock &rArr; osMutexAcquire &rArr; EvrRtxMutexAcquire &rArr; EventRecord2 &rArr; EventRecordItem
<P>
<H3>
Functions with no stack information
</H3><UL>
 <LI><a href="#[fe]">__user_initial_stackheap</a>
 <LI><a href="#[6]">SVC_Handler</a>
 <LI><a href="#[8]">PendSV_Handler</a>
 <LI><a href="#[9]">SysTick_Handler</a>
</UL>
</UL>
<P>
<H3>
Mutually Recursive functions
</H3> <LI><a href="#[1c]">ADC_IRQHandler</a>&nbsp;&nbsp;&nbsp;&rArr;&nbsp;&nbsp;&nbsp;<a href="#[1c]">ADC_IRQHandler</a><BR>
 <LI><a href="#[25a]">osRtxErrorNotify</a>&nbsp;&nbsp;&nbsp;&rArr;&nbsp;&nbsp;&nbsp;<a href="#[25a]">osRtxErrorNotify</a><BR>
 <LI><a href="#[4]">BusFault_Handler</a>&nbsp;&nbsp;&nbsp;&rArr;&nbsp;&nbsp;&nbsp;<a href="#[4]">BusFault_Handler</a><BR>
 <LI><a href="#[1f5]">netHandleError</a>&nbsp;&nbsp;&nbsp;&rArr;&nbsp;&nbsp;&nbsp;<a href="#[1f5]">netHandleError</a><BR>
 <LI><a href="#[2]">HardFault_Handler</a>&nbsp;&nbsp;&nbsp;&rArr;&nbsp;&nbsp;&nbsp;<a href="#[2]">HardFault_Handler</a><BR>
 <LI><a href="#[3]">MemManage_Handler</a>&nbsp;&nbsp;&nbsp;&rArr;&nbsp;&nbsp;&nbsp;<a href="#[3]">MemManage_Handler</a><BR>
 <LI><a href="#[1]">NMI_Handler</a>&nbsp;&nbsp;&nbsp;&rArr;&nbsp;&nbsp;&nbsp;<a href="#[1]">NMI_Handler</a><BR>
 <LI><a href="#[5]">UsageFault_Handler</a>&nbsp;&nbsp;&nbsp;&rArr;&nbsp;&nbsp;&nbsp;<a href="#[5]">UsageFault_Handler</a><BR>
 <LI><a href="#[7d]">motionProcessTask</a>&nbsp;&nbsp;&nbsp;&rArr;&nbsp;&nbsp;&nbsp;<a href="#[7d]">motionProcessTask</a><BR>
 <LI><a href="#[92]">osRtxIdleThread</a>&nbsp;&nbsp;&nbsp;&rArr;&nbsp;&nbsp;&nbsp;<a href="#[92]">osRtxIdleThread</a><BR>
</UL>
<P>
<H3>
Function Pointers
</H3><UL>
 <LI><a href="#[1c]">ADC_IRQHandler</a> from startup_stm32f407xx.o(.text) referenced from startup_stm32f407xx.o(RESET)
 <LI><a href="#[4]">BusFault_Handler</a> from stm32f4xx_it.o(.text.BusFault_Handler) referenced from startup_stm32f407xx.o(RESET)
 <LI><a href="#[1e]">CAN1_RX0_IRQHandler</a> from startup_stm32f407xx.o(.text) referenced from startup_stm32f407xx.o(RESET)
 <LI><a href="#[1f]">CAN1_RX1_IRQHandler</a> from startup_stm32f407xx.o(.text) referenced from startup_stm32f407xx.o(RESET)
 <LI><a href="#[20]">CAN1_SCE_IRQHandler</a> from startup_stm32f407xx.o(.text) referenced from startup_stm32f407xx.o(RESET)
 <LI><a href="#[1d]">CAN1_TX_IRQHandler</a> from startup_stm32f407xx.o(.text) referenced from startup_stm32f407xx.o(RESET)
 <LI><a href="#[4a]">CAN2_RX0_IRQHandler</a> from startup_stm32f407xx.o(.text) referenced from startup_stm32f407xx.o(RESET)
 <LI><a href="#[4b]">CAN2_RX1_IRQHandler</a> from startup_stm32f407xx.o(.text) referenced from startup_stm32f407xx.o(RESET)
 <LI><a href="#[4c]">CAN2_SCE_IRQHandler</a> from startup_stm32f407xx.o(.text) referenced from startup_stm32f407xx.o(RESET)
 <LI><a href="#[49]">CAN2_TX_IRQHandler</a> from startup_stm32f407xx.o(.text) referenced from startup_stm32f407xx.o(RESET)
 <LI><a href="#[58]">DCMI_IRQHandler</a> from startup_stm32f407xx.o(.text) referenced from startup_stm32f407xx.o(RESET)
 <LI><a href="#[15]">DMA1_Stream0_IRQHandler</a> from startup_stm32f407xx.o(.text) referenced from startup_stm32f407xx.o(RESET)
 <LI><a href="#[16]">DMA1_Stream1_IRQHandler</a> from stm32f4xx_it.o(.text.DMA1_Stream1_IRQHandler) referenced from startup_stm32f407xx.o(RESET)
 <LI><a href="#[17]">DMA1_Stream2_IRQHandler</a> from startup_stm32f407xx.o(.text) referenced from startup_stm32f407xx.o(RESET)
 <LI><a href="#[18]">DMA1_Stream3_IRQHandler</a> from startup_stm32f407xx.o(.text) referenced from startup_stm32f407xx.o(RESET)
 <LI><a href="#[19]">DMA1_Stream4_IRQHandler</a> from startup_stm32f407xx.o(.text) referenced from startup_stm32f407xx.o(RESET)
 <LI><a href="#[1a]">DMA1_Stream5_IRQHandler</a> from startup_stm32f407xx.o(.text) referenced from startup_stm32f407xx.o(RESET)
 <LI><a href="#[1b]">DMA1_Stream6_IRQHandler</a> from startup_stm32f407xx.o(.text) referenced from startup_stm32f407xx.o(RESET)
 <LI><a href="#[39]">DMA1_Stream7_IRQHandler</a> from startup_stm32f407xx.o(.text) referenced from startup_stm32f407xx.o(RESET)
 <LI><a href="#[42]">DMA2_Stream0_IRQHandler</a> from startup_stm32f407xx.o(.text) referenced from startup_stm32f407xx.o(RESET)
 <LI><a href="#[43]">DMA2_Stream1_IRQHandler</a> from startup_stm32f407xx.o(.text) referenced from startup_stm32f407xx.o(RESET)
 <LI><a href="#[44]">DMA2_Stream2_IRQHandler</a> from startup_stm32f407xx.o(.text) referenced from startup_stm32f407xx.o(RESET)
 <LI><a href="#[45]">DMA2_Stream3_IRQHandler</a> from startup_stm32f407xx.o(.text) referenced from startup_stm32f407xx.o(RESET)
 <LI><a href="#[46]">DMA2_Stream4_IRQHandler</a> from startup_stm32f407xx.o(.text) referenced from startup_stm32f407xx.o(RESET)
 <LI><a href="#[4e]">DMA2_Stream5_IRQHandler</a> from startup_stm32f407xx.o(.text) referenced from startup_stm32f407xx.o(RESET)
 <LI><a href="#[4f]">DMA2_Stream6_IRQHandler</a> from startup_stm32f407xx.o(.text) referenced from startup_stm32f407xx.o(RESET)
 <LI><a href="#[50]">DMA2_Stream7_IRQHandler</a> from stm32f4xx_it.o(.text.DMA2_Stream7_IRQHandler) referenced from startup_stm32f407xx.o(RESET)
 <LI><a href="#[7]">DebugMon_Handler</a> from stm32f4xx_it.o(.text.DebugMon_Handler) referenced from startup_stm32f407xx.o(RESET)
 <LI><a href="#[5d]">DebugTask</a> from debug.o(.text.DebugTask) referenced 2 times from debug.o(.text.DebugInit)
 <LI><a href="#[47]">ETH_IRQHandler</a> from stm32f4xx_it.o(.text.ETH_IRQHandler) referenced from startup_stm32f407xx.o(RESET)
 <LI><a href="#[bc]">ETH_MAC_Control</a> from eth_mac_stm32.o(.text.ETH_MAC_Control) referenced from eth_mac_stm32.o(.rodata.Driver_ETH_MAC0)
 <LI><a href="#[bb]">ETH_MAC_ControlTimer</a> from eth_mac_stm32.o(.text.ETH_MAC_ControlTimer) referenced from eth_mac_stm32.o(.rodata.Driver_ETH_MAC0)
 <LI><a href="#[af]">ETH_MAC_GetCapabilities</a> from eth_mac_stm32.o(.text.ETH_MAC_GetCapabilities) referenced from eth_mac_stm32.o(.rodata.Driver_ETH_MAC0)
 <LI><a href="#[b3]">ETH_MAC_GetMacAddress</a> from eth_mac_stm32.o(.text.ETH_MAC_GetMacAddress) referenced from eth_mac_stm32.o(.rodata.Driver_ETH_MAC0)
 <LI><a href="#[b8]">ETH_MAC_GetRxFrameSize</a> from eth_mac_stm32.o(.text.ETH_MAC_GetRxFrameSize) referenced from eth_mac_stm32.o(.rodata.Driver_ETH_MAC0)
 <LI><a href="#[b9]">ETH_MAC_GetRxFrameTime</a> from eth_mac_stm32.o(.text.ETH_MAC_GetRxFrameTime) referenced from eth_mac_stm32.o(.rodata.Driver_ETH_MAC0)
 <LI><a href="#[ba]">ETH_MAC_GetTxFrameTime</a> from eth_mac_stm32.o(.text.ETH_MAC_GetTxFrameTime) referenced from eth_mac_stm32.o(.rodata.Driver_ETH_MAC0)
 <LI><a href="#[ae]">ETH_MAC_GetVersion</a> from eth_mac_stm32.o(.text.ETH_MAC_GetVersion) referenced from eth_mac_stm32.o(.rodata.Driver_ETH_MAC0)
 <LI><a href="#[b0]">ETH_MAC_Initialize</a> from eth_mac_stm32.o(.text.ETH_MAC_Initialize) referenced from eth_mac_stm32.o(.rodata.Driver_ETH_MAC0)
 <LI><a href="#[bd]">ETH_MAC_PHY_Read</a> from eth_mac_stm32.o(.text.ETH_MAC_PHY_Read) referenced from eth_mac_stm32.o(.rodata.Driver_ETH_MAC0)
 <LI><a href="#[be]">ETH_MAC_PHY_Write</a> from eth_mac_stm32.o(.text.ETH_MAC_PHY_Write) referenced from eth_mac_stm32.o(.rodata.Driver_ETH_MAC0)
 <LI><a href="#[b2]">ETH_MAC_PowerControl</a> from eth_mac_stm32.o(.text.ETH_MAC_PowerControl) referenced from eth_mac_stm32.o(.rodata.Driver_ETH_MAC0)
 <LI><a href="#[b7]">ETH_MAC_ReadFrame</a> from eth_mac_stm32.o(.text.ETH_MAC_ReadFrame) referenced from eth_mac_stm32.o(.rodata.Driver_ETH_MAC0)
 <LI><a href="#[b6]">ETH_MAC_SendFrame</a> from eth_mac_stm32.o(.text.ETH_MAC_SendFrame) referenced from eth_mac_stm32.o(.rodata.Driver_ETH_MAC0)
 <LI><a href="#[b5]">ETH_MAC_SetAddressFilter</a> from eth_mac_stm32.o(.text.ETH_MAC_SetAddressFilter) referenced from eth_mac_stm32.o(.rodata.Driver_ETH_MAC0)
 <LI><a href="#[b4]">ETH_MAC_SetMacAddress</a> from eth_mac_stm32.o(.text.ETH_MAC_SetMacAddress) referenced from eth_mac_stm32.o(.rodata.Driver_ETH_MAC0)
 <LI><a href="#[b1]">ETH_MAC_Uninitialize</a> from eth_mac_stm32.o(.text.ETH_MAC_Uninitialize) referenced from eth_mac_stm32.o(.rodata.Driver_ETH_MAC0)
 <LI><a href="#[48]">ETH_WKUP_IRQHandler</a> from stm32f4xx_it.o(.text.ETH_WKUP_IRQHandler) referenced from startup_stm32f407xx.o(RESET)
 <LI><a href="#[10]">EXTI0_IRQHandler</a> from startup_stm32f407xx.o(.text) referenced from startup_stm32f407xx.o(RESET)
 <LI><a href="#[32]">EXTI15_10_IRQHandler</a> from startup_stm32f407xx.o(.text) referenced from startup_stm32f407xx.o(RESET)
 <LI><a href="#[11]">EXTI1_IRQHandler</a> from startup_stm32f407xx.o(.text) referenced from startup_stm32f407xx.o(RESET)
 <LI><a href="#[12]">EXTI2_IRQHandler</a> from startup_stm32f407xx.o(.text) referenced from startup_stm32f407xx.o(RESET)
 <LI><a href="#[13]">EXTI3_IRQHandler</a> from startup_stm32f407xx.o(.text) referenced from startup_stm32f407xx.o(RESET)
 <LI><a href="#[14]">EXTI4_IRQHandler</a> from startup_stm32f407xx.o(.text) referenced from startup_stm32f407xx.o(RESET)
 <LI><a href="#[21]">EXTI9_5_IRQHandler</a> from startup_stm32f407xx.o(.text) referenced from startup_stm32f407xx.o(RESET)
 <LI><a href="#[e]">FLASH_IRQHandler</a> from startup_stm32f407xx.o(.text) referenced from startup_stm32f407xx.o(RESET)
 <LI><a href="#[3a]">FMC_IRQHandler</a> from startup_stm32f407xx.o(.text) referenced from startup_stm32f407xx.o(RESET)
 <LI><a href="#[5a]">FPU_IRQHandler</a> from startup_stm32f407xx.o(.text) referenced from startup_stm32f407xx.o(RESET)
 <LI><a href="#[c6]">GetLinkInfo</a> from phy_dp83848c.o(.text.GetLinkInfo) referenced from phy_dp83848c.o(.rodata.Driver_ETH_PHY0)
 <LI><a href="#[c5]">GetLinkState</a> from phy_dp83848c.o(.text.GetLinkState) referenced from phy_dp83848c.o(.rodata.Driver_ETH_PHY0)
 <LI><a href="#[bf]">GetVersion</a> from phy_dp83848c.o(.text.GetVersion) referenced from phy_dp83848c.o(.rodata.Driver_ETH_PHY0)
 <LI><a href="#[6a]">HAL_TIMEx_BreakCallback</a> from stm32f4xx_hal_tim_ex.o(.text.HAL_TIMEx_BreakCallback) referenced 2 times from stm32f4xx_hal_tim.o(.text.HAL_TIM_Base_Init)
 <LI><a href="#[6a]">HAL_TIMEx_BreakCallback</a> from stm32f4xx_hal_tim_ex.o(.text.HAL_TIMEx_BreakCallback) referenced 2 times from stm32f4xx_hal_tim.o(.text.HAL_TIM_Encoder_Init)
 <LI><a href="#[6a]">HAL_TIMEx_BreakCallback</a> from stm32f4xx_hal_tim_ex.o(.text.HAL_TIMEx_BreakCallback) referenced 2 times from stm32f4xx_hal_tim.o(.text.HAL_TIM_PWM_Init)
 <LI><a href="#[67]">HAL_TIMEx_CommutCallback</a> from stm32f4xx_hal_tim_ex.o(.text.HAL_TIMEx_CommutCallback) referenced 2 times from stm32f4xx_hal_tim.o(.text.HAL_TIM_Base_Init)
 <LI><a href="#[67]">HAL_TIMEx_CommutCallback</a> from stm32f4xx_hal_tim_ex.o(.text.HAL_TIMEx_CommutCallback) referenced 2 times from stm32f4xx_hal_tim.o(.text.HAL_TIM_Encoder_Init)
 <LI><a href="#[67]">HAL_TIMEx_CommutCallback</a> from stm32f4xx_hal_tim_ex.o(.text.HAL_TIMEx_CommutCallback) referenced 2 times from stm32f4xx_hal_tim.o(.text.HAL_TIM_PWM_Init)
 <LI><a href="#[69]">HAL_TIMEx_CommutHalfCpltCallback</a> from stm32f4xx_hal_tim_ex.o(.text.HAL_TIMEx_CommutHalfCpltCallback) referenced 2 times from stm32f4xx_hal_tim.o(.text.HAL_TIM_Base_Init)
 <LI><a href="#[69]">HAL_TIMEx_CommutHalfCpltCallback</a> from stm32f4xx_hal_tim_ex.o(.text.HAL_TIMEx_CommutHalfCpltCallback) referenced 2 times from stm32f4xx_hal_tim.o(.text.HAL_TIM_Encoder_Init)
 <LI><a href="#[69]">HAL_TIMEx_CommutHalfCpltCallback</a> from stm32f4xx_hal_tim_ex.o(.text.HAL_TIMEx_CommutHalfCpltCallback) referenced 2 times from stm32f4xx_hal_tim.o(.text.HAL_TIM_PWM_Init)
 <LI><a href="#[6b]">HAL_TIM_Base_MspInit</a> from stm32f4xx_hal_msp.o(.text.HAL_TIM_Base_MspInit) referenced 2 times from stm32f4xx_hal_tim.o(.text.HAL_TIM_Base_Init)
 <LI><a href="#[6c]">HAL_TIM_Encoder_MspInit</a> from stm32f4xx_hal_msp.o(.text.HAL_TIM_Encoder_MspInit) referenced 2 times from stm32f4xx_hal_tim.o(.text.HAL_TIM_Encoder_Init)
 <LI><a href="#[63]">HAL_TIM_ErrorCallback</a> from stm32f4xx_hal_tim.o(.text.HAL_TIM_ErrorCallback) referenced 2 times from stm32f4xx_hal_tim.o(.text.HAL_TIM_Base_Init)
 <LI><a href="#[63]">HAL_TIM_ErrorCallback</a> from stm32f4xx_hal_tim.o(.text.HAL_TIM_ErrorCallback) referenced 2 times from stm32f4xx_hal_tim.o(.text.HAL_TIM_Encoder_Init)
 <LI><a href="#[63]">HAL_TIM_ErrorCallback</a> from stm32f4xx_hal_tim.o(.text.HAL_TIM_ErrorCallback) referenced 2 times from stm32f4xx_hal_tim.o(.text.HAL_TIM_PWM_Init)
 <LI><a href="#[61]">HAL_TIM_IC_CaptureCallback</a> from stm32f4xx_hal_tim.o(.text.HAL_TIM_IC_CaptureCallback) referenced 2 times from stm32f4xx_hal_tim.o(.text.HAL_TIM_Base_Init)
 <LI><a href="#[61]">HAL_TIM_IC_CaptureCallback</a> from stm32f4xx_hal_tim.o(.text.HAL_TIM_IC_CaptureCallback) referenced 2 times from stm32f4xx_hal_tim.o(.text.HAL_TIM_Encoder_Init)
 <LI><a href="#[61]">HAL_TIM_IC_CaptureCallback</a> from stm32f4xx_hal_tim.o(.text.HAL_TIM_IC_CaptureCallback) referenced 2 times from stm32f4xx_hal_tim.o(.text.HAL_TIM_PWM_Init)
 <LI><a href="#[68]">HAL_TIM_IC_CaptureHalfCpltCallback</a> from stm32f4xx_hal_tim.o(.text.HAL_TIM_IC_CaptureHalfCpltCallback) referenced 2 times from stm32f4xx_hal_tim.o(.text.HAL_TIM_Base_Init)
 <LI><a href="#[68]">HAL_TIM_IC_CaptureHalfCpltCallback</a> from stm32f4xx_hal_tim.o(.text.HAL_TIM_IC_CaptureHalfCpltCallback) referenced 2 times from stm32f4xx_hal_tim.o(.text.HAL_TIM_Encoder_Init)
 <LI><a href="#[68]">HAL_TIM_IC_CaptureHalfCpltCallback</a> from stm32f4xx_hal_tim.o(.text.HAL_TIM_IC_CaptureHalfCpltCallback) referenced 2 times from stm32f4xx_hal_tim.o(.text.HAL_TIM_PWM_Init)
 <LI><a href="#[65]">HAL_TIM_OC_DelayElapsedCallback</a> from stm32f4xx_hal_tim.o(.text.HAL_TIM_OC_DelayElapsedCallback) referenced 2 times from stm32f4xx_hal_tim.o(.text.HAL_TIM_Base_Init)
 <LI><a href="#[65]">HAL_TIM_OC_DelayElapsedCallback</a> from stm32f4xx_hal_tim.o(.text.HAL_TIM_OC_DelayElapsedCallback) referenced 2 times from stm32f4xx_hal_tim.o(.text.HAL_TIM_Encoder_Init)
 <LI><a href="#[65]">HAL_TIM_OC_DelayElapsedCallback</a> from stm32f4xx_hal_tim.o(.text.HAL_TIM_OC_DelayElapsedCallback) referenced 2 times from stm32f4xx_hal_tim.o(.text.HAL_TIM_PWM_Init)
 <LI><a href="#[6d]">HAL_TIM_PWM_MspInit</a> from stm32f4xx_hal_tim.o(.text.HAL_TIM_PWM_MspInit) referenced 2 times from stm32f4xx_hal_tim.o(.text.HAL_TIM_PWM_Init)
 <LI><a href="#[66]">HAL_TIM_PWM_PulseFinishedCallback</a> from stm32f4xx_hal_tim.o(.text.HAL_TIM_PWM_PulseFinishedCallback) referenced 2 times from stm32f4xx_hal_tim.o(.text.HAL_TIM_Base_Init)
 <LI><a href="#[66]">HAL_TIM_PWM_PulseFinishedCallback</a> from stm32f4xx_hal_tim.o(.text.HAL_TIM_PWM_PulseFinishedCallback) referenced 2 times from stm32f4xx_hal_tim.o(.text.HAL_TIM_Encoder_Init)
 <LI><a href="#[66]">HAL_TIM_PWM_PulseFinishedCallback</a> from stm32f4xx_hal_tim.o(.text.HAL_TIM_PWM_PulseFinishedCallback) referenced 2 times from stm32f4xx_hal_tim.o(.text.HAL_TIM_PWM_Init)
 <LI><a href="#[62]">HAL_TIM_PWM_PulseFinishedHalfCpltCallback</a> from stm32f4xx_hal_tim.o(.text.HAL_TIM_PWM_PulseFinishedHalfCpltCallback) referenced 2 times from stm32f4xx_hal_tim.o(.text.HAL_TIM_Base_Init)
 <LI><a href="#[62]">HAL_TIM_PWM_PulseFinishedHalfCpltCallback</a> from stm32f4xx_hal_tim.o(.text.HAL_TIM_PWM_PulseFinishedHalfCpltCallback) referenced 2 times from stm32f4xx_hal_tim.o(.text.HAL_TIM_Encoder_Init)
 <LI><a href="#[62]">HAL_TIM_PWM_PulseFinishedHalfCpltCallback</a> from stm32f4xx_hal_tim.o(.text.HAL_TIM_PWM_PulseFinishedHalfCpltCallback) referenced 2 times from stm32f4xx_hal_tim.o(.text.HAL_TIM_PWM_Init)
 <LI><a href="#[5e]">HAL_TIM_PeriodElapsedCallback</a> from main.o(.text.HAL_TIM_PeriodElapsedCallback) referenced 2 times from stm32f4xx_hal_tim.o(.text.HAL_TIM_Base_Init)
 <LI><a href="#[5e]">HAL_TIM_PeriodElapsedCallback</a> from main.o(.text.HAL_TIM_PeriodElapsedCallback) referenced 2 times from stm32f4xx_hal_tim.o(.text.HAL_TIM_Encoder_Init)
 <LI><a href="#[5e]">HAL_TIM_PeriodElapsedCallback</a> from main.o(.text.HAL_TIM_PeriodElapsedCallback) referenced 2 times from stm32f4xx_hal_tim.o(.text.HAL_TIM_PWM_Init)
 <LI><a href="#[5f]">HAL_TIM_PeriodElapsedHalfCpltCallback</a> from stm32f4xx_hal_tim.o(.text.HAL_TIM_PeriodElapsedHalfCpltCallback) referenced 2 times from stm32f4xx_hal_tim.o(.text.HAL_TIM_Base_Init)
 <LI><a href="#[5f]">HAL_TIM_PeriodElapsedHalfCpltCallback</a> from stm32f4xx_hal_tim.o(.text.HAL_TIM_PeriodElapsedHalfCpltCallback) referenced 2 times from stm32f4xx_hal_tim.o(.text.HAL_TIM_Encoder_Init)
 <LI><a href="#[5f]">HAL_TIM_PeriodElapsedHalfCpltCallback</a> from stm32f4xx_hal_tim.o(.text.HAL_TIM_PeriodElapsedHalfCpltCallback) referenced 2 times from stm32f4xx_hal_tim.o(.text.HAL_TIM_PWM_Init)
 <LI><a href="#[60]">HAL_TIM_TriggerCallback</a> from stm32f4xx_hal_tim.o(.text.HAL_TIM_TriggerCallback) referenced 2 times from stm32f4xx_hal_tim.o(.text.HAL_TIM_Base_Init)
 <LI><a href="#[60]">HAL_TIM_TriggerCallback</a> from stm32f4xx_hal_tim.o(.text.HAL_TIM_TriggerCallback) referenced 2 times from stm32f4xx_hal_tim.o(.text.HAL_TIM_Encoder_Init)
 <LI><a href="#[60]">HAL_TIM_TriggerCallback</a> from stm32f4xx_hal_tim.o(.text.HAL_TIM_TriggerCallback) referenced 2 times from stm32f4xx_hal_tim.o(.text.HAL_TIM_PWM_Init)
 <LI><a href="#[64]">HAL_TIM_TriggerHalfCpltCallback</a> from stm32f4xx_hal_tim.o(.text.HAL_TIM_TriggerHalfCpltCallback) referenced 2 times from stm32f4xx_hal_tim.o(.text.HAL_TIM_Base_Init)
 <LI><a href="#[64]">HAL_TIM_TriggerHalfCpltCallback</a> from stm32f4xx_hal_tim.o(.text.HAL_TIM_TriggerHalfCpltCallback) referenced 2 times from stm32f4xx_hal_tim.o(.text.HAL_TIM_Encoder_Init)
 <LI><a href="#[64]">HAL_TIM_TriggerHalfCpltCallback</a> from stm32f4xx_hal_tim.o(.text.HAL_TIM_TriggerHalfCpltCallback) referenced 2 times from stm32f4xx_hal_tim.o(.text.HAL_TIM_PWM_Init)
 <LI><a href="#[77]">HAL_UARTEx_RxEventCallback</a> from stm32f4xx_hal_uart.o(.text.HAL_UARTEx_RxEventCallback) referenced 2 times from stm32f4xx_hal_uart.o(.text.HAL_UART_Init)
 <LI><a href="#[74]">HAL_UART_AbortCpltCallback</a> from stm32f4xx_hal_uart.o(.text.HAL_UART_AbortCpltCallback) referenced 2 times from stm32f4xx_hal_uart.o(.text.HAL_UART_Init)
 <LI><a href="#[76]">HAL_UART_AbortReceiveCpltCallback</a> from stm32f4xx_hal_uart.o(.text.HAL_UART_AbortReceiveCpltCallback) referenced 2 times from stm32f4xx_hal_uart.o(.text.HAL_UART_Init)
 <LI><a href="#[75]">HAL_UART_AbortTransmitCpltCallback</a> from stm32f4xx_hal_uart.o(.text.HAL_UART_AbortTransmitCpltCallback) referenced 2 times from stm32f4xx_hal_uart.o(.text.HAL_UART_Init)
 <LI><a href="#[73]">HAL_UART_ErrorCallback</a> from stm32f4xx_hal_uart.o(.text.HAL_UART_ErrorCallback) referenced 2 times from stm32f4xx_hal_uart.o(.text.HAL_UART_Init)
 <LI><a href="#[78]">HAL_UART_MspInit</a> from stm32f4xx_hal_msp.o(.text.HAL_UART_MspInit) referenced 2 times from stm32f4xx_hal_uart.o(.text.HAL_UART_Init)
 <LI><a href="#[72]">HAL_UART_RxCpltCallback</a> from stm32f4xx_hal_uart.o(.text.HAL_UART_RxCpltCallback) referenced 2 times from stm32f4xx_hal_uart.o(.text.HAL_UART_Init)
 <LI><a href="#[71]">HAL_UART_RxHalfCpltCallback</a> from stm32f4xx_hal_uart.o(.text.HAL_UART_RxHalfCpltCallback) referenced 2 times from stm32f4xx_hal_uart.o(.text.HAL_UART_Init)
 <LI><a href="#[6f]">HAL_UART_TxCpltCallback</a> from stm32f4xx_hal_uart.o(.text.HAL_UART_TxCpltCallback) referenced 2 times from stm32f4xx_hal_uart.o(.text.HAL_UART_Init)
 <LI><a href="#[70]">HAL_UART_TxHalfCpltCallback</a> from stm32f4xx_hal_uart.o(.text.HAL_UART_TxHalfCpltCallback) referenced 2 times from stm32f4xx_hal_uart.o(.text.HAL_UART_Init)
 <LI><a href="#[59]">HASH_RNG_IRQHandler</a> from startup_stm32f407xx.o(.text) referenced from startup_stm32f407xx.o(RESET)
 <LI><a href="#[2]">HardFault_Handler</a> from stm32f4xx_it.o(.text.HardFault_Handler) referenced from startup_stm32f407xx.o(RESET)
 <LI><a href="#[2a]">I2C1_ER_IRQHandler</a> from startup_stm32f407xx.o(.text) referenced from startup_stm32f407xx.o(RESET)
 <LI><a href="#[29]">I2C1_EV_IRQHandler</a> from startup_stm32f407xx.o(.text) referenced from startup_stm32f407xx.o(RESET)
 <LI><a href="#[2c]">I2C2_ER_IRQHandler</a> from startup_stm32f407xx.o(.text) referenced from startup_stm32f407xx.o(RESET)
 <LI><a href="#[2b]">I2C2_EV_IRQHandler</a> from startup_stm32f407xx.o(.text) referenced from startup_stm32f407xx.o(RESET)
 <LI><a href="#[53]">I2C3_ER_IRQHandler</a> from startup_stm32f407xx.o(.text) referenced from startup_stm32f407xx.o(RESET)
 <LI><a href="#[52]">I2C3_EV_IRQHandler</a> from startup_stm32f407xx.o(.text) referenced from startup_stm32f407xx.o(RESET)
 <LI><a href="#[c0]">Initialize</a> from phy_dp83848c.o(.text.Initialize) referenced from phy_dp83848c.o(.rodata.Driver_ETH_PHY0)
 <LI><a href="#[3]">MemManage_Handler</a> from stm32f4xx_it.o(.text.MemManage_Handler) referenced from startup_stm32f407xx.o(RESET)
 <LI><a href="#[1]">NMI_Handler</a> from stm32f4xx_it.o(.text.NMI_Handler) referenced from startup_stm32f407xx.o(RESET)
 <LI><a href="#[4d]">OTG_FS_IRQHandler</a> from startup_stm32f407xx.o(.text) referenced from startup_stm32f407xx.o(RESET)
 <LI><a href="#[34]">OTG_FS_WKUP_IRQHandler</a> from startup_stm32f407xx.o(.text) referenced from startup_stm32f407xx.o(RESET)
 <LI><a href="#[55]">OTG_HS_EP1_IN_IRQHandler</a> from startup_stm32f407xx.o(.text) referenced from startup_stm32f407xx.o(RESET)
 <LI><a href="#[54]">OTG_HS_EP1_OUT_IRQHandler</a> from startup_stm32f407xx.o(.text) referenced from startup_stm32f407xx.o(RESET)
 <LI><a href="#[57]">OTG_HS_IRQHandler</a> from startup_stm32f407xx.o(.text) referenced from startup_stm32f407xx.o(RESET)
 <LI><a href="#[56]">OTG_HS_WKUP_IRQHandler</a> from startup_stm32f407xx.o(.text) referenced from startup_stm32f407xx.o(RESET)
 <LI><a href="#[b]">PVD_IRQHandler</a> from startup_stm32f407xx.o(.text) referenced from startup_stm32f407xx.o(RESET)
 <LI><a href="#[8]">PendSV_Handler</a> from irq_armv7m.o(.text) referenced from startup_stm32f407xx.o(RESET)
 <LI><a href="#[c2]">PowerControl</a> from phy_dp83848c.o(.text.PowerControl) referenced from phy_dp83848c.o(.rodata.Driver_ETH_PHY0)
 <LI><a href="#[f]">RCC_IRQHandler</a> from startup_stm32f407xx.o(.text) referenced from startup_stm32f407xx.o(RESET)
 <LI><a href="#[33]">RTC_Alarm_IRQHandler</a> from startup_stm32f407xx.o(.text) referenced from startup_stm32f407xx.o(RESET)
 <LI><a href="#[d]">RTC_WKUP_IRQHandler</a> from startup_stm32f407xx.o(.text) referenced from startup_stm32f407xx.o(RESET)
 <LI><a href="#[0]">Reset_Handler</a> from startup_stm32f407xx.o(.text) referenced from startup_stm32f407xx.o(RESET)
 <LI><a href="#[a0]">RxEventCallback</a> from receiver.o(.text.RxEventCallback) referenced 2 times from receiver.o(.text.receiverIni)
 <LI><a href="#[3b]">SDIO_IRQHandler</a> from startup_stm32f407xx.o(.text) referenced from startup_stm32f407xx.o(RESET)
 <LI><a href="#[2d]">SPI1_IRQHandler</a> from startup_stm32f407xx.o(.text) referenced from startup_stm32f407xx.o(RESET)
 <LI><a href="#[2e]">SPI2_IRQHandler</a> from startup_stm32f407xx.o(.text) referenced from startup_stm32f407xx.o(RESET)
 <LI><a href="#[3d]">SPI3_IRQHandler</a> from startup_stm32f407xx.o(.text) referenced from startup_stm32f407xx.o(RESET)
 <LI><a href="#[6]">SVC_Handler</a> from irq_armv7m.o(.text) referenced from startup_stm32f407xx.o(RESET)
 <LI><a href="#[c3]">SetInterface</a> from phy_dp83848c.o(.text.SetInterface) referenced from phy_dp83848c.o(.rodata.Driver_ETH_PHY0)
 <LI><a href="#[c4]">SetMode</a> from phy_dp83848c.o(.text.SetMode) referenced from phy_dp83848c.o(.rodata.Driver_ETH_PHY0)
 <LI><a href="#[9]">SysTick_Handler</a> from irq_armv7m.o(.text) referenced 2 times from rtx_kernel.o(.text.svcRtxKernelStart)
 <LI><a href="#[9]">SysTick_Handler</a> from irq_armv7m.o(.text) referenced from startup_stm32f407xx.o(RESET)
 <LI><a href="#[5b]">SystemInit</a> from system_stm32f4xx.o(.text.SystemInit) referenced from startup_stm32f407xx.o(.text)
 <LI><a href="#[c]">TAMP_STAMP_IRQHandler</a> from startup_stm32f407xx.o(.text) referenced from startup_stm32f407xx.o(RESET)
 <LI><a href="#[22]">TIM1_BRK_TIM9_IRQHandler</a> from startup_stm32f407xx.o(.text) referenced from startup_stm32f407xx.o(RESET)
 <LI><a href="#[25]">TIM1_CC_IRQHandler</a> from startup_stm32f407xx.o(.text) referenced from startup_stm32f407xx.o(RESET)
 <LI><a href="#[24]">TIM1_TRG_COM_TIM11_IRQHandler</a> from startup_stm32f407xx.o(.text) referenced from startup_stm32f407xx.o(RESET)
 <LI><a href="#[23]">TIM1_UP_TIM10_IRQHandler</a> from startup_stm32f407xx.o(.text) referenced from startup_stm32f407xx.o(RESET)
 <LI><a href="#[26]">TIM2_IRQHandler</a> from startup_stm32f407xx.o(.text) referenced from startup_stm32f407xx.o(RESET)
 <LI><a href="#[27]">TIM3_IRQHandler</a> from stm32f4xx_it.o(.text.TIM3_IRQHandler) referenced from startup_stm32f407xx.o(RESET)
 <LI><a href="#[28]">TIM4_IRQHandler</a> from stm32f4xx_it.o(.text.TIM4_IRQHandler) referenced from startup_stm32f407xx.o(RESET)
 <LI><a href="#[3c]">TIM5_IRQHandler</a> from stm32f4xx_it.o(.text.TIM5_IRQHandler) referenced from startup_stm32f407xx.o(RESET)
 <LI><a href="#[40]">TIM6_DAC_IRQHandler</a> from startup_stm32f407xx.o(.text) referenced from startup_stm32f407xx.o(RESET)
 <LI><a href="#[41]">TIM7_IRQHandler</a> from startup_stm32f407xx.o(.text) referenced from startup_stm32f407xx.o(RESET)
 <LI><a href="#[35]">TIM8_BRK_TIM12_IRQHandler</a> from startup_stm32f407xx.o(.text) referenced from startup_stm32f407xx.o(RESET)
 <LI><a href="#[38]">TIM8_CC_IRQHandler</a> from startup_stm32f407xx.o(.text) referenced from startup_stm32f407xx.o(RESET)
 <LI><a href="#[37]">TIM8_TRG_COM_TIM14_IRQHandler</a> from stm32f4xx_it.o(.text.TIM8_TRG_COM_TIM14_IRQHandler) referenced from startup_stm32f407xx.o(RESET)
 <LI><a href="#[36]">TIM8_UP_TIM13_IRQHandler</a> from startup_stm32f407xx.o(.text) referenced from startup_stm32f407xx.o(RESET)
 <LI><a href="#[3e]">UART4_IRQHandler</a> from startup_stm32f407xx.o(.text) referenced from startup_stm32f407xx.o(RESET)
 <LI><a href="#[3f]">UART5_IRQHandler</a> from startup_stm32f407xx.o(.text) referenced from startup_stm32f407xx.o(RESET)
 <LI><a href="#[6e]">UART_DMAAbortOnError</a> from stm32f4xx_hal_uart.o(.text.UART_DMAAbortOnError) referenced 2 times from stm32f4xx_hal_uart.o(.text.HAL_UART_IRQHandler)
 <LI><a href="#[7b]">UART_DMAError</a> from stm32f4xx_hal_uart.o(.text.UART_DMAError) referenced 2 times from stm32f4xx_hal_uart.o(.text.UART_Start_Receive_DMA)
 <LI><a href="#[79]">UART_DMAReceiveCplt</a> from stm32f4xx_hal_uart.o(.text.UART_DMAReceiveCplt) referenced 2 times from stm32f4xx_hal_uart.o(.text.UART_Start_Receive_DMA)
 <LI><a href="#[7a]">UART_DMARxHalfCplt</a> from stm32f4xx_hal_uart.o(.text.UART_DMARxHalfCplt) referenced 2 times from stm32f4xx_hal_uart.o(.text.UART_Start_Receive_DMA)
 <LI><a href="#[7c]">UDP_cb_func</a> from udp.o(.text.UDP_cb_func) referenced 2 times from udp.o(.text.UDP_Ini)
 <LI><a href="#[2f]">USART1_IRQHandler</a> from stm32f4xx_it.o(.text.USART1_IRQHandler) referenced from startup_stm32f407xx.o(RESET)
 <LI><a href="#[30]">USART2_IRQHandler</a> from startup_stm32f407xx.o(.text) referenced from startup_stm32f407xx.o(RESET)
 <LI><a href="#[31]">USART3_IRQHandler</a> from stm32f4xx_it.o(.text.USART3_IRQHandler) referenced from startup_stm32f407xx.o(RESET)
 <LI><a href="#[51]">USART6_IRQHandler</a> from startup_stm32f407xx.o(.text) referenced from startup_stm32f407xx.o(RESET)
 <LI><a href="#[c1]">Uninitialize</a> from phy_dp83848c.o(.text.Uninitialize) referenced from phy_dp83848c.o(.rodata.Driver_ETH_PHY0)
 <LI><a href="#[5]">UsageFault_Handler</a> from stm32f4xx_it.o(.text.UsageFault_Handler) referenced from startup_stm32f407xx.o(RESET)
 <LI><a href="#[a]">WWDG_IRQHandler</a> from startup_stm32f407xx.o(.text) referenced from startup_stm32f407xx.o(RESET)
 <LI><a href="#[5c]">__main</a> from __main.o(!!!main) referenced from startup_stm32f407xx.o(.text)
 <LI><a href="#[c7]">eth0_callback</a> from net_config.o(.text.eth0_callback) referenced from net_config.o(.rodata.eth0_ll_config)
 <LI><a href="#[7d]">motionProcessTask</a> from motioncontrol.o(.text.motionProcessTask) referenced 2 times from motioncontrol.o(.text.motionIni)
 <LI><a href="#[7e]">motoControlTask</a> from moto.o(.text.motoControlTask) referenced 2 times from moto.o(.text.motoInit)
 <LI><a href="#[7f]">nbns_listener</a> from net_nbns_client.o(.text.nbns_listener) referenced 2 times from net_nbns_client.o(.text.net_nbns_client_init)
 <LI><a href="#[81]">netCore_Thread</a> from net_sys.o(.text.netCore_Thread) referenced 2 times from net_config.o(.text.netos_thread_create)
 <LI><a href="#[80]">netETH_Thread</a> from net_eth.o(.text.netETH_Thread) referenced 2 times from net_config.o(.text.netif_create)
 <LI><a href="#[cd]">net_arp_cache_init</a> from net_arp.o(.text.net_arp_cache_init) referenced from net_config.o(.rodata.sys_fn_init)
 <LI><a href="#[d5]">net_arp_cache_run</a> from net_arp.o(.text.net_arp_cache_run) referenced from net_config.o(.rodata.sys_fn_run)
 <LI><a href="#[cb]">net_eth_iface_init</a> from net_eth.o(.text.net_eth_iface_init) referenced from net_config.o(.rodata.sys_fn_init)
 <LI><a href="#[d3]">net_eth_iface_run</a> from net_eth.o(.text.net_eth_iface_run) referenced from net_config.o(.rodata.sys_fn_run)
 <LI><a href="#[c9]">net_eth_output</a> from net_eth.o(.text.net_eth_output) referenced from net_config.o(.rodata.net_eth0_if_config)
 <LI><a href="#[c8]">net_eth_send_frame</a> from net_eth.o(.text.net_eth_send_frame) referenced from net_config.o(.rodata.net_eth0_if_config)
 <LI><a href="#[ce]">net_ip4_frag_init</a> from net_ip4_frag.o(.text.net_ip4_frag_init) referenced from net_config.o(.rodata.sys_fn_init)
 <LI><a href="#[d6]">net_ip4_frag_run</a> from net_ip4_frag.o(.text.net_ip4_frag_run) referenced from net_config.o(.rodata.sys_fn_run)
 <LI><a href="#[cc]">net_loop_iface_init</a> from net_loopback.o(.text.net_loop_iface_init) referenced from net_config.o(.rodata.sys_fn_init)
 <LI><a href="#[d4]">net_loop_iface_run</a> from net_loopback.o(.text.net_loop_iface_run) referenced from net_config.o(.rodata.sys_fn_run)
 <LI><a href="#[ca]">net_loop_send_frame</a> from net_loopback.o(.text.net_loop_send_frame) referenced from net_loopback.o(.rodata.net_loop_if_config)
 <LI><a href="#[d2]">net_nbns_client_init</a> from net_nbns_client.o(.text.net_nbns_client_init) referenced from net_config.o(.rodata.sys_fn_init)
 <LI><a href="#[d9]">net_nbns_client_run</a> from net_nbns_client.o(.text.net_nbns_client_run) referenced from net_config.o(.rodata.sys_fn_run)
 <LI><a href="#[cf]">net_ping_client_init</a> from net_ping_core.o(.text.net_ping_client_init) referenced from net_config.o(.rodata.sys_fn_init)
 <LI><a href="#[d7]">net_ping_client_run</a> from net_ping_core.o(.text.net_ping_client_run) referenced from net_config.o(.rodata.sys_fn_run)
 <LI><a href="#[82]">net_sys_tick</a> from net_sys.o(.text.net_sys_tick) referenced 2 times from net_config.o(.text.netos_timer_create)
 <LI><a href="#[d1]">net_tcp_socket_init</a> from net_tcp.o(.text.net_tcp_socket_init) referenced from net_config.o(.rodata.sys_fn_init)
 <LI><a href="#[d8]">net_tcp_socket_run</a> from net_tcp.o(.text.net_tcp_socket_run) referenced from net_config.o(.rodata.sys_fn_run)
 <LI><a href="#[d0]">net_udp_socket_init</a> from net_udp.o(.text.net_udp_socket_init) referenced from net_config.o(.rodata.sys_fn_init)
 <LI><a href="#[a2]">osRtxEventFlagsPostProcess</a> from rtx_evflags.o(.text.osRtxEventFlagsPostProcess) referenced 2 times from rtx_evflags.o(.text.svcRtxEventFlagsNew)
 <LI><a href="#[92]">osRtxIdleThread</a> from rtx_config.o(.text.osRtxIdleThread) referenced 2 times from rtx_thread.o(.text.osRtxThreadStartup)
 <LI><a href="#[a3]">osRtxMessageQueuePostProcess</a> from rtx_msgqueue.o(.text.osRtxMessageQueuePostProcess) referenced 2 times from rtx_msgqueue.o(.text.svcRtxMessageQueueNew)
 <LI><a href="#[a4]">osRtxSemaphorePostProcess</a> from rtx_semaphore.o(.text.osRtxSemaphorePostProcess) referenced 2 times from rtx_semaphore.o(.text.svcRtxSemaphoreNew)
 <LI><a href="#[a6]">osRtxThreadPostProcess</a> from rtx_thread.o(.text.osRtxThreadPostProcess) referenced 2 times from rtx_thread.o(.text.svcRtxThreadNew)
 <LI><a href="#[ad]">osRtxTimerSetup</a> from rtx_timer.o(.text.osRtxTimerSetup) referenced from rtx_lib.o(.rodata)
 <LI><a href="#[ac]">osRtxTimerThread</a> from rtx_timer.o(.text.osRtxTimerThread) referenced from rtx_lib.o(.rodata)
 <LI><a href="#[93]">osRtxTimerTick</a> from rtx_timer.o(.text.osRtxTimerTick) referenced 2 times from rtx_timer.o(.text.osRtxTimerSetup)
 <LI><a href="#[a5]">osThreadEntry</a> from rtx_thread.o(.text.osThreadEntry) referenced 2 times from rtx_thread.o(.text.svcRtxThreadNew)
 <LI><a href="#[a9]">receiveCompleteCallBack</a> from uart.o(.text.receiveCompleteCallBack) referenced 2 times from uart.o(.text.uartIni)
 <LI><a href="#[ab]">receiveErrorCallBack</a> from uart.o(.text.receiveErrorCallBack) referenced 2 times from uart.o(.text.uartIni)
 <LI><a href="#[a8]">receiveEventCallBack</a> from uart.o(.text.receiveEventCallBack) referenced 2 times from uart.o(.text.uartIni)
 <LI><a href="#[aa]">receiveHalfCompleteCallBack</a> from uart.o(.text.receiveHalfCompleteCallBack) referenced 2 times from uart.o(.text.uartIni)
 <LI><a href="#[a1]">receiverProcessTask</a> from receiver.o(.text.receiverProcessTask) referenced 2 times from receiver.o(.text.receiverIni)
 <LI><a href="#[83]">svcRtxDelay</a> from rtx_delay.o(.text.svcRtxDelay) referenced 2 times from rtx_delay.o(.text.osDelay)
 <LI><a href="#[84]">svcRtxEventFlagsNew</a> from rtx_evflags.o(.text.svcRtxEventFlagsNew) referenced 2 times from rtx_evflags.o(.text.osEventFlagsNew)
 <LI><a href="#[85]">svcRtxEventFlagsSet</a> from rtx_evflags.o(.text.svcRtxEventFlagsSet) referenced 2 times from rtx_evflags.o(.text.osEventFlagsSet)
 <LI><a href="#[86]">svcRtxEventFlagsWait</a> from rtx_evflags.o(.text.svcRtxEventFlagsWait) referenced 2 times from rtx_evflags.o(.text.osEventFlagsWait)
 <LI><a href="#[87]">svcRtxKernelGetState</a> from rtx_kernel.o(.text.svcRtxKernelGetState) referenced 2 times from rtx_kernel.o(.text.osKernelGetState)
 <LI><a href="#[88]">svcRtxKernelGetTickFreq</a> from rtx_kernel.o(.text.svcRtxKernelGetTickFreq) referenced 2 times from rtx_kernel.o(.text.osKernelGetTickFreq)
 <LI><a href="#[89]">svcRtxKernelInitialize</a> from rtx_kernel.o(.text.svcRtxKernelInitialize) referenced 2 times from rtx_kernel.o(.text.osKernelInitialize)
 <LI><a href="#[8a]">svcRtxKernelStart</a> from rtx_kernel.o(.text.svcRtxKernelStart) referenced 2 times from rtx_kernel.o(.text.osKernelStart)
 <LI><a href="#[8b]">svcRtxMessageQueueGet</a> from rtx_msgqueue.o(.text.svcRtxMessageQueueGet) referenced 2 times from rtx_msgqueue.o(.text.osMessageQueueGet)
 <LI><a href="#[8c]">svcRtxMessageQueueNew</a> from rtx_msgqueue.o(.text.svcRtxMessageQueueNew) referenced 2 times from rtx_msgqueue.o(.text.osMessageQueueNew)
 <LI><a href="#[8d]">svcRtxMessageQueuePut</a> from rtx_msgqueue.o(.text.svcRtxMessageQueuePut) referenced 2 times from rtx_msgqueue.o(.text.osMessageQueuePut)
 <LI><a href="#[8e]">svcRtxMutexAcquire</a> from rtx_mutex.o(.text.svcRtxMutexAcquire) referenced 2 times from rtx_mutex.o(.text.osMutexAcquire)
 <LI><a href="#[8f]">svcRtxMutexDelete</a> from rtx_mutex.o(.text.svcRtxMutexDelete) referenced 2 times from rtx_mutex.o(.text.osMutexDelete)
 <LI><a href="#[90]">svcRtxMutexNew</a> from rtx_mutex.o(.text.svcRtxMutexNew) referenced 2 times from rtx_mutex.o(.text.osMutexNew)
 <LI><a href="#[91]">svcRtxMutexRelease</a> from rtx_mutex.o(.text.svcRtxMutexRelease) referenced 2 times from rtx_mutex.o(.text.osMutexRelease)
 <LI><a href="#[94]">svcRtxSemaphoreAcquire</a> from rtx_semaphore.o(.text.svcRtxSemaphoreAcquire) referenced 2 times from rtx_semaphore.o(.text.osSemaphoreAcquire)
 <LI><a href="#[95]">svcRtxSemaphoreNew</a> from rtx_semaphore.o(.text.svcRtxSemaphoreNew) referenced 2 times from rtx_semaphore.o(.text.osSemaphoreNew)
 <LI><a href="#[96]">svcRtxSemaphoreRelease</a> from rtx_semaphore.o(.text.svcRtxSemaphoreRelease) referenced 2 times from rtx_semaphore.o(.text.osSemaphoreRelease)
 <LI><a href="#[97]">svcRtxThreadExit</a> from rtx_thread.o(.text.svcRtxThreadExit) referenced 2 times from rtx_thread.o(.text.osThreadExit)
 <LI><a href="#[98]">svcRtxThreadFlagsClear</a> from rtx_thread.o(.text.svcRtxThreadFlagsClear) referenced 2 times from rtx_thread.o(.text.osThreadFlagsClear)
 <LI><a href="#[99]">svcRtxThreadFlagsSet</a> from rtx_thread.o(.text.svcRtxThreadFlagsSet) referenced 2 times from rtx_thread.o(.text.osThreadFlagsSet)
 <LI><a href="#[9a]">svcRtxThreadFlagsWait</a> from rtx_thread.o(.text.svcRtxThreadFlagsWait) referenced 2 times from rtx_thread.o(.text.osThreadFlagsWait)
 <LI><a href="#[9b]">svcRtxThreadGetId</a> from rtx_thread.o(.text.svcRtxThreadGetId) referenced 2 times from rtx_thread.o(.text.osThreadGetId)
 <LI><a href="#[9c]">svcRtxThreadNew</a> from rtx_thread.o(.text.svcRtxThreadNew) referenced 2 times from rtx_thread.o(.text.osThreadNew)
 <LI><a href="#[9d]">svcRtxThreadYield</a> from rtx_thread.o(.text.svcRtxThreadYield) referenced 2 times from rtx_thread.o(.text.osThreadYield)
 <LI><a href="#[9e]">svcRtxTimerNew</a> from rtx_timer.o(.text.svcRtxTimerNew) referenced 2 times from rtx_timer.o(.text.osTimerNew)
 <LI><a href="#[9f]">svcRtxTimerStart</a> from rtx_timer.o(.text.svcRtxTimerStart) referenced 2 times from rtx_timer.o(.text.osTimerStart)
 <LI><a href="#[a7]">systemIniTask</a> from system.o(.text.systemIniTask) referenced 2 times from system.o(.text.system)
</UL>
<P>
<H3>
Global Symbols
</H3>
<P><STRONG><a name="[5c]"></a>__main</STRONG> (Thumb, 8 bytes, Stack size 0 bytes, __main.o(!!!main))
<BR><BR>[Calls]<UL><LI><a href="#[df]">&gt;&gt;</a>&nbsp;&nbsp;&nbsp;__rt_entry
<LI><a href="#[de]">&gt;&gt;</a>&nbsp;&nbsp;&nbsp;__scatterload
</UL>
<BR>[Address Reference Count : 1]<UL><LI> startup_stm32f407xx.o(.text)
</UL>
<P><STRONG><a name="[de]"></a>__scatterload</STRONG> (Thumb, 0 bytes, Stack size unknown bytes, __scatter.o(!!!scatter))
<BR><BR>[Called By]<UL><LI><a href="#[5c]">&gt;&gt;</a>&nbsp;&nbsp;&nbsp;__main
</UL>

<P><STRONG><a name="[e0]"></a>__scatterload_rt2</STRONG> (Thumb, 84 bytes, Stack size unknown bytes, __scatter.o(!!!scatter), UNUSED)
<BR><BR>[Calls]<UL><LI><a href="#[df]">&gt;&gt;</a>&nbsp;&nbsp;&nbsp;__rt_entry
</UL>

<P><STRONG><a name="[28c]"></a>__scatterload_rt2_thumb_only</STRONG> (Thumb, 0 bytes, Stack size unknown bytes, __scatter.o(!!!scatter), UNUSED)

<P><STRONG><a name="[28d]"></a>__scatterload_loop</STRONG> (Thumb, 0 bytes, Stack size unknown bytes, __scatter.o(!!!scatter), UNUSED)

<P><STRONG><a name="[28e]"></a>__decompress</STRONG> (Thumb, 58 bytes, Stack size unknown bytes, __dczerorl.o(!!dczerorl), UNUSED)

<P><STRONG><a name="[28f]"></a>__decompress0</STRONG> (Thumb, 0 bytes, Stack size unknown bytes, __dczerorl.o(!!dczerorl), UNUSED)

<P><STRONG><a name="[290]"></a>__scatterload_null</STRONG> (Thumb, 2 bytes, Stack size unknown bytes, __scatter.o(!!handler_null), UNUSED)

<P><STRONG><a name="[291]"></a>__scatterload_zeroinit</STRONG> (Thumb, 28 bytes, Stack size unknown bytes, __scatter_zi.o(!!handler_zi), UNUSED)

<P><STRONG><a name="[e8]"></a>__rt_lib_init</STRONG> (Thumb, 0 bytes, Stack size unknown bytes, libinit.o(.ARM.Collect$$libinit$$00000000))
<BR><BR>[Called By]<UL><LI><a href="#[e7]">&gt;&gt;</a>&nbsp;&nbsp;&nbsp;__rt_entry_li
</UL>

<P><STRONG><a name="[e1]"></a>__rt_lib_init_fp_1</STRONG> (Thumb, 0 bytes, Stack size unknown bytes, libinit2.o(.ARM.Collect$$libinit$$00000001))
<BR><BR>[Stack]<UL><LI>Max Depth = 8 + Unknown Stack Size
<LI>Call Chain = __rt_lib_init_fp_1 &rArr; _fp_init
</UL>
<BR>[Calls]<UL><LI><a href="#[e2]">&gt;&gt;</a>&nbsp;&nbsp;&nbsp;_fp_init
</UL>

<P><STRONG><a name="[292]"></a>__rt_lib_init_alloca_1</STRONG> (Thumb, 0 bytes, Stack size unknown bytes, libinit2.o(.ARM.Collect$$libinit$$00000030))

<P><STRONG><a name="[293]"></a>__rt_lib_init_argv_1</STRONG> (Thumb, 0 bytes, Stack size unknown bytes, libinit2.o(.ARM.Collect$$libinit$$0000002E))

<P><STRONG><a name="[294]"></a>__rt_lib_init_atexit_1</STRONG> (Thumb, 0 bytes, Stack size unknown bytes, libinit2.o(.ARM.Collect$$libinit$$0000001D))

<P><STRONG><a name="[295]"></a>__rt_lib_init_clock_1</STRONG> (Thumb, 0 bytes, Stack size unknown bytes, libinit2.o(.ARM.Collect$$libinit$$00000023))

<P><STRONG><a name="[296]"></a>__rt_lib_init_cpp_1</STRONG> (Thumb, 0 bytes, Stack size unknown bytes, libinit2.o(.ARM.Collect$$libinit$$00000034))

<P><STRONG><a name="[297]"></a>__rt_lib_init_exceptions_1</STRONG> (Thumb, 0 bytes, Stack size unknown bytes, libinit2.o(.ARM.Collect$$libinit$$00000032))

<P><STRONG><a name="[298]"></a>__rt_lib_init_fp_trap_1</STRONG> (Thumb, 0 bytes, Stack size unknown bytes, libinit2.o(.ARM.Collect$$libinit$$00000021))

<P><STRONG><a name="[299]"></a>__rt_lib_init_getenv_1</STRONG> (Thumb, 0 bytes, Stack size unknown bytes, libinit2.o(.ARM.Collect$$libinit$$00000025))

<P><STRONG><a name="[29a]"></a>__rt_lib_init_heap_1</STRONG> (Thumb, 0 bytes, Stack size unknown bytes, libinit2.o(.ARM.Collect$$libinit$$0000000C))

<P><STRONG><a name="[29b]"></a>__rt_lib_init_lc_collate_1</STRONG> (Thumb, 0 bytes, Stack size unknown bytes, libinit2.o(.ARM.Collect$$libinit$$00000013))

<P><STRONG><a name="[29c]"></a>__rt_lib_init_lc_ctype_1</STRONG> (Thumb, 0 bytes, Stack size unknown bytes, libinit2.o(.ARM.Collect$$libinit$$00000015))

<P><STRONG><a name="[29d]"></a>__rt_lib_init_lc_monetary_1</STRONG> (Thumb, 0 bytes, Stack size unknown bytes, libinit2.o(.ARM.Collect$$libinit$$00000017))

<P><STRONG><a name="[29e]"></a>__rt_lib_init_lc_numeric_1</STRONG> (Thumb, 0 bytes, Stack size unknown bytes, libinit2.o(.ARM.Collect$$libinit$$00000019))

<P><STRONG><a name="[29f]"></a>__rt_lib_init_lc_time_1</STRONG> (Thumb, 0 bytes, Stack size unknown bytes, libinit2.o(.ARM.Collect$$libinit$$0000001B))

<P><STRONG><a name="[2a0]"></a>__rt_lib_init_preinit_1</STRONG> (Thumb, 0 bytes, Stack size unknown bytes, libinit2.o(.ARM.Collect$$libinit$$00000006))

<P><STRONG><a name="[2a1]"></a>__rt_lib_init_rand_1</STRONG> (Thumb, 0 bytes, Stack size unknown bytes, libinit2.o(.ARM.Collect$$libinit$$00000010))

<P><STRONG><a name="[2a2]"></a>__rt_lib_init_relocate_pie_1</STRONG> (Thumb, 0 bytes, Stack size unknown bytes, libinit2.o(.ARM.Collect$$libinit$$00000004))

<P><STRONG><a name="[2a3]"></a>__rt_lib_init_return</STRONG> (Thumb, 0 bytes, Stack size unknown bytes, libinit2.o(.ARM.Collect$$libinit$$00000035))

<P><STRONG><a name="[2a4]"></a>__rt_lib_init_signal_1</STRONG> (Thumb, 0 bytes, Stack size unknown bytes, libinit2.o(.ARM.Collect$$libinit$$0000001F))

<P><STRONG><a name="[2a5]"></a>__rt_lib_init_stdio_1</STRONG> (Thumb, 0 bytes, Stack size unknown bytes, libinit2.o(.ARM.Collect$$libinit$$00000027))

<P><STRONG><a name="[2a6]"></a>__rt_lib_init_user_alloc_1</STRONG> (Thumb, 0 bytes, Stack size unknown bytes, libinit2.o(.ARM.Collect$$libinit$$0000000E))

<P><STRONG><a name="[ed]"></a>__rt_lib_shutdown</STRONG> (Thumb, 0 bytes, Stack size unknown bytes, libshutdown.o(.ARM.Collect$$libshutdown$$00000000))
<BR><BR>[Called By]<UL><LI><a href="#[ec]">&gt;&gt;</a>&nbsp;&nbsp;&nbsp;__rt_exit_ls
</UL>

<P><STRONG><a name="[2a7]"></a>__rt_lib_shutdown_cpp_1</STRONG> (Thumb, 0 bytes, Stack size unknown bytes, libshutdown2.o(.ARM.Collect$$libshutdown$$00000002))

<P><STRONG><a name="[2a8]"></a>__rt_lib_shutdown_fp_trap_1</STRONG> (Thumb, 0 bytes, Stack size unknown bytes, libshutdown2.o(.ARM.Collect$$libshutdown$$00000007))

<P><STRONG><a name="[2a9]"></a>__rt_lib_shutdown_heap_1</STRONG> (Thumb, 0 bytes, Stack size unknown bytes, libshutdown2.o(.ARM.Collect$$libshutdown$$0000000F))

<P><STRONG><a name="[2aa]"></a>__rt_lib_shutdown_return</STRONG> (Thumb, 0 bytes, Stack size unknown bytes, libshutdown2.o(.ARM.Collect$$libshutdown$$00000010))

<P><STRONG><a name="[2ab]"></a>__rt_lib_shutdown_signal_1</STRONG> (Thumb, 0 bytes, Stack size unknown bytes, libshutdown2.o(.ARM.Collect$$libshutdown$$0000000A))

<P><STRONG><a name="[2ac]"></a>__rt_lib_shutdown_stdio_1</STRONG> (Thumb, 0 bytes, Stack size unknown bytes, libshutdown2.o(.ARM.Collect$$libshutdown$$00000004))

<P><STRONG><a name="[2ad]"></a>__rt_lib_shutdown_user_alloc_1</STRONG> (Thumb, 0 bytes, Stack size unknown bytes, libshutdown2.o(.ARM.Collect$$libshutdown$$0000000C))

<P><STRONG><a name="[df]"></a>__rt_entry</STRONG> (Thumb, 0 bytes, Stack size unknown bytes, __rtentry.o(.ARM.Collect$$rtentry$$00000000))
<BR><BR>[Called By]<UL><LI><a href="#[5c]">&gt;&gt;</a>&nbsp;&nbsp;&nbsp;__main
<LI><a href="#[e0]">&gt;&gt;</a>&nbsp;&nbsp;&nbsp;__scatterload_rt2
</UL>

<P><STRONG><a name="[2ae]"></a>__rt_entry_presh_1</STRONG> (Thumb, 0 bytes, Stack size unknown bytes, __rtentry2.o(.ARM.Collect$$rtentry$$00000002))

<P><STRONG><a name="[e3]"></a>__rt_entry_sh</STRONG> (Thumb, 0 bytes, Stack size unknown bytes, __rtentry4.o(.ARM.Collect$$rtentry$$00000004))
<BR><BR>[Stack]<UL><LI>Max Depth = 8 + Unknown Stack Size
<LI>Call Chain = __rt_entry_sh &rArr; __user_setup_stackheap
</UL>
<BR>[Calls]<UL><LI><a href="#[e4]">&gt;&gt;</a>&nbsp;&nbsp;&nbsp;__user_setup_stackheap
</UL>

<P><STRONG><a name="[e5]"></a>__rt_entry_postsh_1</STRONG> (Thumb, 0 bytes, Stack size unknown bytes, __rtentry2.o(.ARM.Collect$$rtentry$$00000008))
<BR><BR>[Stack]<UL><LI>Max Depth = 60 + Unknown Stack Size
<LI>Call Chain = __rt_entry_postsh_1 &rArr; _platform_post_stackheap_init &rArr; osKernelInitialize &rArr; EvrRtxKernelInitialize &rArr; EventRecord2 &rArr; EventRecordItem
</UL>
<BR>[Calls]<UL><LI><a href="#[e6]">&gt;&gt;</a>&nbsp;&nbsp;&nbsp;_platform_post_stackheap_init
</UL>

<P><STRONG><a name="[e7]"></a>__rt_entry_li</STRONG> (Thumb, 0 bytes, Stack size unknown bytes, __rtentry2.o(.ARM.Collect$$rtentry$$0000000A))
<BR><BR>[Calls]<UL><LI><a href="#[e8]">&gt;&gt;</a>&nbsp;&nbsp;&nbsp;__rt_lib_init
</UL>

<P><STRONG><a name="[e9]"></a>__rt_entry_main</STRONG> (Thumb, 0 bytes, Stack size unknown bytes, __rtentry2.o(.ARM.Collect$$rtentry$$0000000D))
<BR><BR>[Stack]<UL><LI>Max Depth = 248 + Unknown Stack Size
<LI>Call Chain = __rt_entry_main &rArr; main &rArr; SystemClock_Config &rArr; HAL_RCC_ClockConfig &rArr; HAL_InitTick &rArr; HAL_TIM_Base_Init &rArr; TIM_Base_SetConfig
</UL>
<BR>[Calls]<UL><LI><a href="#[ea]">&gt;&gt;</a>&nbsp;&nbsp;&nbsp;main
<LI><a href="#[eb]">&gt;&gt;</a>&nbsp;&nbsp;&nbsp;exit
</UL>

<P><STRONG><a name="[2af]"></a>__rt_entry_postli_1</STRONG> (Thumb, 0 bytes, Stack size unknown bytes, __rtentry2.o(.ARM.Collect$$rtentry$$0000000C))

<P><STRONG><a name="[ff]"></a>__rt_exit</STRONG> (Thumb, 0 bytes, Stack size unknown bytes, rtexit.o(.ARM.Collect$$rtexit$$00000000))
<BR><BR>[Called By]<UL><LI><a href="#[eb]">&gt;&gt;</a>&nbsp;&nbsp;&nbsp;exit
</UL>

<P><STRONG><a name="[ec]"></a>__rt_exit_ls</STRONG> (Thumb, 0 bytes, Stack size unknown bytes, rtexit2.o(.ARM.Collect$$rtexit$$00000003))
<BR><BR>[Calls]<UL><LI><a href="#[ed]">&gt;&gt;</a>&nbsp;&nbsp;&nbsp;__rt_lib_shutdown
</UL>

<P><STRONG><a name="[2b0]"></a>__rt_exit_prels_1</STRONG> (Thumb, 0 bytes, Stack size unknown bytes, rtexit2.o(.ARM.Collect$$rtexit$$00000002))

<P><STRONG><a name="[ee]"></a>__rt_exit_exit</STRONG> (Thumb, 0 bytes, Stack size unknown bytes, rtexit2.o(.ARM.Collect$$rtexit$$00000004))
<BR><BR>[Calls]<UL><LI><a href="#[ef]">&gt;&gt;</a>&nbsp;&nbsp;&nbsp;_sys_exit
</UL>

<P><STRONG><a name="[0]"></a>Reset_Handler</STRONG> (Thumb, 8 bytes, Stack size 0 bytes, startup_stm32f407xx.o(.text))
<BR>[Address Reference Count : 1]<UL><LI> startup_stm32f407xx.o(RESET)
</UL>
<P><STRONG><a name="[1c]"></a>ADC_IRQHandler</STRONG> (Thumb, 0 bytes, Stack size 0 bytes, startup_stm32f407xx.o(.text))
<BR><BR>[Calls]<UL><LI><a href="#[1c]">&gt;&gt;</a>&nbsp;&nbsp;&nbsp;ADC_IRQHandler
</UL>
<BR>[Called By]<UL><LI><a href="#[1c]">&gt;&gt;</a>&nbsp;&nbsp;&nbsp;ADC_IRQHandler
</UL>
<BR>[Address Reference Count : 1]<UL><LI> startup_stm32f407xx.o(RESET)
</UL>
<P><STRONG><a name="[1e]"></a>CAN1_RX0_IRQHandler</STRONG> (Thumb, 0 bytes, Stack size 0 bytes, startup_stm32f407xx.o(.text))
<BR>[Address Reference Count : 1]<UL><LI> startup_stm32f407xx.o(RESET)
</UL>
<P><STRONG><a name="[1f]"></a>CAN1_RX1_IRQHandler</STRONG> (Thumb, 0 bytes, Stack size 0 bytes, startup_stm32f407xx.o(.text))
<BR>[Address Reference Count : 1]<UL><LI> startup_stm32f407xx.o(RESET)
</UL>
<P><STRONG><a name="[20]"></a>CAN1_SCE_IRQHandler</STRONG> (Thumb, 0 bytes, Stack size 0 bytes, startup_stm32f407xx.o(.text))
<BR>[Address Reference Count : 1]<UL><LI> startup_stm32f407xx.o(RESET)
</UL>
<P><STRONG><a name="[1d]"></a>CAN1_TX_IRQHandler</STRONG> (Thumb, 0 bytes, Stack size 0 bytes, startup_stm32f407xx.o(.text))
<BR>[Address Reference Count : 1]<UL><LI> startup_stm32f407xx.o(RESET)
</UL>
<P><STRONG><a name="[4a]"></a>CAN2_RX0_IRQHandler</STRONG> (Thumb, 0 bytes, Stack size 0 bytes, startup_stm32f407xx.o(.text))
<BR>[Address Reference Count : 1]<UL><LI> startup_stm32f407xx.o(RESET)
</UL>
<P><STRONG><a name="[4b]"></a>CAN2_RX1_IRQHandler</STRONG> (Thumb, 0 bytes, Stack size 0 bytes, startup_stm32f407xx.o(.text))
<BR>[Address Reference Count : 1]<UL><LI> startup_stm32f407xx.o(RESET)
</UL>
<P><STRONG><a name="[4c]"></a>CAN2_SCE_IRQHandler</STRONG> (Thumb, 0 bytes, Stack size 0 bytes, startup_stm32f407xx.o(.text))
<BR>[Address Reference Count : 1]<UL><LI> startup_stm32f407xx.o(RESET)
</UL>
<P><STRONG><a name="[49]"></a>CAN2_TX_IRQHandler</STRONG> (Thumb, 0 bytes, Stack size 0 bytes, startup_stm32f407xx.o(.text))
<BR>[Address Reference Count : 1]<UL><LI> startup_stm32f407xx.o(RESET)
</UL>
<P><STRONG><a name="[58]"></a>DCMI_IRQHandler</STRONG> (Thumb, 0 bytes, Stack size 0 bytes, startup_stm32f407xx.o(.text))
<BR>[Address Reference Count : 1]<UL><LI> startup_stm32f407xx.o(RESET)
</UL>
<P><STRONG><a name="[15]"></a>DMA1_Stream0_IRQHandler</STRONG> (Thumb, 0 bytes, Stack size 0 bytes, startup_stm32f407xx.o(.text))
<BR>[Address Reference Count : 1]<UL><LI> startup_stm32f407xx.o(RESET)
</UL>
<P><STRONG><a name="[17]"></a>DMA1_Stream2_IRQHandler</STRONG> (Thumb, 0 bytes, Stack size 0 bytes, startup_stm32f407xx.o(.text))
<BR>[Address Reference Count : 1]<UL><LI> startup_stm32f407xx.o(RESET)
</UL>
<P><STRONG><a name="[18]"></a>DMA1_Stream3_IRQHandler</STRONG> (Thumb, 0 bytes, Stack size 0 bytes, startup_stm32f407xx.o(.text))
<BR>[Address Reference Count : 1]<UL><LI> startup_stm32f407xx.o(RESET)
</UL>
<P><STRONG><a name="[19]"></a>DMA1_Stream4_IRQHandler</STRONG> (Thumb, 0 bytes, Stack size 0 bytes, startup_stm32f407xx.o(.text))
<BR>[Address Reference Count : 1]<UL><LI> startup_stm32f407xx.o(RESET)
</UL>
<P><STRONG><a name="[1a]"></a>DMA1_Stream5_IRQHandler</STRONG> (Thumb, 0 bytes, Stack size 0 bytes, startup_stm32f407xx.o(.text))
<BR>[Address Reference Count : 1]<UL><LI> startup_stm32f407xx.o(RESET)
</UL>
<P><STRONG><a name="[1b]"></a>DMA1_Stream6_IRQHandler</STRONG> (Thumb, 0 bytes, Stack size 0 bytes, startup_stm32f407xx.o(.text))
<BR>[Address Reference Count : 1]<UL><LI> startup_stm32f407xx.o(RESET)
</UL>
<P><STRONG><a name="[39]"></a>DMA1_Stream7_IRQHandler</STRONG> (Thumb, 0 bytes, Stack size 0 bytes, startup_stm32f407xx.o(.text))
<BR>[Address Reference Count : 1]<UL><LI> startup_stm32f407xx.o(RESET)
</UL>
<P><STRONG><a name="[42]"></a>DMA2_Stream0_IRQHandler</STRONG> (Thumb, 0 bytes, Stack size 0 bytes, startup_stm32f407xx.o(.text))
<BR>[Address Reference Count : 1]<UL><LI> startup_stm32f407xx.o(RESET)
</UL>
<P><STRONG><a name="[43]"></a>DMA2_Stream1_IRQHandler</STRONG> (Thumb, 0 bytes, Stack size 0 bytes, startup_stm32f407xx.o(.text))
<BR>[Address Reference Count : 1]<UL><LI> startup_stm32f407xx.o(RESET)
</UL>
<P><STRONG><a name="[44]"></a>DMA2_Stream2_IRQHandler</STRONG> (Thumb, 0 bytes, Stack size 0 bytes, startup_stm32f407xx.o(.text))
<BR>[Address Reference Count : 1]<UL><LI> startup_stm32f407xx.o(RESET)
</UL>
<P><STRONG><a name="[45]"></a>DMA2_Stream3_IRQHandler</STRONG> (Thumb, 0 bytes, Stack size 0 bytes, startup_stm32f407xx.o(.text))
<BR>[Address Reference Count : 1]<UL><LI> startup_stm32f407xx.o(RESET)
</UL>
<P><STRONG><a name="[46]"></a>DMA2_Stream4_IRQHandler</STRONG> (Thumb, 0 bytes, Stack size 0 bytes, startup_stm32f407xx.o(.text))
<BR>[Address Reference Count : 1]<UL><LI> startup_stm32f407xx.o(RESET)
</UL>
<P><STRONG><a name="[4e]"></a>DMA2_Stream5_IRQHandler</STRONG> (Thumb, 0 bytes, Stack size 0 bytes, startup_stm32f407xx.o(.text))
<BR>[Address Reference Count : 1]<UL><LI> startup_stm32f407xx.o(RESET)
</UL>
<P><STRONG><a name="[4f]"></a>DMA2_Stream6_IRQHandler</STRONG> (Thumb, 0 bytes, Stack size 0 bytes, startup_stm32f407xx.o(.text))
<BR>[Address Reference Count : 1]<UL><LI> startup_stm32f407xx.o(RESET)
</UL>
<P><STRONG><a name="[10]"></a>EXTI0_IRQHandler</STRONG> (Thumb, 0 bytes, Stack size 0 bytes, startup_stm32f407xx.o(.text))
<BR>[Address Reference Count : 1]<UL><LI> startup_stm32f407xx.o(RESET)
</UL>
<P><STRONG><a name="[32]"></a>EXTI15_10_IRQHandler</STRONG> (Thumb, 0 bytes, Stack size 0 bytes, startup_stm32f407xx.o(.text))
<BR>[Address Reference Count : 1]<UL><LI> startup_stm32f407xx.o(RESET)
</UL>
<P><STRONG><a name="[11]"></a>EXTI1_IRQHandler</STRONG> (Thumb, 0 bytes, Stack size 0 bytes, startup_stm32f407xx.o(.text))
<BR>[Address Reference Count : 1]<UL><LI> startup_stm32f407xx.o(RESET)
</UL>
<P><STRONG><a name="[12]"></a>EXTI2_IRQHandler</STRONG> (Thumb, 0 bytes, Stack size 0 bytes, startup_stm32f407xx.o(.text))
<BR>[Address Reference Count : 1]<UL><LI> startup_stm32f407xx.o(RESET)
</UL>
<P><STRONG><a name="[13]"></a>EXTI3_IRQHandler</STRONG> (Thumb, 0 bytes, Stack size 0 bytes, startup_stm32f407xx.o(.text))
<BR>[Address Reference Count : 1]<UL><LI> startup_stm32f407xx.o(RESET)
</UL>
<P><STRONG><a name="[14]"></a>EXTI4_IRQHandler</STRONG> (Thumb, 0 bytes, Stack size 0 bytes, startup_stm32f407xx.o(.text))
<BR>[Address Reference Count : 1]<UL><LI> startup_stm32f407xx.o(RESET)
</UL>
<P><STRONG><a name="[21]"></a>EXTI9_5_IRQHandler</STRONG> (Thumb, 0 bytes, Stack size 0 bytes, startup_stm32f407xx.o(.text))
<BR>[Address Reference Count : 1]<UL><LI> startup_stm32f407xx.o(RESET)
</UL>
<P><STRONG><a name="[e]"></a>FLASH_IRQHandler</STRONG> (Thumb, 0 bytes, Stack size 0 bytes, startup_stm32f407xx.o(.text))
<BR>[Address Reference Count : 1]<UL><LI> startup_stm32f407xx.o(RESET)
</UL>
<P><STRONG><a name="[3a]"></a>FMC_IRQHandler</STRONG> (Thumb, 0 bytes, Stack size 0 bytes, startup_stm32f407xx.o(.text))
<BR>[Address Reference Count : 1]<UL><LI> startup_stm32f407xx.o(RESET)
</UL>
<P><STRONG><a name="[5a]"></a>FPU_IRQHandler</STRONG> (Thumb, 0 bytes, Stack size 0 bytes, startup_stm32f407xx.o(.text))
<BR>[Address Reference Count : 1]<UL><LI> startup_stm32f407xx.o(RESET)
</UL>
<P><STRONG><a name="[59]"></a>HASH_RNG_IRQHandler</STRONG> (Thumb, 0 bytes, Stack size 0 bytes, startup_stm32f407xx.o(.text))
<BR>[Address Reference Count : 1]<UL><LI> startup_stm32f407xx.o(RESET)
</UL>
<P><STRONG><a name="[2a]"></a>I2C1_ER_IRQHandler</STRONG> (Thumb, 0 bytes, Stack size 0 bytes, startup_stm32f407xx.o(.text))
<BR>[Address Reference Count : 1]<UL><LI> startup_stm32f407xx.o(RESET)
</UL>
<P><STRONG><a name="[29]"></a>I2C1_EV_IRQHandler</STRONG> (Thumb, 0 bytes, Stack size 0 bytes, startup_stm32f407xx.o(.text))
<BR>[Address Reference Count : 1]<UL><LI> startup_stm32f407xx.o(RESET)
</UL>
<P><STRONG><a name="[2c]"></a>I2C2_ER_IRQHandler</STRONG> (Thumb, 0 bytes, Stack size 0 bytes, startup_stm32f407xx.o(.text))
<BR>[Address Reference Count : 1]<UL><LI> startup_stm32f407xx.o(RESET)
</UL>
<P><STRONG><a name="[2b]"></a>I2C2_EV_IRQHandler</STRONG> (Thumb, 0 bytes, Stack size 0 bytes, startup_stm32f407xx.o(.text))
<BR>[Address Reference Count : 1]<UL><LI> startup_stm32f407xx.o(RESET)
</UL>
<P><STRONG><a name="[53]"></a>I2C3_ER_IRQHandler</STRONG> (Thumb, 0 bytes, Stack size 0 bytes, startup_stm32f407xx.o(.text))
<BR>[Address Reference Count : 1]<UL><LI> startup_stm32f407xx.o(RESET)
</UL>
<P><STRONG><a name="[52]"></a>I2C3_EV_IRQHandler</STRONG> (Thumb, 0 bytes, Stack size 0 bytes, startup_stm32f407xx.o(.text))
<BR>[Address Reference Count : 1]<UL><LI> startup_stm32f407xx.o(RESET)
</UL>
<P><STRONG><a name="[4d]"></a>OTG_FS_IRQHandler</STRONG> (Thumb, 0 bytes, Stack size 0 bytes, startup_stm32f407xx.o(.text))
<BR>[Address Reference Count : 1]<UL><LI> startup_stm32f407xx.o(RESET)
</UL>
<P><STRONG><a name="[34]"></a>OTG_FS_WKUP_IRQHandler</STRONG> (Thumb, 0 bytes, Stack size 0 bytes, startup_stm32f407xx.o(.text))
<BR>[Address Reference Count : 1]<UL><LI> startup_stm32f407xx.o(RESET)
</UL>
<P><STRONG><a name="[55]"></a>OTG_HS_EP1_IN_IRQHandler</STRONG> (Thumb, 0 bytes, Stack size 0 bytes, startup_stm32f407xx.o(.text))
<BR>[Address Reference Count : 1]<UL><LI> startup_stm32f407xx.o(RESET)
</UL>
<P><STRONG><a name="[54]"></a>OTG_HS_EP1_OUT_IRQHandler</STRONG> (Thumb, 0 bytes, Stack size 0 bytes, startup_stm32f407xx.o(.text))
<BR>[Address Reference Count : 1]<UL><LI> startup_stm32f407xx.o(RESET)
</UL>
<P><STRONG><a name="[57]"></a>OTG_HS_IRQHandler</STRONG> (Thumb, 0 bytes, Stack size 0 bytes, startup_stm32f407xx.o(.text))
<BR>[Address Reference Count : 1]<UL><LI> startup_stm32f407xx.o(RESET)
</UL>
<P><STRONG><a name="[56]"></a>OTG_HS_WKUP_IRQHandler</STRONG> (Thumb, 0 bytes, Stack size 0 bytes, startup_stm32f407xx.o(.text))
<BR>[Address Reference Count : 1]<UL><LI> startup_stm32f407xx.o(RESET)
</UL>
<P><STRONG><a name="[b]"></a>PVD_IRQHandler</STRONG> (Thumb, 0 bytes, Stack size 0 bytes, startup_stm32f407xx.o(.text))
<BR>[Address Reference Count : 1]<UL><LI> startup_stm32f407xx.o(RESET)
</UL>
<P><STRONG><a name="[f]"></a>RCC_IRQHandler</STRONG> (Thumb, 0 bytes, Stack size 0 bytes, startup_stm32f407xx.o(.text))
<BR>[Address Reference Count : 1]<UL><LI> startup_stm32f407xx.o(RESET)
</UL>
<P><STRONG><a name="[33]"></a>RTC_Alarm_IRQHandler</STRONG> (Thumb, 0 bytes, Stack size 0 bytes, startup_stm32f407xx.o(.text))
<BR>[Address Reference Count : 1]<UL><LI> startup_stm32f407xx.o(RESET)
</UL>
<P><STRONG><a name="[d]"></a>RTC_WKUP_IRQHandler</STRONG> (Thumb, 0 bytes, Stack size 0 bytes, startup_stm32f407xx.o(.text))
<BR>[Address Reference Count : 1]<UL><LI> startup_stm32f407xx.o(RESET)
</UL>
<P><STRONG><a name="[3b]"></a>SDIO_IRQHandler</STRONG> (Thumb, 0 bytes, Stack size 0 bytes, startup_stm32f407xx.o(.text))
<BR>[Address Reference Count : 1]<UL><LI> startup_stm32f407xx.o(RESET)
</UL>
<P><STRONG><a name="[2d]"></a>SPI1_IRQHandler</STRONG> (Thumb, 0 bytes, Stack size 0 bytes, startup_stm32f407xx.o(.text))
<BR>[Address Reference Count : 1]<UL><LI> startup_stm32f407xx.o(RESET)
</UL>
<P><STRONG><a name="[2e]"></a>SPI2_IRQHandler</STRONG> (Thumb, 0 bytes, Stack size 0 bytes, startup_stm32f407xx.o(.text))
<BR>[Address Reference Count : 1]<UL><LI> startup_stm32f407xx.o(RESET)
</UL>
<P><STRONG><a name="[3d]"></a>SPI3_IRQHandler</STRONG> (Thumb, 0 bytes, Stack size 0 bytes, startup_stm32f407xx.o(.text))
<BR>[Address Reference Count : 1]<UL><LI> startup_stm32f407xx.o(RESET)
</UL>
<P><STRONG><a name="[c]"></a>TAMP_STAMP_IRQHandler</STRONG> (Thumb, 0 bytes, Stack size 0 bytes, startup_stm32f407xx.o(.text))
<BR>[Address Reference Count : 1]<UL><LI> startup_stm32f407xx.o(RESET)
</UL>
<P><STRONG><a name="[22]"></a>TIM1_BRK_TIM9_IRQHandler</STRONG> (Thumb, 0 bytes, Stack size 0 bytes, startup_stm32f407xx.o(.text))
<BR>[Address Reference Count : 1]<UL><LI> startup_stm32f407xx.o(RESET)
</UL>
<P><STRONG><a name="[25]"></a>TIM1_CC_IRQHandler</STRONG> (Thumb, 0 bytes, Stack size 0 bytes, startup_stm32f407xx.o(.text))
<BR>[Address Reference Count : 1]<UL><LI> startup_stm32f407xx.o(RESET)
</UL>
<P><STRONG><a name="[24]"></a>TIM1_TRG_COM_TIM11_IRQHandler</STRONG> (Thumb, 0 bytes, Stack size 0 bytes, startup_stm32f407xx.o(.text))
<BR>[Address Reference Count : 1]<UL><LI> startup_stm32f407xx.o(RESET)
</UL>
<P><STRONG><a name="[23]"></a>TIM1_UP_TIM10_IRQHandler</STRONG> (Thumb, 0 bytes, Stack size 0 bytes, startup_stm32f407xx.o(.text))
<BR>[Address Reference Count : 1]<UL><LI> startup_stm32f407xx.o(RESET)
</UL>
<P><STRONG><a name="[26]"></a>TIM2_IRQHandler</STRONG> (Thumb, 0 bytes, Stack size 0 bytes, startup_stm32f407xx.o(.text))
<BR>[Address Reference Count : 1]<UL><LI> startup_stm32f407xx.o(RESET)
</UL>
<P><STRONG><a name="[40]"></a>TIM6_DAC_IRQHandler</STRONG> (Thumb, 0 bytes, Stack size 0 bytes, startup_stm32f407xx.o(.text))
<BR>[Address Reference Count : 1]<UL><LI> startup_stm32f407xx.o(RESET)
</UL>
<P><STRONG><a name="[41]"></a>TIM7_IRQHandler</STRONG> (Thumb, 0 bytes, Stack size 0 bytes, startup_stm32f407xx.o(.text))
<BR>[Address Reference Count : 1]<UL><LI> startup_stm32f407xx.o(RESET)
</UL>
<P><STRONG><a name="[35]"></a>TIM8_BRK_TIM12_IRQHandler</STRONG> (Thumb, 0 bytes, Stack size 0 bytes, startup_stm32f407xx.o(.text))
<BR>[Address Reference Count : 1]<UL><LI> startup_stm32f407xx.o(RESET)
</UL>
<P><STRONG><a name="[38]"></a>TIM8_CC_IRQHandler</STRONG> (Thumb, 0 bytes, Stack size 0 bytes, startup_stm32f407xx.o(.text))
<BR>[Address Reference Count : 1]<UL><LI> startup_stm32f407xx.o(RESET)
</UL>
<P><STRONG><a name="[36]"></a>TIM8_UP_TIM13_IRQHandler</STRONG> (Thumb, 0 bytes, Stack size 0 bytes, startup_stm32f407xx.o(.text))
<BR>[Address Reference Count : 1]<UL><LI> startup_stm32f407xx.o(RESET)
</UL>
<P><STRONG><a name="[3e]"></a>UART4_IRQHandler</STRONG> (Thumb, 0 bytes, Stack size 0 bytes, startup_stm32f407xx.o(.text))
<BR>[Address Reference Count : 1]<UL><LI> startup_stm32f407xx.o(RESET)
</UL>
<P><STRONG><a name="[3f]"></a>UART5_IRQHandler</STRONG> (Thumb, 0 bytes, Stack size 0 bytes, startup_stm32f407xx.o(.text))
<BR>[Address Reference Count : 1]<UL><LI> startup_stm32f407xx.o(RESET)
</UL>
<P><STRONG><a name="[30]"></a>USART2_IRQHandler</STRONG> (Thumb, 0 bytes, Stack size 0 bytes, startup_stm32f407xx.o(.text))
<BR>[Address Reference Count : 1]<UL><LI> startup_stm32f407xx.o(RESET)
</UL>
<P><STRONG><a name="[51]"></a>USART6_IRQHandler</STRONG> (Thumb, 0 bytes, Stack size 0 bytes, startup_stm32f407xx.o(.text))
<BR>[Address Reference Count : 1]<UL><LI> startup_stm32f407xx.o(RESET)
</UL>
<P><STRONG><a name="[a]"></a>WWDG_IRQHandler</STRONG> (Thumb, 0 bytes, Stack size 0 bytes, startup_stm32f407xx.o(.text))
<BR>[Address Reference Count : 1]<UL><LI> startup_stm32f407xx.o(RESET)
</UL>
<P><STRONG><a name="[fe]"></a>__user_initial_stackheap</STRONG> (Thumb, 0 bytes, Stack size unknown bytes, startup_stm32f407xx.o(.text))
<BR><BR>[Called By]<UL><LI><a href="#[e4]">&gt;&gt;</a>&nbsp;&nbsp;&nbsp;__user_setup_stackheap
</UL>

<P><STRONG><a name="[6]"></a>SVC_Handler</STRONG> (Thumb, 208 bytes, Stack size unknown bytes, irq_armv7m.o(.text))
<BR><BR>[Stack]<UL><LI>Max Depth = 68 + Unknown Stack Size
<LI>Call Chain = SVC_Handler &rArr; osRtxKernelErrorNotify &rArr; EvrRtxKernelErrorNotify &rArr; EventRecord2 &rArr; EventRecordItem
</UL>
<BR>[Calls]<UL><LI><a href="#[f1]">&gt;&gt;</a>&nbsp;&nbsp;&nbsp;osRtxKernelErrorNotify
<LI><a href="#[f0]">&gt;&gt;</a>&nbsp;&nbsp;&nbsp;osRtxThreadStackCheck
</UL>
<BR>[Address Reference Count : 1]<UL><LI> startup_stm32f407xx.o(RESET)
</UL>
<P><STRONG><a name="[8]"></a>PendSV_Handler</STRONG> (Thumb, 16 bytes, Stack size unknown bytes, irq_armv7m.o(.text))
<BR><BR>[Stack]<UL><LI>Max Depth = 92 + Unknown Stack Size
<LI>Call Chain = PendSV_Handler &rArr; osRtxPendSV_Handler &rArr; osRtxThreadDispatch &rArr; EvrRtxThreadSwitched &rArr; EventRecord2 &rArr; EventRecordItem
</UL>
<BR>[Calls]<UL><LI><a href="#[f2]">&gt;&gt;</a>&nbsp;&nbsp;&nbsp;osRtxPendSV_Handler
</UL>
<BR>[Address Reference Count : 1]<UL><LI> startup_stm32f407xx.o(RESET)
</UL>
<P><STRONG><a name="[9]"></a>SysTick_Handler</STRONG> (Thumb, 16 bytes, Stack size unknown bytes, irq_armv7m.o(.text))
<BR><BR>[Stack]<UL><LI>Max Depth = 100 + Unknown Stack Size
<LI>Call Chain = SysTick_Handler &rArr; osRtxTick_Handler &rArr; osRtxThreadDelayTick &rArr; EvrRtxMessageQueueGetTimeout &rArr; EventRecord2 &rArr; EventRecordItem
</UL>
<BR>[Calls]<UL><LI><a href="#[f3]">&gt;&gt;</a>&nbsp;&nbsp;&nbsp;osRtxTick_Handler
</UL>
<BR>[Address Reference Count : 2]<UL><LI> startup_stm32f407xx.o(RESET)
<LI> rtx_kernel.o(.text.svcRtxKernelStart)
</UL>
<P><STRONG><a name="[19c]"></a>__aeabi_uldivmod</STRONG> (Thumb, 0 bytes, Stack size 48 bytes, lludivv7m.o(.text))
<BR><BR>[Stack]<UL><LI>Max Depth = 48<LI>Call Chain = __aeabi_uldivmod
</UL>
<BR>[Called By]<UL><LI><a href="#[19b]">&gt;&gt;</a>&nbsp;&nbsp;&nbsp;HAL_RCC_GetSysClockFreq
<LI><a href="#[1a9]">&gt;&gt;</a>&nbsp;&nbsp;&nbsp;UART_SetConfig
</UL>

<P><STRONG><a name="[2b1]"></a>_ll_udiv</STRONG> (Thumb, 240 bytes, Stack size 48 bytes, lludivv7m.o(.text), UNUSED)

<P><STRONG><a name="[227]"></a>memcmp</STRONG> (Thumb, 88 bytes, Stack size 8 bytes, memcmp.o(.text))
<BR><BR>[Stack]<UL><LI>Max Depth = 8<LI>Call Chain = memcmp
</UL>
<BR>[Called By]<UL><LI><a href="#[21c]">&gt;&gt;</a>&nbsp;&nbsp;&nbsp;net_icmp_process
<LI><a href="#[219]">&gt;&gt;</a>&nbsp;&nbsp;&nbsp;net_icmp6_process
<LI><a href="#[220]">&gt;&gt;</a>&nbsp;&nbsp;&nbsp;net_ndp_cache_find
</UL>

<P><STRONG><a name="[1e5]"></a>strlen</STRONG> (Thumb, 62 bytes, Stack size 8 bytes, strlen.o(.text))
<BR><BR>[Stack]<UL><LI>Max Depth = 8<LI>Call Chain = strlen
</UL>
<BR>[Called By]<UL><LI><a href="#[7f]">&gt;&gt;</a>&nbsp;&nbsp;&nbsp;nbns_listener
</UL>

<P><STRONG><a name="[11c]"></a>__aeabi_memcpy</STRONG> (Thumb, 0 bytes, Stack size 0 bytes, rt_memcpy_v6.o(.text))
<BR><BR>[Called By]<UL><LI><a href="#[10d]">&gt;&gt;</a>&nbsp;&nbsp;&nbsp;UDP_WriteBuffer
<LI><a href="#[1ab]">&gt;&gt;</a>&nbsp;&nbsp;&nbsp;RingBuffer_WriteBytes
<LI><a href="#[105]">&gt;&gt;</a>&nbsp;&nbsp;&nbsp;osMessageQueuePut
<LI><a href="#[102]">&gt;&gt;</a>&nbsp;&nbsp;&nbsp;osMessageQueueGet
<LI><a href="#[20c]">&gt;&gt;</a>&nbsp;&nbsp;&nbsp;net_arp_enqueue
<LI><a href="#[b7]">&gt;&gt;</a>&nbsp;&nbsp;&nbsp;ETH_MAC_ReadFrame
<LI><a href="#[b6]">&gt;&gt;</a>&nbsp;&nbsp;&nbsp;ETH_MAC_SendFrame
<LI><a href="#[8b]">&gt;&gt;</a>&nbsp;&nbsp;&nbsp;svcRtxMessageQueueGet
<LI><a href="#[8d]">&gt;&gt;</a>&nbsp;&nbsp;&nbsp;svcRtxMessageQueuePut
<LI><a href="#[a3]">&gt;&gt;</a>&nbsp;&nbsp;&nbsp;osRtxMessageQueuePostProcess
<LI><a href="#[7f]">&gt;&gt;</a>&nbsp;&nbsp;&nbsp;nbns_listener
<LI><a href="#[ca]">&gt;&gt;</a>&nbsp;&nbsp;&nbsp;net_loop_send_frame
<LI><a href="#[234]">&gt;&gt;</a>&nbsp;&nbsp;&nbsp;net_ip4_frag_get
<LI><a href="#[233]">&gt;&gt;</a>&nbsp;&nbsp;&nbsp;net_ip4_frag_add
<LI><a href="#[22c]">&gt;&gt;</a>&nbsp;&nbsp;&nbsp;net_icmp6_send_echo
<LI><a href="#[22f]">&gt;&gt;</a>&nbsp;&nbsp;&nbsp;net_icmp_send_echo
<LI><a href="#[21c]">&gt;&gt;</a>&nbsp;&nbsp;&nbsp;net_icmp_process
<LI><a href="#[219]">&gt;&gt;</a>&nbsp;&nbsp;&nbsp;net_icmp6_process
<LI><a href="#[221]">&gt;&gt;</a>&nbsp;&nbsp;&nbsp;net_ndp_enqueue
</UL>

<P><STRONG><a name="[f4]"></a>__rt_memcpy</STRONG> (Thumb, 138 bytes, Stack size 0 bytes, rt_memcpy_v6.o(.text), UNUSED)
<BR><BR>[Calls]<UL><LI><a href="#[f5]">&gt;&gt;</a>&nbsp;&nbsp;&nbsp;__aeabi_memcpy4
</UL>

<P><STRONG><a name="[2b2]"></a>_memcpy_lastbytes</STRONG> (Thumb, 0 bytes, Stack size unknown bytes, rt_memcpy_v6.o(.text), UNUSED)

<P><STRONG><a name="[f6]"></a>__aeabi_memset4</STRONG> (Thumb, 16 bytes, Stack size 0 bytes, aeabi_memset4.o(.text))
<BR><BR>[Stack]<UL><LI>Max Depth = 4<LI>Call Chain = __aeabi_memset4 &rArr; _memset_w
</UL>
<BR>[Calls]<UL><LI><a href="#[f7]">&gt;&gt;</a>&nbsp;&nbsp;&nbsp;_memset_w
</UL>
<BR>[Called By]<UL><LI><a href="#[9c]">&gt;&gt;</a>&nbsp;&nbsp;&nbsp;svcRtxThreadNew
</UL>

<P><STRONG><a name="[2b3]"></a>__aeabi_memset8</STRONG> (Thumb, 0 bytes, Stack size 0 bytes, aeabi_memset4.o(.text), UNUSED)

<P><STRONG><a name="[201]"></a>__aeabi_memclr</STRONG> (Thumb, 0 bytes, Stack size unknown bytes, rt_memclr.o(.text))
<BR><BR>[Called By]<UL><LI><a href="#[1f7]">&gt;&gt;</a>&nbsp;&nbsp;&nbsp;net_addr6_aton
<LI><a href="#[8c]">&gt;&gt;</a>&nbsp;&nbsp;&nbsp;svcRtxMessageQueueNew
</UL>

<P><STRONG><a name="[2b4]"></a>__rt_memclr</STRONG> (Thumb, 0 bytes, Stack size unknown bytes, rt_memclr.o(.text), UNUSED)

<P><STRONG><a name="[f8]"></a>_memset</STRONG> (Thumb, 64 bytes, Stack size 0 bytes, rt_memclr.o(.text), UNUSED)
<BR><BR>[Calls]<UL><LI><a href="#[f7]">&gt;&gt;</a>&nbsp;&nbsp;&nbsp;_memset_w
</UL>

<P><STRONG><a name="[116]"></a>__aeabi_memclr4</STRONG> (Thumb, 0 bytes, Stack size unknown bytes, rt_memclr_w.o(.text))
<BR><BR>[Called By]<UL><LI><a href="#[1b1]">&gt;&gt;</a>&nbsp;&nbsp;&nbsp;SystemClock_Config
<LI><a href="#[ea]">&gt;&gt;</a>&nbsp;&nbsp;&nbsp;main
<LI><a href="#[89]">&gt;&gt;</a>&nbsp;&nbsp;&nbsp;svcRtxKernelInitialize
<LI><a href="#[b1]">&gt;&gt;</a>&nbsp;&nbsp;&nbsp;ETH_MAC_Uninitialize
<LI><a href="#[b0]">&gt;&gt;</a>&nbsp;&nbsp;&nbsp;ETH_MAC_Initialize
<LI><a href="#[9c]">&gt;&gt;</a>&nbsp;&nbsp;&nbsp;svcRtxThreadNew
<LI><a href="#[d2]">&gt;&gt;</a>&nbsp;&nbsp;&nbsp;net_nbns_client_init
<LI><a href="#[d1]">&gt;&gt;</a>&nbsp;&nbsp;&nbsp;net_tcp_socket_init
<LI><a href="#[d0]">&gt;&gt;</a>&nbsp;&nbsp;&nbsp;net_udp_socket_init
<LI><a href="#[ce]">&gt;&gt;</a>&nbsp;&nbsp;&nbsp;net_ip4_frag_init
<LI><a href="#[cb]">&gt;&gt;</a>&nbsp;&nbsp;&nbsp;net_eth_iface_init
</UL>

<P><STRONG><a name="[2b5]"></a>__aeabi_memclr8</STRONG> (Thumb, 0 bytes, Stack size unknown bytes, rt_memclr_w.o(.text), UNUSED)

<P><STRONG><a name="[2b6]"></a>__rt_memclr_w</STRONG> (Thumb, 0 bytes, Stack size unknown bytes, rt_memclr_w.o(.text), UNUSED)

<P><STRONG><a name="[f7]"></a>_memset_w</STRONG> (Thumb, 74 bytes, Stack size 4 bytes, rt_memclr_w.o(.text))
<BR><BR>[Stack]<UL><LI>Max Depth = 4<LI>Call Chain = _memset_w
</UL>
<BR>[Called By]<UL><LI><a href="#[f8]">&gt;&gt;</a>&nbsp;&nbsp;&nbsp;_memset
<LI><a href="#[f6]">&gt;&gt;</a>&nbsp;&nbsp;&nbsp;__aeabi_memset4
</UL>

<P><STRONG><a name="[2b7]"></a>__use_two_region_memory</STRONG> (Thumb, 2 bytes, Stack size 0 bytes, heapauxi.o(.text), UNUSED)

<P><STRONG><a name="[2b8]"></a>__rt_heap_escrow$2region</STRONG> (Thumb, 2 bytes, Stack size 0 bytes, heapauxi.o(.text), UNUSED)

<P><STRONG><a name="[2b9]"></a>__rt_heap_expand$2region</STRONG> (Thumb, 2 bytes, Stack size 0 bytes, heapauxi.o(.text), UNUSED)

<P><STRONG><a name="[f9]"></a>__read_errno</STRONG> (Thumb, 10 bytes, Stack size 8 bytes, _rserrno.o(.text), UNUSED)
<BR><BR>[Calls]<UL><LI><a href="#[fa]">&gt;&gt;</a>&nbsp;&nbsp;&nbsp;__aeabi_errno_addr
</UL>

<P><STRONG><a name="[fb]"></a>__set_errno</STRONG> (Thumb, 12 bytes, Stack size 8 bytes, _rserrno.o(.text))
<BR><BR>[Stack]<UL><LI>Max Depth = 84<LI>Call Chain = __set_errno &rArr; __aeabi_errno_addr &rArr; __user_perthread_libspace &rArr; osRtxKernelErrorNotify &rArr; EvrRtxKernelErrorNotify &rArr; EventRecord2 &rArr; EventRecordItem
</UL>
<BR>[Calls]<UL><LI><a href="#[fa]">&gt;&gt;</a>&nbsp;&nbsp;&nbsp;__aeabi_errno_addr
</UL>
<BR>[Called By]<UL><LI><a href="#[273]">&gt;&gt;</a>&nbsp;&nbsp;&nbsp;__hardfp_sinf
<LI><a href="#[274]">&gt;&gt;</a>&nbsp;&nbsp;&nbsp;__hardfp_fmodf
<LI><a href="#[272]">&gt;&gt;</a>&nbsp;&nbsp;&nbsp;__hardfp_cosf
</UL>

<P><STRONG><a name="[f5]"></a>__aeabi_memcpy4</STRONG> (Thumb, 0 bytes, Stack size 8 bytes, rt_memcpy_w.o(.text), UNUSED)
<BR><BR>[Called By]<UL><LI><a href="#[f4]">&gt;&gt;</a>&nbsp;&nbsp;&nbsp;__rt_memcpy
</UL>

<P><STRONG><a name="[2ba]"></a>__aeabi_memcpy8</STRONG> (Thumb, 0 bytes, Stack size 8 bytes, rt_memcpy_w.o(.text), UNUSED)

<P><STRONG><a name="[2bb]"></a>__rt_memcpy_w</STRONG> (Thumb, 100 bytes, Stack size 8 bytes, rt_memcpy_w.o(.text), UNUSED)

<P><STRONG><a name="[2bc]"></a>_memcpy_lastbytes_aligned</STRONG> (Thumb, 0 bytes, Stack size unknown bytes, rt_memcpy_w.o(.text), UNUSED)

<P><STRONG><a name="[fa]"></a>__aeabi_errno_addr</STRONG> (Thumb, 4 bytes, Stack size 0 bytes, rt_errno_addr_twolibspace.o(.text))
<BR><BR>[Stack]<UL><LI>Max Depth = 76<LI>Call Chain = __aeabi_errno_addr &rArr; __user_perthread_libspace &rArr; osRtxKernelErrorNotify &rArr; EvrRtxKernelErrorNotify &rArr; EventRecord2 &rArr; EventRecordItem
</UL>
<BR>[Calls]<UL><LI><a href="#[fc]">&gt;&gt;</a>&nbsp;&nbsp;&nbsp;__user_perthread_libspace
</UL>
<BR>[Called By]<UL><LI><a href="#[fb]">&gt;&gt;</a>&nbsp;&nbsp;&nbsp;__set_errno
<LI><a href="#[f9]">&gt;&gt;</a>&nbsp;&nbsp;&nbsp;__read_errno
</UL>

<P><STRONG><a name="[2bd]"></a>__errno$twolibspace</STRONG> (Thumb, 0 bytes, Stack size 0 bytes, rt_errno_addr_twolibspace.o(.text), UNUSED)

<P><STRONG><a name="[2be]"></a>__rt_errno_addr$twolibspace</STRONG> (Thumb, 0 bytes, Stack size 0 bytes, rt_errno_addr_twolibspace.o(.text), UNUSED)

<P><STRONG><a name="[2bf]"></a>__user_libspace</STRONG> (Thumb, 8 bytes, Stack size 0 bytes, libspace.o(.text), UNUSED)

<P><STRONG><a name="[fd]"></a>__user_perproc_libspace</STRONG> (Thumb, 0 bytes, Stack size 0 bytes, libspace.o(.text))
<BR><BR>[Called By]<UL><LI><a href="#[e4]">&gt;&gt;</a>&nbsp;&nbsp;&nbsp;__user_setup_stackheap
</UL>

<P><STRONG><a name="[e4]"></a>__user_setup_stackheap</STRONG> (Thumb, 74 bytes, Stack size 8 bytes, sys_stackheap_outer.o(.text))
<BR><BR>[Stack]<UL><LI>Max Depth = 8 + Unknown Stack Size
<LI>Call Chain = __user_setup_stackheap
</UL>
<BR>[Calls]<UL><LI><a href="#[fe]">&gt;&gt;</a>&nbsp;&nbsp;&nbsp;__user_initial_stackheap
<LI><a href="#[fd]">&gt;&gt;</a>&nbsp;&nbsp;&nbsp;__user_perproc_libspace
</UL>
<BR>[Called By]<UL><LI><a href="#[e3]">&gt;&gt;</a>&nbsp;&nbsp;&nbsp;__rt_entry_sh
</UL>

<P><STRONG><a name="[eb]"></a>exit</STRONG> (Thumb, 18 bytes, Stack size 8 bytes, exit.o(.text))
<BR><BR>[Stack]<UL><LI>Max Depth = 8 + Unknown Stack Size
<LI>Call Chain = exit
</UL>
<BR>[Calls]<UL><LI><a href="#[ff]">&gt;&gt;</a>&nbsp;&nbsp;&nbsp;__rt_exit
</UL>
<BR>[Called By]<UL><LI><a href="#[e9]">&gt;&gt;</a>&nbsp;&nbsp;&nbsp;__rt_entry_main
</UL>

<P><STRONG><a name="[ef]"></a>_sys_exit</STRONG> (Thumb, 8 bytes, Stack size 0 bytes, sys_exit.o(.text))
<BR><BR>[Called By]<UL><LI><a href="#[ee]">&gt;&gt;</a>&nbsp;&nbsp;&nbsp;__rt_exit_exit
</UL>

<P><STRONG><a name="[2c0]"></a>__I$use$semihosting</STRONG> (Thumb, 0 bytes, Stack size 0 bytes, use_no_semi.o(.text), UNUSED)

<P><STRONG><a name="[2c1]"></a>__use_no_semihosting_swi</STRONG> (Thumb, 2 bytes, Stack size 0 bytes, use_no_semi.o(.text), UNUSED)

<P><STRONG><a name="[2c2]"></a>__semihosting_library_function</STRONG> (Thumb, 0 bytes, Stack size unknown bytes, indicate_semi.o(.text), UNUSED)

<P><STRONG><a name="[e2]"></a>_fp_init</STRONG> (Thumb, 22 bytes, Stack size 8 bytes, rtx_lib.o(.text.$Sub$$_fp_init))
<BR><BR>[Stack]<UL><LI>Max Depth = 8<LI>Call Chain = _fp_init
</UL>
<BR>[Calls]<UL><LI><a href="#[100]">&gt;&gt;</a>&nbsp;&nbsp;&nbsp;$Super$$_fp_init
</UL>
<BR>[Called By]<UL><LI><a href="#[e1]">&gt;&gt;</a>&nbsp;&nbsp;&nbsp;__rt_lib_init_fp_1
</UL>

<P><STRONG><a name="[4]"></a>BusFault_Handler</STRONG> (Thumb, 2 bytes, Stack size 0 bytes, stm32f4xx_it.o(.text.BusFault_Handler))
<BR><BR>[Calls]<UL><LI><a href="#[4]">&gt;&gt;</a>&nbsp;&nbsp;&nbsp;BusFault_Handler
</UL>
<BR>[Called By]<UL><LI><a href="#[4]">&gt;&gt;</a>&nbsp;&nbsp;&nbsp;BusFault_Handler
</UL>
<BR>[Address Reference Count : 1]<UL><LI> startup_stm32f407xx.o(RESET)
</UL>
<P><STRONG><a name="[101]"></a>CH_Waiting</STRONG> (Thumb, 102 bytes, Stack size 48 bytes, motioncontrol.o(.text.CH_Waiting))
<BR><BR>[Stack]<UL><LI>Max Depth = 156<LI>Call Chain = CH_Waiting &rArr; osMessageQueuePut &rArr; osRtxPostProcess &rArr; osRtxKernelErrorNotify &rArr; EvrRtxKernelErrorNotify &rArr; EventRecord2 &rArr; EventRecordItem
</UL>
<BR>[Calls]<UL><LI><a href="#[105]">&gt;&gt;</a>&nbsp;&nbsp;&nbsp;osMessageQueuePut
<LI><a href="#[103]">&gt;&gt;</a>&nbsp;&nbsp;&nbsp;oneSideTurn
<LI><a href="#[102]">&gt;&gt;</a>&nbsp;&nbsp;&nbsp;osMessageQueueGet
<LI><a href="#[104]">&gt;&gt;</a>&nbsp;&nbsp;&nbsp;differentialTurn
</UL>
<BR>[Called By]<UL><LI><a href="#[7d]">&gt;&gt;</a>&nbsp;&nbsp;&nbsp;motionProcessTask
</UL>

<P><STRONG><a name="[16]"></a>DMA1_Stream1_IRQHandler</STRONG> (Thumb, 12 bytes, Stack size 0 bytes, stm32f4xx_it.o(.text.DMA1_Stream1_IRQHandler))
<BR><BR>[Stack]<UL><LI>Max Depth = 24<LI>Call Chain = DMA1_Stream1_IRQHandler &rArr; HAL_DMA_IRQHandler
</UL>
<BR>[Calls]<UL><LI><a href="#[106]">&gt;&gt;</a>&nbsp;&nbsp;&nbsp;HAL_DMA_IRQHandler
</UL>
<BR>[Address Reference Count : 1]<UL><LI> startup_stm32f407xx.o(RESET)
</UL>
<P><STRONG><a name="[50]"></a>DMA2_Stream7_IRQHandler</STRONG> (Thumb, 12 bytes, Stack size 0 bytes, stm32f4xx_it.o(.text.DMA2_Stream7_IRQHandler))
<BR><BR>[Stack]<UL><LI>Max Depth = 24<LI>Call Chain = DMA2_Stream7_IRQHandler &rArr; HAL_DMA_IRQHandler
</UL>
<BR>[Calls]<UL><LI><a href="#[106]">&gt;&gt;</a>&nbsp;&nbsp;&nbsp;HAL_DMA_IRQHandler
</UL>
<BR>[Address Reference Count : 1]<UL><LI> startup_stm32f407xx.o(RESET)
</UL>
<P><STRONG><a name="[107]"></a>DebugInit</STRONG> (Thumb, 40 bytes, Stack size 8 bytes, debug.o(.text.DebugInit))
<BR><BR>[Stack]<UL><LI>Max Depth = 100<LI>Call Chain = DebugInit &rArr; osThreadNew &rArr; EvrRtxThreadNew &rArr; EventRecord4 &rArr; EventRecordItem
</UL>
<BR>[Calls]<UL><LI><a href="#[108]">&gt;&gt;</a>&nbsp;&nbsp;&nbsp;motoReturnHandle
<LI><a href="#[109]">&gt;&gt;</a>&nbsp;&nbsp;&nbsp;osThreadNew
</UL>
<BR>[Called By]<UL><LI><a href="#[a7]">&gt;&gt;</a>&nbsp;&nbsp;&nbsp;systemIniTask
</UL>

<P><STRONG><a name="[7]"></a>DebugMon_Handler</STRONG> (Thumb, 2 bytes, Stack size 0 bytes, stm32f4xx_it.o(.text.DebugMon_Handler))
<BR>[Address Reference Count : 1]<UL><LI> startup_stm32f407xx.o(RESET)
</UL>
<P><STRONG><a name="[5d]"></a>DebugTask</STRONG> (Thumb, 74 bytes, Stack size 24 bytes, debug.o(.text.DebugTask))
<BR><BR>[Stack]<UL><LI>Max Depth = 260<LI>Call Chain = DebugTask &rArr; UDP_SendData &rArr; netUDP_Send &rArr; net_udp_send_if &rArr; net_ip4_send_frame &rArr; net_ip4_frag_get &rArr; net_mem_alloc &rArr; netos_lock &rArr; osMutexAcquire &rArr; EvrRtxMutexAcquire &rArr; EventRecord2 &rArr; EventRecordItem
</UL>
<BR>[Calls]<UL><LI><a href="#[10a]">&gt;&gt;</a>&nbsp;&nbsp;&nbsp;FrameInit
<LI><a href="#[10e]">&gt;&gt;</a>&nbsp;&nbsp;&nbsp;UDP_SendData
<LI><a href="#[10d]">&gt;&gt;</a>&nbsp;&nbsp;&nbsp;UDP_WriteBuffer
<LI><a href="#[10c]">&gt;&gt;</a>&nbsp;&nbsp;&nbsp;UDP_GetBuffer
<LI><a href="#[10b]">&gt;&gt;</a>&nbsp;&nbsp;&nbsp;osDelay
</UL>
<BR>[Address Reference Count : 1]<UL><LI> debug.o(.text.DebugInit)
</UL>
<P><STRONG><a name="[47]"></a>ETH_IRQHandler</STRONG> (Thumb, 12 bytes, Stack size 0 bytes, stm32f4xx_it.o(.text.ETH_IRQHandler))
<BR><BR>[Stack]<UL><LI>Max Depth = 32<LI>Call Chain = ETH_IRQHandler &rArr; HAL_ETH_IRQHandler
</UL>
<BR>[Calls]<UL><LI><a href="#[10f]">&gt;&gt;</a>&nbsp;&nbsp;&nbsp;HAL_ETH_IRQHandler
</UL>
<BR>[Address Reference Count : 1]<UL><LI> startup_stm32f407xx.o(RESET)
</UL>
<P><STRONG><a name="[48]"></a>ETH_WKUP_IRQHandler</STRONG> (Thumb, 12 bytes, Stack size 0 bytes, stm32f4xx_it.o(.text.ETH_WKUP_IRQHandler))
<BR><BR>[Stack]<UL><LI>Max Depth = 32<LI>Call Chain = ETH_WKUP_IRQHandler &rArr; HAL_ETH_IRQHandler
</UL>
<BR>[Calls]<UL><LI><a href="#[10f]">&gt;&gt;</a>&nbsp;&nbsp;&nbsp;HAL_ETH_IRQHandler
</UL>
<BR>[Address Reference Count : 1]<UL><LI> startup_stm32f407xx.o(RESET)
</UL>
<P><STRONG><a name="[1aa]"></a>Error_Handler</STRONG> (Thumb, 6 bytes, Stack size 0 bytes, main.o(.text.Error_Handler))
<BR><BR>[Called By]<UL><LI><a href="#[78]">&gt;&gt;</a>&nbsp;&nbsp;&nbsp;HAL_UART_MspInit
</UL>

<P><STRONG><a name="[11e]"></a>EventRecord2</STRONG> (Thumb, 182 bytes, Stack size 24 bytes, eventrecorder.o(.text.EventRecord2))
<BR><BR>[Stack]<UL><LI>Max Depth = 52<LI>Call Chain = EventRecord2 &rArr; EventRecordItem
</UL>
<BR>[Calls]<UL><LI><a href="#[11f]">&gt;&gt;</a>&nbsp;&nbsp;&nbsp;EventRecorderTimerGetCount
<LI><a href="#[120]">&gt;&gt;</a>&nbsp;&nbsp;&nbsp;EventRecordItem
</UL>
<BR>[Called By]<UL><LI><a href="#[148]">&gt;&gt;</a>&nbsp;&nbsp;&nbsp;EvrRtxMessageQueueNotRetrieved
<LI><a href="#[14c]">&gt;&gt;</a>&nbsp;&nbsp;&nbsp;EvrRtxMessageQueueRetrieved
[...]
<BR><BR>[Stack]<UL><LI>Max Depth = 140<LI>Call Chain = osRtxTimerTick &rArr; osMessageQueuePut &rArr; osRtxPostProcess &rArr; osRtxKernelErrorNotify &rArr; EvrRtxKernelErrorNotify &rArr; EventRecord2 &rArr; EventRecordItem
</UL>
<BR>[Calls]<UL><LI><a href="#[105]">&gt;&gt;</a>&nbsp;&nbsp;&nbsp;osMessageQueuePut
<LI><a href="#[f1]">&gt;&gt;</a>&nbsp;&nbsp;&nbsp;osRtxKernelErrorNotify
</UL>
<BR>[Address Reference Count : 1]<UL><LI> rtx_timer.o(.text.osRtxTimerSetup)
</UL>
<P><STRONG><a name="[9e]"></a>svcRtxTimerNew</STRONG> (Thumb, 186 bytes, Stack size 24 bytes, rtx_timer.o(.text.svcRtxTimerNew))
<BR><BR>[Stack]<UL><LI>Max Depth = 124<LI>Call Chain = svcRtxTimerNew &rArr; osRtxMemoryAlloc &rArr; EvrRtxMemoryAlloc &rArr; EventRecord4 &rArr; EventRecordItem
</UL>
<BR>[Calls]<UL><LI><a href="#[17a]">&gt;&gt;</a>&nbsp;&nbsp;&nbsp;EvrRtxTimerCreated
<LI><a href="#[17b]">&gt;&gt;</a>&nbsp;&nbsp;&nbsp;EvrRtxTimerError
<LI><a href="#[25d]">&gt;&gt;</a>&nbsp;&nbsp;&nbsp;osRtxMemoryAlloc
<LI><a href="#[259]">&gt;&gt;</a>&nbsp;&nbsp;&nbsp;osRtxMemoryPoolAlloc
</UL>
<BR>[Address Reference Count : 1]<UL><LI> rtx_timer.o(.text.osTimerNew)
</UL>
<P><STRONG><a name="[9f]"></a>svcRtxTimerStart</STRONG> (Thumb, 244 bytes, Stack size 16 bytes, rtx_timer.o(.text.svcRtxTimerStart))
<BR><BR>[Stack]<UL><LI>Max Depth = 68<LI>Call Chain = svcRtxTimerStart &rArr; EvrRtxTimerStarted &rArr; EventRecord2 &rArr; EventRecordItem
</UL>
<BR>[Calls]<UL><LI><a href="#[17e]">&gt;&gt;</a>&nbsp;&nbsp;&nbsp;EvrRtxTimerStarted
<LI><a href="#[17b]">&gt;&gt;</a>&nbsp;&nbsp;&nbsp;EvrRtxTimerError
</UL>
<BR>[Address Reference Count : 1]<UL><LI> rtx_timer.o(.text.osTimerStart)
</UL>
<P><STRONG><a name="[bf]"></a>GetVersion</STRONG> (Thumb, 10 bytes, Stack size 0 bytes, phy_dp83848c.o(.text.GetVersion))
<BR>[Address Reference Count : 1]<UL><LI> phy_dp83848c.o(.rodata.Driver_ETH_PHY0)
</UL>
<P><STRONG><a name="[c0]"></a>Initialize</STRONG> (Thumb, 76 bytes, Stack size 0 bytes, phy_dp83848c.o(.text.Initialize))
<BR>[Address Reference Count : 1]<UL><LI> phy_dp83848c.o(.rodata.Driver_ETH_PHY0)
</UL>
<P><STRONG><a name="[c1]"></a>Uninitialize</STRONG> (Thumb, 46 bytes, Stack size 0 bytes, phy_dp83848c.o(.text.Uninitialize))
<BR>[Address Reference Count : 1]<UL><LI> phy_dp83848c.o(.rodata.Driver_ETH_PHY0)
</UL>
<P><STRONG><a name="[c2]"></a>PowerControl</STRONG> (Thumb, 210 bytes, Stack size 24 bytes, phy_dp83848c.o(.text.PowerControl))
<BR><BR>[Stack]<UL><LI>Max Depth = 24<LI>Call Chain = PowerControl
</UL>
<BR>[Address Reference Count : 1]<UL><LI> phy_dp83848c.o(.rodata.Driver_ETH_PHY0)
</UL>
<P><STRONG><a name="[c3]"></a>SetInterface</STRONG> (Thumb, 54 bytes, Stack size 0 bytes, phy_dp83848c.o(.text.SetInterface))
<BR>[Address Reference Count : 1]<UL><LI> phy_dp83848c.o(.rodata.Driver_ETH_PHY0)
</UL>
<P><STRONG><a name="[c4]"></a>SetMode</STRONG> (Thumb, 118 bytes, Stack size 8 bytes, phy_dp83848c.o(.text.SetMode))
<BR><BR>[Stack]<UL><LI>Max Depth = 8<LI>Call Chain = SetMode
</UL>
<BR>[Address Reference Count : 1]<UL><LI> phy_dp83848c.o(.rodata.Driver_ETH_PHY0)
</UL>
<P><STRONG><a name="[c5]"></a>GetLinkState</STRONG> (Thumb, 56 bytes, Stack size 16 bytes, phy_dp83848c.o(.text.GetLinkState))
<BR><BR>[Stack]<UL><LI>Max Depth = 16<LI>Call Chain = GetLinkState
</UL>
<BR>[Address Reference Count : 1]<UL><LI> phy_dp83848c.o(.rodata.Driver_ETH_PHY0)
</UL>
<P><STRONG><a name="[c6]"></a>GetLinkInfo</STRONG> (Thumb, 66 bytes, Stack size 16 bytes, phy_dp83848c.o(.text.GetLinkInfo))
<BR><BR>[Stack]<UL><LI>Max Depth = 16<LI>Call Chain = GetLinkInfo
</UL>
<BR>[Address Reference Count : 1]<UL><LI> phy_dp83848c.o(.rodata.Driver_ETH_PHY0)
</UL>
<P><STRONG><a name="[ae]"></a>ETH_MAC_GetVersion</STRONG> (Thumb, 10 bytes, Stack size 0 bytes, eth_mac_stm32.o(.text.ETH_MAC_GetVersion))
<BR>[Address Reference Count : 1]<UL><LI> eth_mac_stm32.o(.rodata.Driver_ETH_MAC0)
</UL>
<P><STRONG><a name="[af]"></a>ETH_MAC_GetCapabilities</STRONG> (Thumb, 24 bytes, Stack size 0 bytes, eth_mac_stm32.o(.text.ETH_MAC_GetCapabilities))
<BR>[Address Reference Count : 1]<UL><LI> eth_mac_stm32.o(.rodata.Driver_ETH_MAC0)
</UL>
<P><STRONG><a name="[b0]"></a>ETH_MAC_Initialize</STRONG> (Thumb, 30 bytes, Stack size 16 bytes, eth_mac_stm32.o(.text.ETH_MAC_Initialize))
<BR><BR>[Stack]<UL><LI>Max Depth = 16 + Unknown Stack Size
<LI>Call Chain = ETH_MAC_Initialize
</UL>
<BR>[Calls]<UL><LI><a href="#[116]">&gt;&gt;</a>&nbsp;&nbsp;&nbsp;__aeabi_memclr4
</UL>
<BR>[Address Reference Count : 1]<UL><LI> eth_mac_stm32.o(.rodata.Driver_ETH_MAC0)
</UL>
<P><STRONG><a name="[b1]"></a>ETH_MAC_Uninitialize</STRONG> (Thumb, 46 bytes, Stack size 8 bytes, eth_mac_stm32.o(.text.ETH_MAC_Uninitialize))
<BR><BR>[Stack]<UL><LI>Max Depth = 68 + Unknown Stack Size
<LI>Call Chain = ETH_MAC_Uninitialize &rArr; HAL_ETH_DeInit &rArr; HAL_ETH_MspDeInit &rArr; HAL_GPIO_DeInit
</UL>
<BR>[Calls]<UL><LI><a href="#[11a]">&gt;&gt;</a>&nbsp;&nbsp;&nbsp;HAL_ETH_DeInit
<LI><a href="#[116]">&gt;&gt;</a>&nbsp;&nbsp;&nbsp;__aeabi_memclr4
</UL>
<BR>[Address Reference Count : 1]<UL><LI> eth_mac_stm32.o(.rodata.Driver_ETH_MAC0)
</UL>
<P><STRONG><a name="[b2]"></a>ETH_MAC_PowerControl</STRONG> (Thumb, 146 bytes, Stack size 8 bytes, eth_mac_stm32.o(.text.ETH_MAC_PowerControl))
<BR><BR>[Stack]<UL><LI>Max Depth = 136<LI>Call Chain = ETH_MAC_PowerControl &rArr; HAL_ETH_Init &rArr; HAL_ETH_MspInit &rArr; HAL_GPIO_Init
</UL>
<BR>[Calls]<UL><LI><a href="#[119]">&gt;&gt;</a>&nbsp;&nbsp;&nbsp;HAL_ETH_Init
<LI><a href="#[11b]">&gt;&gt;</a>&nbsp;&nbsp;&nbsp;HAL_ETH_GetMACFilterConfig
<LI><a href="#[11a]">&gt;&gt;</a>&nbsp;&nbsp;&nbsp;HAL_ETH_DeInit
</UL>
<BR>[Address Reference Count : 1]<UL><LI> eth_mac_stm32.o(.rodata.Driver_ETH_MAC0)
</UL>
<P><STRONG><a name="[b3]"></a>ETH_MAC_GetMacAddress</STRONG> (Thumb, 52 bytes, Stack size 0 bytes, eth_mac_stm32.o(.text.ETH_MAC_GetMacAddress))
<BR>[Address Reference Count : 1]<UL><LI> eth_mac_stm32.o(.rodata.Driver_ETH_MAC0)
</UL>
<P><STRONG><a name="[b4]"></a>ETH_MAC_SetMacAddress</STRONG> (Thumb, 66 bytes, Stack size 8 bytes, eth_mac_stm32.o(.text.ETH_MAC_SetMacAddress))
<BR><BR>[Stack]<UL><LI>Max Depth = 136<LI>Call Chain = ETH_MAC_SetMacAddress &rArr; HAL_ETH_Init &rArr; HAL_ETH_MspInit &rArr; HAL_GPIO_Init
</UL>
<BR>[Calls]<UL><LI><a href="#[119]">&gt;&gt;</a>&nbsp;&nbsp;&nbsp;HAL_ETH_Init
</UL>
<BR>[Address Reference Count : 1]<UL><LI> eth_mac_stm32.o(.rodata.Driver_ETH_MAC0)
</UL>
<P><STRONG><a name="[b5]"></a>ETH_MAC_SetAddressFilter</STRONG> (Thumb, 6 bytes, Stack size 0 bytes, eth_mac_stm32.o(.text.ETH_MAC_SetAddressFilter))
<BR>[Address Reference Count : 1]<UL><LI> eth_mac_stm32.o(.rodata.Driver_ETH_MAC0)
</UL>
<P><STRONG><a name="[b6]"></a>ETH_MAC_SendFrame</STRONG> (Thumb, 188 bytes, Stack size 16 bytes, eth_mac_stm32.o(.text.ETH_MAC_SendFrame))
<BR><BR>[Stack]<UL><LI>Max Depth = 60<LI>Call Chain = ETH_MAC_SendFrame &rArr; HAL_ETH_Transmit_IT &rArr; ETH_Prepare_Tx_Descriptors
</UL>
<BR>[Calls]<UL><LI><a href="#[11d]">&gt;&gt;</a>&nbsp;&nbsp;&nbsp;HAL_ETH_Transmit_IT
<LI><a href="#[11c]">&gt;&gt;</a>&nbsp;&nbsp;&nbsp;__aeabi_memcpy
</UL>
<BR>[Address Reference Count : 1]<UL><LI> eth_mac_stm32.o(.rodata.Driver_ETH_MAC0)
</UL>
<P><STRONG><a name="[b7]"></a>ETH_MAC_ReadFrame</STRONG> (Thumb, 62 bytes, Stack size 16 bytes, eth_mac_stm32.o(.text.ETH_MAC_ReadFrame))
<BR><BR>[Stack]<UL><LI>Max Depth = 16<LI>Call Chain = ETH_MAC_ReadFrame
</UL>
<BR>[Calls]<UL><LI><a href="#[11c]">&gt;&gt;</a>&nbsp;&nbsp;&nbsp;__aeabi_memcpy
</UL>
<BR>[Address Reference Count : 1]<UL><LI> eth_mac_stm32.o(.rodata.Driver_ETH_MAC0)
</UL>
<P><STRONG><a name="[b8]"></a>ETH_MAC_GetRxFrameSize</STRONG> (Thumb, 40 bytes, Stack size 16 bytes, eth_mac_stm32.o(.text.ETH_MAC_GetRxFrameSize))
<BR><BR>[Stack]<UL><LI>Max Depth = 72<LI>Call Chain = ETH_MAC_GetRxFrameSize &rArr; HAL_ETH_ReadData
</UL>
<BR>[Calls]<UL><LI><a href="#[115]">&gt;&gt;</a>&nbsp;&nbsp;&nbsp;HAL_ETH_ReadData
</UL>
<BR>[Address Reference Count : 1]<UL><LI> eth_mac_stm32.o(.rodata.Driver_ETH_MAC0)
</UL>
<P><STRONG><a name="[b9]"></a>ETH_MAC_GetRxFrameTime</STRONG> (Thumb, 6 bytes, Stack size 0 bytes, eth_mac_stm32.o(.text.ETH_MAC_GetRxFrameTime))
<BR>[Address Reference Count : 1]<UL><LI> eth_mac_stm32.o(.rodata.Driver_ETH_MAC0)
</UL>
<P><STRONG><a name="[ba]"></a>ETH_MAC_GetTxFrameTime</STRONG> (Thumb, 6 bytes, Stack size 0 bytes, eth_mac_stm32.o(.text.ETH_MAC_GetTxFrameTime))
<BR>[Address Reference Count : 1]<UL><LI> eth_mac_stm32.o(.rodata.Driver_ETH_MAC0)
</UL>
<P><STRONG><a name="[bb]"></a>ETH_MAC_ControlTimer</STRONG> (Thumb, 6 bytes, Stack size 0 bytes, eth_mac_stm32.o(.text.ETH_MAC_ControlTimer))
<BR>[Address Reference Count : 1]<UL><LI> eth_mac_stm32.o(.rodata.Driver_ETH_MAC0)
</UL>
<P><STRONG><a name="[bc]"></a>ETH_MAC_Control</STRONG> (Thumb, 308 bytes, Stack size 24 bytes, eth_mac_stm32.o(.text.ETH_MAC_Control))
<BR><BR>[Stack]<UL><LI>Max Depth = 80<LI>Call Chain = ETH_MAC_Control &rArr; HAL_ETH_Start_IT &rArr; HAL_Delay
</UL>
<BR>[Calls]<UL><LI><a href="#[114]">&gt;&gt;</a>&nbsp;&nbsp;&nbsp;HAL_ETH_SetMACFilterConfig
<LI><a href="#[113]">&gt;&gt;</a>&nbsp;&nbsp;&nbsp;HAL_ETH_SetMACConfig
<LI><a href="#[111]">&gt;&gt;</a>&nbsp;&nbsp;&nbsp;HAL_ETH_GetMACConfig
<LI><a href="#[112]">&gt;&gt;</a>&nbsp;&nbsp;&nbsp;HAL_ETH_Stop_IT
<LI><a href="#[110]">&gt;&gt;</a>&nbsp;&nbsp;&nbsp;HAL_ETH_Start_IT
</UL>
<BR>[Address Reference Count : 1]<UL><LI> eth_mac_stm32.o(.rodata.Driver_ETH_MAC0)
</UL>
<P><STRONG><a name="[bd]"></a>ETH_MAC_PHY_Read</STRONG> (Thumb, 44 bytes, Stack size 16 bytes, eth_mac_stm32.o(.text.ETH_MAC_PHY_Read))
<BR><BR>[Stack]<UL><LI>Max Depth = 40<LI>Call Chain = ETH_MAC_PHY_Read &rArr; HAL_ETH_ReadPHYRegister
</UL>
<BR>[Calls]<UL><LI><a href="#[117]">&gt;&gt;</a>&nbsp;&nbsp;&nbsp;HAL_ETH_ReadPHYRegister
</UL>
<BR>[Address Reference Count : 1]<UL><LI> eth_mac_stm32.o(.rodata.Driver_ETH_MAC0)
</UL>
<P><STRONG><a name="[be]"></a>ETH_MAC_PHY_Write</STRONG> (Thumb, 30 bytes, Stack size 8 bytes, eth_mac_stm32.o(.text.ETH_MAC_PHY_Write))
<BR><BR>[Stack]<UL><LI>Max Depth = 24<LI>Call Chain = ETH_MAC_PHY_Write &rArr; HAL_ETH_WritePHYRegister
</UL>
<BR>[Calls]<UL><LI><a href="#[118]">&gt;&gt;</a>&nbsp;&nbsp;&nbsp;HAL_ETH_WritePHYRegister
</UL>
<BR>[Address Reference Count : 1]<UL><LI> eth_mac_stm32.o(.rodata.Driver_ETH_MAC0)
</UL>
<P><STRONG><a name="[120]"></a>EventRecordItem</STRONG> (Thumb, 1874 bytes, Stack size 28 bytes, eventrecorder.o(.text.EventRecordItem))
<BR><BR>[Stack]<UL><LI>Max Depth = 28<LI>Call Chain = EventRecordItem
</UL>
<BR>[Called By]<UL><LI><a href="#[11e]">&gt;&gt;</a>&nbsp;&nbsp;&nbsp;EventRecord2
<LI><a href="#[121]">&gt;&gt;</a>&nbsp;&nbsp;&nbsp;EventRecord4
</UL>

<P><STRONG><a name="[210]"></a>arp_sender_valid</STRONG> (Thumb, 154 bytes, Stack size 8 bytes, net_arp.o(.text.arp_sender_valid))
<BR><BR>[Stack]<UL><LI>Max Depth = 8<LI>Call Chain = arp_sender_valid
</UL>
<BR>[Called By]<UL><LI><a href="#[20f]">&gt;&gt;</a>&nbsp;&nbsp;&nbsp;net_arp_process
</UL>

<P><STRONG><a name="[1ca]"></a>arp_send_reply</STRONG> (Thumb, 116 bytes, Stack size 24 bytes, net_arp.o(.text.arp_send_reply))
<BR><BR>[Stack]<UL><LI>Max Depth = 116<LI>Call Chain = arp_send_reply &rArr; net_mem_alloc &rArr; netos_lock &rArr; osMutexAcquire &rArr; EvrRtxMutexAcquire &rArr; EventRecord2 &rArr; EventRecordItem
</UL>
<BR>[Calls]<UL><LI><a href="#[1cb]">&gt;&gt;</a>&nbsp;&nbsp;&nbsp;net_mem_alloc
<LI><a href="#[1c9]">&gt;&gt;</a>&nbsp;&nbsp;&nbsp;net_mem_free
</UL>
<BR>[Called By]<UL><LI><a href="#[20f]">&gt;&gt;</a>&nbsp;&nbsp;&nbsp;net_arp_process
</UL>

<P><STRONG><a name="[1c8]"></a>arp_proc_response</STRONG> (Thumb, 210 bytes, Stack size 32 bytes, net_arp.o(.text.arp_proc_response))
<BR><BR>[Stack]<UL><LI>Max Depth = 116<LI>Call Chain = arp_proc_response &rArr; net_mem_free &rArr; netos_lock &rArr; osMutexAcquire &rArr; EvrRtxMutexAcquire &rArr; EventRecord2 &rArr; EventRecordItem
</UL>
<BR>[Calls]<UL><LI><a href="#[1c9]">&gt;&gt;</a>&nbsp;&nbsp;&nbsp;net_mem_free
</UL>
<BR>[Called By]<UL><LI><a href="#[20f]">&gt;&gt;</a>&nbsp;&nbsp;&nbsp;net_arp_process
</UL>

<P><STRONG><a name="[c7]"></a>eth0_callback</STRONG> (Thumb, 12 bytes, Stack size 0 bytes, net_config.o(.text.eth0_callback))
<BR><BR>[Stack]<UL><LI>Max Depth = 100<LI>Call Chain = eth0_callback &rArr; net_eth_callback &rArr; netos_flag_set &rArr; osThreadFlagsSet &rArr; osRtxPostProcess &rArr; osRtxKernelErrorNotify &rArr; EvrRtxKernelErrorNotify &rArr; EventRecord2 &rArr; EventRecordItem
</UL>
<BR>[Calls]<UL><LI><a href="#[1cc]">&gt;&gt;</a>&nbsp;&nbsp;&nbsp;net_eth_callback
</UL>
<BR>[Address Reference Count : 1]<UL><LI> net_config.o(.rodata.eth0_ll_config)
</UL>
<P><STRONG><a name="[1f3]"></a>eth_check_link</STRONG> (Thumb, 154 bytes, Stack size 8 bytes, net_eth.o(.text.eth_check_link))
<BR><BR>[Stack]<UL><LI>Max Depth = 8<LI>Call Chain = eth_check_link
</UL>
<BR>[Called By]<UL><LI><a href="#[80]">&gt;&gt;</a>&nbsp;&nbsp;&nbsp;netETH_Thread
</UL>

<P><STRONG><a name="[1cd]"></a>eth_config_mcast</STRONG> (Thumb, 208 bytes, Stack size 16 bytes, net_eth.o(.text.eth_config_mcast))
<BR><BR>[Stack]<UL><LI>Max Depth = 116<LI>Call Chain = eth_config_mcast &rArr; netif_unlock &rArr; osSemaphoreRelease &rArr; osRtxPostProcess &rArr; osRtxKernelErrorNotify &rArr; EvrRtxKernelErrorNotify &rArr; EventRecord2 &rArr; EventRecordItem
</UL>
<BR>[Calls]<UL><LI><a href="#[1cf]">&gt;&gt;</a>&nbsp;&nbsp;&nbsp;netif_unlock
<LI><a href="#[1ce]">&gt;&gt;</a>&nbsp;&nbsp;&nbsp;netif_lock
<LI><a href="#[1cb]">&gt;&gt;</a>&nbsp;&nbsp;&nbsp;net_mem_alloc
<LI><a href="#[1c9]">&gt;&gt;</a>&nbsp;&nbsp;&nbsp;net_mem_free
</UL>
<BR>[Called By]<UL><LI><a href="#[d3]">&gt;&gt;</a>&nbsp;&nbsp;&nbsp;net_eth_iface_run
</UL>

<P><STRONG><a name="[7f]"></a>nbns_listener</STRONG> (Thumb, 322 bytes, Stack size 40 bytes, net_nbns_client.o(.text.nbns_listener))
<BR><BR>[Stack]<UL><LI>Max Depth = 244<LI>Call Chain = nbns_listener &rArr; net_udp_send_if &rArr; net_ip4_send_frame &rArr; net_ip4_frag_get &rArr; net_mem_alloc &rArr; netos_lock &rArr; osMutexAcquire &rArr; EvrRtxMutexAcquire &rArr; EventRecord2 &rArr; EventRecordItem
</UL>
<BR>[Calls]<UL><LI><a href="#[1e4]">&gt;&gt;</a>&nbsp;&nbsp;&nbsp;net_strcasecmp
<LI><a href="#[1cb]">&gt;&gt;</a>&nbsp;&nbsp;&nbsp;net_mem_alloc
<LI><a href="#[1c9]">&gt;&gt;</a>&nbsp;&nbsp;&nbsp;net_mem_free
<LI><a href="#[11c]">&gt;&gt;</a>&nbsp;&nbsp;&nbsp;__aeabi_memcpy
<LI><a href="#[1e5]">&gt;&gt;</a>&nbsp;&nbsp;&nbsp;strlen
<LI><a href="#[1e3]">&gt;&gt;</a>&nbsp;&nbsp;&nbsp;base16_decode
<LI><a href="#[1e7]">&gt;&gt;</a>&nbsp;&nbsp;&nbsp;net_udp_send_if
<LI><a href="#[1e6]">&gt;&gt;</a>&nbsp;&nbsp;&nbsp;net_udp_get_buf
</UL>
<BR>[Address Reference Count : 1]<UL><LI> net_nbns_client.o(.text.net_nbns_client_init)
</UL>
<P><STRONG><a name="[1e3]"></a>base16_decode</STRONG> (Thumb, 436 bytes, Stack size 32 bytes, net_nbns_client.o(.text.base16_decode))
<BR><BR>[Stack]<UL><LI>Max Depth = 32<LI>Call Chain = base16_decode
</UL>
<BR>[Called By]<UL><LI><a href="#[7f]">&gt;&gt;</a>&nbsp;&nbsp;&nbsp;nbns_listener
</UL>

<P><STRONG><a name="[244]"></a>tcp_send_ctrl</STRONG> (Thumb, 128 bytes, Stack size 16 bytes, net_tcp.o(.text.tcp_send_ctrl))
<BR><BR>[Stack]<UL><LI>Max Depth = 220<LI>Call Chain = tcp_send_ctrl &rArr; tcp_write &rArr; net_ip4_send_frame &rArr; net_ip4_frag_get &rArr; net_mem_alloc &rArr; netos_lock &rArr; osMutexAcquire &rArr; EvrRtxMutexAcquire &rArr; EventRecord2 &rArr; EventRecordItem
</UL>
<BR>[Calls]<UL><LI><a href="#[1cb]">&gt;&gt;</a>&nbsp;&nbsp;&nbsp;net_mem_alloc
<LI><a href="#[1c9]">&gt;&gt;</a>&nbsp;&nbsp;&nbsp;net_mem_free
<LI><a href="#[282]">&gt;&gt;</a>&nbsp;&nbsp;&nbsp;tcp_write
</UL>
<BR>[Called By]<UL><LI><a href="#[248]">&gt;&gt;</a>&nbsp;&nbsp;&nbsp;tcp_que_resend
<LI><a href="#[21e]">&gt;&gt;</a>&nbsp;&nbsp;&nbsp;net_tcp_process
<LI><a href="#[d8]">&gt;&gt;</a>&nbsp;&nbsp;&nbsp;net_tcp_socket_run
</UL>

<P><STRONG><a name="[282]"></a>tcp_write</STRONG> (Thumb, 268 bytes, Stack size 48 bytes, net_tcp.o(.text.tcp_write))
<BR><BR>[Stack]<UL><LI>Max Depth = 204<LI>Call Chain = tcp_write &rArr; net_ip4_send_frame &rArr; net_ip4_frag_get &rArr; net_mem_alloc &rArr; netos_lock &rArr; osMutexAcquire &rArr; EvrRtxMutexAcquire &rArr; EventRecord2 &rArr; EventRecordItem
</UL>
<BR>[Calls]<UL><LI><a href="#[206]">&gt;&gt;</a>&nbsp;&nbsp;&nbsp;net_ip4_get_local
<LI><a href="#[232]">&gt;&gt;</a>&nbsp;&nbsp;&nbsp;net_ip4_chksum
<LI><a href="#[22b]">&gt;&gt;</a>&nbsp;&nbsp;&nbsp;net_ip6_tx_offl_hl
<LI><a href="#[228]">&gt;&gt;</a>&nbsp;&nbsp;&nbsp;net_ip6_send_frame
<LI><a href="#[225]">&gt;&gt;</a>&nbsp;&nbsp;&nbsp;net_ip6_chksum
<LI><a href="#[230]">&gt;&gt;</a>&nbsp;&nbsp;&nbsp;net_ip4_tx_offl_hl
<LI><a href="#[22e]">&gt;&gt;</a>&nbsp;&nbsp;&nbsp;net_ip4_send_frame
</UL>
<BR>[Called By]<UL><LI><a href="#[241]">&gt;&gt;</a>&nbsp;&nbsp;&nbsp;tcp_send_reset
<LI><a href="#[248]">&gt;&gt;</a>&nbsp;&nbsp;&nbsp;tcp_que_resend
<LI><a href="#[244]">&gt;&gt;</a>&nbsp;&nbsp;&nbsp;tcp_send_ctrl
</UL>

<P><STRONG><a name="[243]"></a>tcp_transit</STRONG> (Thumb, 170 bytes, Stack size 8 bytes, net_tcp.o(.text.tcp_transit))
<BR><BR>[Stack]<UL><LI>Max Depth = 92<LI>Call Chain = tcp_transit &rArr; net_mem_free &rArr; netos_lock &rArr; osMutexAcquire &rArr; EvrRtxMutexAcquire &rArr; EventRecord2 &rArr; EventRecordItem
</UL>
<BR>[Calls]<UL><LI><a href="#[1c9]">&gt;&gt;</a>&nbsp;&nbsp;&nbsp;net_mem_free
</UL>
<BR>[Called By]<UL><LI><a href="#[21e]">&gt;&gt;</a>&nbsp;&nbsp;&nbsp;net_tcp_process
</UL>

<P><STRONG><a name="[248]"></a>tcp_que_resend</STRONG> (Thumb, 242 bytes, Stack size 24 bytes, net_tcp.o(.text.tcp_que_resend))
<BR><BR>[Stack]<UL><LI>Max Depth = 244<LI>Call Chain = tcp_que_resend &rArr; tcp_send_ctrl &rArr; tcp_write &rArr; net_ip4_send_frame &rArr; net_ip4_frag_get &rArr; net_mem_alloc &rArr; netos_lock &rArr; osMutexAcquire &rArr; EvrRtxMutexAcquire &rArr; EventRecord2 &rArr; EventRecordItem
</UL>
<BR>[Calls]<UL><LI><a href="#[282]">&gt;&gt;</a>&nbsp;&nbsp;&nbsp;tcp_write
<LI><a href="#[244]">&gt;&gt;</a>&nbsp;&nbsp;&nbsp;tcp_send_ctrl
</UL>
<BR>[Called By]<UL><LI><a href="#[d8]">&gt;&gt;</a>&nbsp;&nbsp;&nbsp;net_tcp_socket_run
</UL>

<P><STRONG><a name="[241]"></a>tcp_send_reset</STRONG> (Thumb, 130 bytes, Stack size 24 bytes, net_tcp.o(.text.tcp_send_reset))
<BR><BR>[Stack]<UL><LI>Max Depth = 228<LI>Call Chain = tcp_send_reset &rArr; tcp_write &rArr; net_ip4_send_frame &rArr; net_ip4_frag_get &rArr; net_mem_alloc &rArr; netos_lock &rArr; osMutexAcquire &rArr; EvrRtxMutexAcquire &rArr; EventRecord2 &rArr; EventRecordItem
</UL>
<BR>[Calls]<UL><LI><a href="#[1cb]">&gt;&gt;</a>&nbsp;&nbsp;&nbsp;net_mem_alloc
<LI><a href="#[1c9]">&gt;&gt;</a>&nbsp;&nbsp;&nbsp;net_mem_free
<LI><a href="#[282]">&gt;&gt;</a>&nbsp;&nbsp;&nbsp;tcp_write
</UL>
<BR>[Called By]<UL><LI><a href="#[21e]">&gt;&gt;</a>&nbsp;&nbsp;&nbsp;net_tcp_process
</UL>

<P><STRONG><a name="[242]"></a>tcp_parse_opt</STRONG> (Thumb, 100 bytes, Stack size 8 bytes, net_tcp.o(.text.tcp_parse_opt))
<BR><BR>[Stack]<UL><LI>Max Depth = 8<LI>Call Chain = tcp_parse_opt
</UL>
<BR>[Called By]<UL><LI><a href="#[21e]">&gt;&gt;</a>&nbsp;&nbsp;&nbsp;net_tcp_process
</UL>

<P><STRONG><a name="[246]"></a>tcp_proc_dupack</STRONG> (Thumb, 136 bytes, Stack size 0 bytes, net_tcp.o(.text.tcp_proc_dupack))
<BR><BR>[Called By]<UL><LI><a href="#[21e]">&gt;&gt;</a>&nbsp;&nbsp;&nbsp;net_tcp_process
</UL>

<P><STRONG><a name="[247]"></a>tcp_proc_acknr</STRONG> (Thumb, 260 bytes, Stack size 24 bytes, net_tcp.o(.text.tcp_proc_acknr))
<BR><BR>[Stack]<UL><LI>Max Depth = 108<LI>Call Chain = tcp_proc_acknr &rArr; net_mem_free &rArr; netos_lock &rArr; osMutexAcquire &rArr; EvrRtxMutexAcquire &rArr; EventRecord2 &rArr; EventRecordItem
</UL>
<BR>[Calls]<UL><LI><a href="#[1c9]">&gt;&gt;</a>&nbsp;&nbsp;&nbsp;net_mem_free
</UL>
<BR>[Called By]<UL><LI><a href="#[21e]">&gt;&gt;</a>&nbsp;&nbsp;&nbsp;net_tcp_process
</UL>
<P>
<H3>
Undefined Global Symbols
</H3><HR></body></html>
