Component: Arm Compiler for Embedded 6.23 Tool: armlink [5f102400]

==============================================================================

Section Cross References

    startup_stm32f407xx.o(STACK) refers (Special) to heapauxi.o(.text) for __use_two_region_memory
    startup_stm32f407xx.o(HEAP) refers (Special) to heapauxi.o(.text) for __use_two_region_memory
    startup_stm32f407xx.o(RESET) refers (Special) to heapauxi.o(.text) for __use_two_region_memory
    startup_stm32f407xx.o(RESET) refers to startup_stm32f407xx.o(STACK) for __initial_sp
    startup_stm32f407xx.o(RESET) refers to startup_stm32f407xx.o(.text) for Reset_Handler
    startup_stm32f407xx.o(RESET) refers to stm32f4xx_it.o(.text.NMI_Handler) for NMI_Handler
    startup_stm32f407xx.o(RESET) refers to stm32f4xx_it.o(.text.HardFault_Handler) for HardFault_Handler
    startup_stm32f407xx.o(RESET) refers to stm32f4xx_it.o(.text.MemManage_Handler) for MemManage_Handler
    startup_stm32f407xx.o(RESET) refers to stm32f4xx_it.o(.text.BusFault_Handler) for BusFault_Handler
    startup_stm32f407xx.o(RESET) refers to stm32f4xx_it.o(.text.UsageFault_Handler) for UsageFault_Handler
    startup_stm32f407xx.o(RESET) refers to stm32f4xx_it.o(.text.SVC_Handler) for SVC_Handler
    startup_stm32f407xx.o(RESET) refers to stm32f4xx_it.o(.text.DebugMon_Handler) for DebugMon_Handler
    startup_stm32f407xx.o(RESET) refers to stm32f4xx_it.o(.text.PendSV_Handler) for PendSV_Handler
    startup_stm32f407xx.o(RESET) refers to stm32f4xx_it.o(.text.SysTick_Handler) for SysTick_Handler
    startup_stm32f407xx.o(RESET) refers to stm32f4xx_it.o(.text.TIM3_IRQHandler) for TIM3_IRQHandler
    startup_stm32f407xx.o(RESET) refers to stm32f4xx_it.o(.text.TIM4_IRQHandler) for TIM4_IRQHandler
    startup_stm32f407xx.o(RESET) refers to stm32f4xx_it.o(.text.USART3_IRQHandler) for USART3_IRQHandler
    startup_stm32f407xx.o(RESET) refers to stm32f4xx_it.o(.text.TIM8_TRG_COM_TIM14_IRQHandler) for TIM8_TRG_COM_TIM14_IRQHandler
    startup_stm32f407xx.o(RESET) refers to stm32f4xx_it.o(.text.TIM5_IRQHandler) for TIM5_IRQHandler
    startup_stm32f407xx.o(.text) refers (Special) to heapauxi.o(.text) for __use_two_region_memory
    startup_stm32f407xx.o(.text) refers to system_stm32f4xx.o(.text.SystemInit) for SystemInit
    startup_stm32f407xx.o(.text) refers to __main.o(!!!main) for __main
    startup_stm32f407xx.o(.text) refers to startup_stm32f407xx.o(HEAP) for Heap_Mem
    startup_stm32f407xx.o(.text) refers to startup_stm32f407xx.o(STACK) for Stack_Mem
    control.o(.ARM.exidx.text.controlIni) refers to control.o(.text.controlIni) for [Anonymous Symbol]
    control.o(.text.setControlTarget) refers to controllerdata.o(.text.getCH_Per) for getCH_Per
    control.o(.text.setControlTarget) refers to control.o(.bss.controlTarget) for controlTarget
    control.o(.text.setControlTarget) refers to controllerdata.o(.text.getCH_Shift) for getCH_Shift
    control.o(.text.setControlTarget) refers to control.o(.text.controllerToTarget) for controllerToTarget
    control.o(.text.setControlTarget) refers to control.o(.bss.PID_Left) for PID_Left
    control.o(.text.setControlTarget) refers to control.o(.bss.PID_Right) for PID_Right
    control.o(.ARM.exidx.text.setControlTarget) refers to control.o(.text.setControlTarget) for [Anonymous Symbol]
    control.o(.ARM.exidx.text.controllerToTarget) refers to control.o(.text.controllerToTarget) for [Anonymous Symbol]
    control.o(.text.control) refers to control.o(.bss.leftMotoSpeed) for leftMotoSpeed
    control.o(.text.control) refers to pid.o(.text.speedCal) for speedCal
    control.o(.text.control) refers to control.o(.bss.rightMotoSpeed) for rightMotoSpeed
    control.o(.text.control) refers to control.o(.bss.PID_Left) for PID_Left
    control.o(.text.control) refers to pid.o(.text.PID_Cal) for PID_Cal
    control.o(.text.control) refers to control.o(.bss.PID_Right) for PID_Right
    control.o(.text.control) refers to moto.o(.text.MotoActivate) for MotoActivate
    control.o(.ARM.exidx.text.control) refers to control.o(.text.control) for [Anonymous Symbol]
    moto.o(.text.MotoFor) refers to main.o(.bss.htim2) for htim2
    moto.o(.text.MotoFor) refers to main.o(.bss.htim9) for htim9
    moto.o(.ARM.exidx.text.MotoFor) refers to moto.o(.text.MotoFor) for [Anonymous Symbol]
    moto.o(.text.MotoBack) refers to main.o(.bss.htim2) for htim2
    moto.o(.text.MotoBack) refers to main.o(.bss.htim9) for htim9
    moto.o(.ARM.exidx.text.MotoBack) refers to moto.o(.text.MotoBack) for [Anonymous Symbol]
    moto.o(.text.motoInit) refers to main.o(.bss.htim2) for htim2
    moto.o(.text.motoInit) refers to stm32f4xx_hal_tim.o(.text.HAL_TIM_PWM_Start) for HAL_TIM_PWM_Start
    moto.o(.text.motoInit) refers to main.o(.bss.htim9) for htim9
    moto.o(.text.motoInit) refers to moto.o(.text.MotoFor) for MotoFor
    moto.o(.text.motoInit) refers to moto.o(.text.MotoBack) for MotoBack
    moto.o(.text.motoInit) refers to main.o(.bss.htim4) for htim4
[...]
    .ARM.Collect$$libinit$$0000001F          0x0800022e   Section        0  libinit2.o(.ARM.Collect$$libinit$$0000001F)
    .ARM.Collect$$libinit$$00000021          0x0800022e   Section        0  libinit2.o(.ARM.Collect$$libinit$$00000021)
    .ARM.Collect$$libinit$$00000023          0x0800022e   Section        0  libinit2.o(.ARM.Collect$$libinit$$00000023)
    .ARM.Collect$$libinit$$00000025          0x0800022e   Section        0  libinit2.o(.ARM.Collect$$libinit$$00000025)
    .ARM.Collect$$libinit$$00000027          0x0800022e   Section        0  libinit2.o(.ARM.Collect$$libinit$$00000027)
    .ARM.Collect$$libinit$$0000002E          0x0800022e   Section        0  libinit2.o(.ARM.Collect$$libinit$$0000002E)
    .ARM.Collect$$libinit$$00000030          0x0800022e   Section        0  libinit2.o(.ARM.Collect$$libinit$$00000030)
    .ARM.Collect$$libinit$$00000032          0x0800022e   Section        0  libinit2.o(.ARM.Collect$$libinit$$00000032)
    .ARM.Collect$$libinit$$00000034          0x0800022e   Section        0  libinit2.o(.ARM.Collect$$libinit$$00000034)
    .ARM.Collect$$libinit$$00000035          0x0800022e   Section        2  libinit2.o(.ARM.Collect$$libinit$$00000035)
    .ARM.Collect$$libshutdown$$00000000      0x08000230   Section        2  libshutdown.o(.ARM.Collect$$libshutdown$$00000000)
    .ARM.Collect$$libshutdown$$00000002      0x08000232   Section        0  libshutdown2.o(.ARM.Collect$$libshutdown$$00000002)
    .ARM.Collect$$libshutdown$$00000004      0x08000232   Section        0  libshutdown2.o(.ARM.Collect$$libshutdown$$00000004)
    .ARM.Collect$$libshutdown$$00000007      0x08000232   Section        0  libshutdown2.o(.ARM.Collect$$libshutdown$$00000007)
    .ARM.Collect$$libshutdown$$0000000A      0x08000232   Section        0  libshutdown2.o(.ARM.Collect$$libshutdown$$0000000A)
    .ARM.Collect$$libshutdown$$0000000C      0x08000232   Section        0  libshutdown2.o(.ARM.Collect$$libshutdown$$0000000C)
    .ARM.Collect$$libshutdown$$0000000F      0x08000232   Section        0  libshutdown2.o(.ARM.Collect$$libshutdown$$0000000F)
    .ARM.Collect$$libshutdown$$00000010      0x08000232   Section        2  libshutdown2.o(.ARM.Collect$$libshutdown$$00000010)
    .ARM.Collect$$rtentry$$00000000          0x08000234   Section        0  __rtentry.o(.ARM.Collect$$rtentry$$00000000)
    .ARM.Collect$$rtentry$$00000002          0x08000234   Section        0  __rtentry2.o(.ARM.Collect$$rtentry$$00000002)
    .ARM.Collect$$rtentry$$00000004          0x08000234   Section        6  __rtentry4.o(.ARM.Collect$$rtentry$$00000004)
    .ARM.Collect$$rtentry$$00000009          0x0800023a   Section        0  __rtentry2.o(.ARM.Collect$$rtentry$$00000009)
    .ARM.Collect$$rtentry$$0000000A          0x0800023a   Section        4  __rtentry2.o(.ARM.Collect$$rtentry$$0000000A)
    .ARM.Collect$$rtentry$$0000000C          0x0800023e   Section        0  __rtentry2.o(.ARM.Collect$$rtentry$$0000000C)
    .ARM.Collect$$rtentry$$0000000D          0x0800023e   Section        8  __rtentry2.o(.ARM.Collect$$rtentry$$0000000D)
    .ARM.Collect$$rtexit$$00000000           0x08000246   Section        2  rtexit.o(.ARM.Collect$$rtexit$$00000000)
    .ARM.Collect$$rtexit$$00000002           0x08000248   Section        0  rtexit2.o(.ARM.Collect$$rtexit$$00000002)
    .ARM.Collect$$rtexit$$00000003           0x08000248   Section        4  rtexit2.o(.ARM.Collect$$rtexit$$00000003)
    .ARM.Collect$$rtexit$$00000004           0x0800024c   Section        6  rtexit2.o(.ARM.Collect$$rtexit$$00000004)
    $v0                                      0x08000254   Number         0  startup_stm32f407xx.o(.text)
    .text                                    0x08000254   Section       64  startup_stm32f407xx.o(.text)
    .text                                    0x08000294   Section      240  lludivv7m.o(.text)
    .text                                    0x08000384   Section       78  rt_memclr_w.o(.text)
    .text                                    0x080003d2   Section        0  heapauxi.o(.text)
    .text                                    0x080003d8   Section       74  sys_stackheap_outer.o(.text)
    .text                                    0x08000422   Section        0  exit.o(.text)
    .text                                    0x08000434   Section        8  libspace.o(.text)
    .text                                    0x0800043c   Section        0  sys_exit.o(.text)
    .text                                    0x08000448   Section        2  use_no_semi.o(.text)
    .text                                    0x0800044a   Section        0  indicate_semi.o(.text)
    [Anonymous Symbol]                       0x0800044c   Section        0  stm32f4xx_it.o(.text.BusFault_Handler)
    [Anonymous Symbol]                       0x08000450   Section        0  controllerdata.o(.text.CHprocess)
    [Anonymous Symbol]                       0x08000558   Section        0  stm32f4xx_it.o(.text.DebugMon_Handler)
    [Anonymous Symbol]                       0x0800055c   Section        0  main.o(.text.Error_Handler)
    [Anonymous Symbol]                       0x08000564   Section        0  stm32f4xx_hal_dma.o(.text.HAL_DMA_Abort)
    [Anonymous Symbol]                       0x08000650   Section        0  stm32f4xx_hal_dma.o(.text.HAL_DMA_Abort_IT)
    [Anonymous Symbol]                       0x08000694   Section        0  stm32f4xx_hal_gpio.o(.text.HAL_GPIO_Init)
    [Anonymous Symbol]                       0x08000a4c   Section        0  stm32f4xx_hal.o(.text.HAL_GetTick)
    [Anonymous Symbol]                       0x08000a58   Section        0  stm32f4xx_hal.o(.text.HAL_IncTick)
    [Anonymous Symbol]                       0x08000a74   Section        0  stm32f4xx_hal.o(.text.HAL_Init)
    [Anonymous Symbol]                       0x08000aac   Section        0  stm32f4xx_hal_timebase_tim.o(.text.HAL_InitTick)
    [Anonymous Symbol]                       0x08000b9c   Section        0  stm32f4xx_hal_msp.o(.text.HAL_MspInit)
    [Anonymous Symbol]                       0x08000be8   Section        0  stm32f4xx_hal_cortex.o(.text.HAL_NVIC_EnableIRQ)
    [Anonymous Symbol]                       0x08000bfc   Section        0  stm32f4xx_hal_cortex.o(.text.HAL_NVIC_SetPriority)
    [Anonymous Symbol]                       0x08000c30   Section        0  stm32f4xx_hal_cortex.o(.text.HAL_NVIC_SetPriorityGrouping)
    [Anonymous Symbol]                       0x08000c40   Section        0  stm32f4xx_hal_rcc.o(.text.HAL_RCC_ClockConfig)
    [Anonymous Symbol]                       0x08000ea4   Section        0  stm32f4xx_hal_rcc.o(.text.HAL_RCC_GetClockConfig)
    [Anonymous Symbol]                       0x08000ef8   Section        0  stm32f4xx_hal_rcc.o(.text.HAL_RCC_GetHCLKFreq)
    [Anonymous Symbol]                       0x08000f04   Section        0  stm32f4xx_hal_rcc.o(.text.HAL_RCC_GetPCLK1Freq)
    [Anonymous Symbol]                       0x08000f28   Section        0  stm32f4xx_hal_rcc.o(.text.HAL_RCC_GetPCLK2Freq)
    [Anonymous Symbol]                       0x08000f4c   Section        0  stm32f4xx_hal_rcc.o(.text.HAL_RCC_GetSysClockFreq)
    [Anonymous Symbol]                       0x08001034   Section        0  stm32f4xx_hal_rcc.o(.text.HAL_RCC_OscConfig)
    [Anonymous Symbol]                       0x080016f4   Section        0  stm32f4xx_hal_tim_ex.o(.text.HAL_TIMEx_BreakCallback)
    [Anonymous Symbol]                       0x080016fc   Section        0  stm32f4xx_hal_tim_ex.o(.text.HAL_TIMEx_CommutCallback)
    [Anonymous Symbol]                       0x08001704   Section        0  stm32f4xx_hal_tim_ex.o(.text.HAL_TIMEx_CommutHalfCpltCallback)
    [Anonymous Symbol]                       0x0800170c   Section        0  stm32f4xx_hal_tim_ex.o(.text.HAL_TIMEx_MasterConfigSynchronization)
    [Anonymous Symbol]                       0x08001830   Section        0  stm32f4xx_hal_tim.o(.text.HAL_TIM_Base_Init)
    [Anonymous Symbol]                       0x080018e8   Section        0  stm32f4xx_hal_msp.o(.text.HAL_TIM_Base_MspInit)
    [Anonymous Symbol]                       0x080019a4   Section        0  stm32f4xx_hal_tim.o(.text.HAL_TIM_Base_Start_IT)
    [Anonymous Symbol]                       0x08001a9c   Section        0  stm32f4xx_hal_tim.o(.text.HAL_TIM_ConfigClockSource)
    [Anonymous Symbol]                       0x08001c20   Section        0  stm32f4xx_hal_tim.o(.text.HAL_TIM_Encoder_Init)
    [Anonymous Symbol]                       0x08001d6c   Section        0  stm32f4xx_hal_msp.o(.text.HAL_TIM_Encoder_MspInit)
    [Anonymous Symbol]                       0x08001e9c   Section        0  stm32f4xx_hal_tim.o(.text.HAL_TIM_Encoder_Start)
    [Anonymous Symbol]                       0x08001fec   Section        0  stm32f4xx_hal_tim.o(.text.HAL_TIM_ErrorCallback)
    [Anonymous Symbol]                       0x08001ff4   Section        0  stm32f4xx_hal_tim.o(.text.HAL_TIM_IC_CaptureCallback)
    [Anonymous Symbol]                       0x08001ffc   Section        0  stm32f4xx_hal_tim.o(.text.HAL_TIM_IC_CaptureHalfCpltCallback)
    [Anonymous Symbol]                       0x08002004   Section        0  stm32f4xx_hal_tim.o(.text.HAL_TIM_IRQHandler)
    [Anonymous Symbol]                       0x08002240   Section        0  stm32f4xx_hal_msp.o(.text.HAL_TIM_MspPostInit)
    [Anonymous Symbol]                       0x080022fc   Section        0  stm32f4xx_hal_tim.o(.text.HAL_TIM_OC_DelayElapsedCallback)
    [Anonymous Symbol]                       0x08002304   Section        0  stm32f4xx_hal_tim.o(.text.HAL_TIM_PWM_ConfigChannel)
    [Anonymous Symbol]                       0x08002448   Section        0  stm32f4xx_hal_tim.o(.text.HAL_TIM_PWM_Init)
    [Anonymous Symbol]                       0x08002500   Section        0  stm32f4xx_hal_tim.o(.text.HAL_TIM_PWM_MspInit)
    [Anonymous Symbol]                       0x08002508   Section        0  stm32f4xx_hal_tim.o(.text.HAL_TIM_PWM_PulseFinishedCallback)
    [Anonymous Symbol]                       0x08002510   Section        0  stm32f4xx_hal_tim.o(.text.HAL_TIM_PWM_PulseFinishedHalfCpltCallback)
    [Anonymous Symbol]                       0x08002518   Section        0  stm32f4xx_hal_tim.o(.text.HAL_TIM_PWM_Start)
    [Anonymous Symbol]                       0x080026e4   Section        0  main.o(.text.HAL_TIM_PeriodElapsedCallback)
    [Anonymous Symbol]                       0x08002708   Section        0  stm32f4xx_hal_tim.o(.text.HAL_TIM_PeriodElapsedHalfCpltCallback)
    [Anonymous Symbol]                       0x08002710   Section        0  stm32f4xx_hal_tim.o(.text.HAL_TIM_RegisterCallback)
    [Anonymous Symbol]                       0x0800292c   Section        0  stm32f4xx_hal_tim.o(.text.HAL_TIM_TriggerCallback)
    [Anonymous Symbol]                       0x08002934   Section        0  stm32f4xx_hal_tim.o(.text.HAL_TIM_TriggerHalfCpltCallback)
    [Anonymous Symbol]                       0x0800293c   Section        0  stm32f4xx_hal_uart.o(.text.HAL_UARTEx_RxEventCallback)
    [Anonymous Symbol]                       0x08002948   Section        0  stm32f4xx_hal_uart.o(.text.HAL_UART_AbortCpltCallback)
    [Anonymous Symbol]                       0x08002950   Section        0  stm32f4xx_hal_uart.o(.text.HAL_UART_AbortReceiveCpltCallback)
    [Anonymous Symbol]                       0x08002958   Section        0  stm32f4xx_hal_uart.o(.text.HAL_UART_AbortTransmitCpltCallback)
    [Anonymous Symbol]                       0x08002960   Section        0  stm32f4xx_hal_uart.o(.text.HAL_UART_ErrorCallback)
    [Anonymous Symbol]                       0x08002968   Section        0  stm32f4xx_hal_uart.o(.text.HAL_UART_IRQHandler)
    [Anonymous Symbol]                       0x08002dc4   Section        0  stm32f4xx_hal_uart.o(.text.HAL_UART_Init)
    [Anonymous Symbol]                       0x08002e80   Section        0  stm32f4xx_hal_msp.o(.text.HAL_UART_MspInit)
    [Anonymous Symbol]                       0x08002f7c   Section        0  stm32f4xx_hal_uart.o(.text.HAL_UART_Receive_IT)
    [Anonymous Symbol]                       0x08002fd4   Section        0  stm32f4xx_hal_uart.o(.text.HAL_UART_RegisterCallback)
    [Anonymous Symbol]                       0x080030f8   Section        0  stm32f4xx_hal_uart.o(.text.HAL_UART_RxCpltCallback)
    [Anonymous Symbol]                       0x08003100   Section        0  stm32f4xx_hal_uart.o(.text.HAL_UART_RxHalfCpltCallback)
    [Anonymous Symbol]                       0x08003108   Section        0  stm32f4xx_hal_uart.o(.text.HAL_UART_TxCpltCallback)
    [Anonymous Symbol]                       0x08003110   Section        0  stm32f4xx_hal_uart.o(.text.HAL_UART_TxHalfCpltCallback)
    [Anonymous Symbol]                       0x08003118   Section        0  stm32f4xx_it.o(.text.HardFault_Handler)
    [Anonymous Symbol]                       0x0800311c   Section        0  moto.o(.text.LeftEncoderCB)
    MX_GPIO_Init                             0x0800312d   Thumb Code   210  main.o(.text.MX_GPIO_Init)
    [Anonymous Symbol]                       0x0800312c   Section        0  main.o(.text.MX_GPIO_Init)
    MX_TIM2_Init                             0x08003201   Thumb Code   240  main.o(.text.MX_TIM2_Init)
    [Anonymous Symbol]                       0x08003200   Section        0  main.o(.text.MX_TIM2_Init)
    MX_TIM3_Init                             0x080032f1   Thumb Code   124  main.o(.text.MX_TIM3_Init)
    [Anonymous Symbol]                       0x080032f0   Section        0  main.o(.text.MX_TIM3_Init)
    MX_TIM4_Init                             0x0800336d   Thumb Code   134  main.o(.text.MX_TIM4_Init)
    [Anonymous Symbol]                       0x0800336c   Section        0  main.o(.text.MX_TIM4_Init)
    MX_TIM5_Init                             0x080033f5   Thumb Code   134  main.o(.text.MX_TIM5_Init)
    [Anonymous Symbol]                       0x080033f4   Section        0  main.o(.text.MX_TIM5_Init)
    MX_TIM9_Init                             0x0800347d   Thumb Code   210  main.o(.text.MX_TIM9_Init)
    [Anonymous Symbol]                       0x0800347c   Section        0  main.o(.text.MX_TIM9_Init)
    MX_USART3_UART_Init                      0x08003551   Thumb Code    80  main.o(.text.MX_USART3_UART_Init)
    [Anonymous Symbol]                       0x08003550   Section        0  main.o(.text.MX_USART3_UART_Init)
    [Anonymous Symbol]                       0x080035a0   Section        0  stm32f4xx_it.o(.text.MemManage_Handler)
    [Anonymous Symbol]                       0x080035a4   Section        0  moto.o(.text.MotoActivate)
    [Anonymous Symbol]                       0x08003614   Section        0  moto.o(.text.MotoBack)
    [Anonymous Symbol]                       0x08003650   Section        0  moto.o(.text.MotoFor)
    [Anonymous Symbol]                       0x0800368c   Section        0  moto.o(.text.Moto_GetCounter)
    [Anonymous Symbol]                       0x080036c8   Section        0  stm32f4xx_it.o(.text.NMI_Handler)
    NVIC_EncodePriority                      0x080036cd   Thumb Code   108  stm32f4xx_hal_cortex.o(.text.NVIC_EncodePriority)
    [Anonymous Symbol]                       0x080036cc   Section        0  stm32f4xx_hal_cortex.o(.text.NVIC_EncodePriority)
    [Anonymous Symbol]                       0x08003738   Section        0  pid.o(.text.PID_Cal)
    [Anonymous Symbol]                       0x08003858   Section        0  stm32f4xx_it.o(.text.PendSV_Handler)
    [Anonymous Symbol]                       0x0800385c   Section        0  moto.o(.text.RightEncoderCB)
    [Anonymous Symbol]                       0x0800386c   Section        0  stm32f4xx_it.o(.text.SVC_Handler)
    [Anonymous Symbol]                       0x08003870   Section        0  stm32f4xx_it.o(.text.SysTick_Handler)
    [Anonymous Symbol]                       0x08003874   Section        0  main.o(.text.SystemClock_Config)
    [Anonymous Symbol]                       0x08003934   Section        0  system_stm32f4xx.o(.text.SystemInit)
    [Anonymous Symbol]                       0x08003948   Section        0  stm32f4xx_it.o(.text.TIM3_IRQHandler)
    [Anonymous Symbol]                       0x08003958   Section        0  stm32f4xx_it.o(.text.TIM4_IRQHandler)
    [Anonymous Symbol]                       0x08003968   Section        0  stm32f4xx_it.o(.text.TIM5_IRQHandler)
    [Anonymous Symbol]                       0x08003978   Section        0  stm32f4xx_it.o(.text.TIM8_TRG_COM_TIM14_IRQHandler)
    [Anonymous Symbol]                       0x08003988   Section        0  stm32f4xx_hal_tim.o(.text.TIM_Base_SetConfig)
    [Anonymous Symbol]                       0x08003b2c   Section        0  stm32f4xx_hal_tim.o(.text.TIM_CCxChannelCmd)
    [Anonymous Symbol]                       0x08003b64   Section        0  stm32f4xx_hal_tim.o(.text.TIM_ETR_SetConfig)
    TIM_ITRx_SetConfig                       0x08003b99   Thumb Code    42  stm32f4xx_hal_tim.o(.text.TIM_ITRx_SetConfig)
    [Anonymous Symbol]                       0x08003b98   Section        0  stm32f4xx_hal_tim.o(.text.TIM_ITRx_SetConfig)
    TIM_OC1_SetConfig                        0x08003bc5   Thumb Code   234  stm32f4xx_hal_tim.o(.text.TIM_OC1_SetConfig)
    [Anonymous Symbol]                       0x08003bc4   Section        0  stm32f4xx_hal_tim.o(.text.TIM_OC1_SetConfig)
    [Anonymous Symbol]                       0x08003cb0   Section        0  stm32f4xx_hal_tim.o(.text.TIM_OC2_SetConfig)
    TIM_OC3_SetConfig                        0x08003da5   Thumb Code   242  stm32f4xx_hal_tim.o(.text.TIM_OC3_SetConfig)
    [Anonymous Symbol]                       0x08003da4   Section        0  stm32f4xx_hal_tim.o(.text.TIM_OC3_SetConfig)
    TIM_OC4_SetConfig                        0x08003e99   Thumb Code   164  stm32f4xx_hal_tim.o(.text.TIM_OC4_SetConfig)
    [Anonymous Symbol]                       0x08003e98   Section        0  stm32f4xx_hal_tim.o(.text.TIM_OC4_SetConfig)
    [Anonymous Symbol]                       0x08003f3c   Section        0  stm32f4xx_hal_tim.o(.text.TIM_ResetCallback)
    TIM_TI1_ConfigInputStage                 0x08003ffd   Thumb Code    80  stm32f4xx_hal_tim.o(.text.TIM_TI1_ConfigInputStage)
    [Anonymous Symbol]                       0x08003ffc   Section        0  stm32f4xx_hal_tim.o(.text.TIM_TI1_ConfigInputStage)
    TIM_TI2_ConfigInputStage                 0x0800404d   Thumb Code    82  stm32f4xx_hal_tim.o(.text.TIM_TI2_ConfigInputStage)
    [Anonymous Symbol]                       0x0800404c   Section        0  stm32f4xx_hal_tim.o(.text.TIM_TI2_ConfigInputStage)
    UART_DMAAbortOnError                     0x080040a1   Thumb Code    28  stm32f4xx_hal_uart.o(.text.UART_DMAAbortOnError)
    [Anonymous Symbol]                       0x080040a0   Section        0  stm32f4xx_hal_uart.o(.text.UART_DMAAbortOnError)
    UART_EndRxTransfer                       0x080040bd   Thumb Code   148  stm32f4xx_hal_uart.o(.text.UART_EndRxTransfer)
    [Anonymous Symbol]                       0x080040bc   Section        0  stm32f4xx_hal_uart.o(.text.UART_EndRxTransfer)
    UART_EndTransmit_IT                      0x08004151   Thumb Code    38  stm32f4xx_hal_uart.o(.text.UART_EndTransmit_IT)
    [Anonymous Symbol]                       0x08004150   Section        0  stm32f4xx_hal_uart.o(.text.UART_EndTransmit_IT)
    [Anonymous Symbol]                       0x08004178   Section        0  stm32f4xx_hal_uart.o(.text.UART_InitCallbacksToDefault)
    UART_Receive_IT                          0x080041ed   Thumb Code   360  stm32f4xx_hal_uart.o(.text.UART_Receive_IT)
    [Anonymous Symbol]                       0x080041ec   Section        0  stm32f4xx_hal_uart.o(.text.UART_Receive_IT)
    [Anonymous Symbol]                       0x08004354   Section        0  controllerdata.o(.text.UART_Recieve_Complete)
    UART_SetConfig                           0x08004469   Thumb Code   314  stm32f4xx_hal_uart.o(.text.UART_SetConfig)
    [Anonymous Symbol]                       0x08004468   Section        0  stm32f4xx_hal_uart.o(.text.UART_SetConfig)
    [Anonymous Symbol]                       0x080045a4   Section        0  stm32f4xx_hal_uart.o(.text.UART_Start_Receive_IT)
    UART_Transmit_IT                         0x08004609   Thumb Code   148  stm32f4xx_hal_uart.o(.text.UART_Transmit_IT)
    [Anonymous Symbol]                       0x08004608   Section        0  stm32f4xx_hal_uart.o(.text.UART_Transmit_IT)
    [Anonymous Symbol]                       0x0800469c   Section        0  stm32f4xx_it.o(.text.USART3_IRQHandler)
    [Anonymous Symbol]                       0x080046ac   Section        0  stm32f4xx_it.o(.text.UsageFault_Handler)
    __NVIC_EnableIRQ                         0x080046b1   Thumb Code    48  stm32f4xx_hal_cortex.o(.text.__NVIC_EnableIRQ)
    [Anonymous Symbol]                       0x080046b0   Section        0  stm32f4xx_hal_cortex.o(.text.__NVIC_EnableIRQ)
    __NVIC_GetPriorityGrouping               0x080046e1   Thumb Code    16  stm32f4xx_hal_cortex.o(.text.__NVIC_GetPriorityGrouping)
    [Anonymous Symbol]                       0x080046e0   Section        0  stm32f4xx_hal_cortex.o(.text.__NVIC_GetPriorityGrouping)
    __NVIC_SetPriority                       0x080046f1   Thumb Code    66  stm32f4xx_hal_cortex.o(.text.__NVIC_SetPriority)
    [Anonymous Symbol]                       0x080046f0   Section        0  stm32f4xx_hal_cortex.o(.text.__NVIC_SetPriority)
    __NVIC_SetPriorityGrouping               0x08004735   Thumb Code    60  stm32f4xx_hal_cortex.o(.text.__NVIC_SetPriorityGrouping)
    [Anonymous Symbol]                       0x08004734   Section        0  stm32f4xx_hal_cortex.o(.text.__NVIC_SetPriorityGrouping)
    [Anonymous Symbol]                       0x08004770   Section        0  control.o(.text.control)
    [Anonymous Symbol]                       0x080047cc   Section        0  control.o(.text.controllerToTarget)
    [Anonymous Symbol]                       0x08004924   Section        0  moto.o(.text.counterCal)
    [Anonymous Symbol]                       0x08004978   Section        0  controllerdata.o(.text.dataProcess)
    [Anonymous Symbol]                       0x0800498c   Section        0  moto.o(.text.eraseEncoderElapsed)
    [Anonymous Symbol]                       0x080049c8   Section        0  timer.o(.text.eraseTimerUp)
    [Anonymous Symbol]                       0x080049d8   Section        0  controllerdata.o(.text.getCH_Per)
    [Anonymous Symbol]                       0x08004a00   Section        0  controllerdata.o(.text.getCH_Shift)
    [Anonymous Symbol]                       0x08004a44   Section        0  moto.o(.text.ifEncoderElapsed)
    [Anonymous Symbol]                       0x08004a84   Section        0  controllerdata.o(.text.isDataReady)
    [Anonymous Symbol]                       0x08004a94   Section        0  timer.o(.text.isTimerUp)
    [Anonymous Symbol]                       0x08004aa4   Section        0  main.o(.text.main)
    [Anonymous Symbol]                       0x08004b04   Section        0  moto.o(.text.motoInit)
    [Anonymous Symbol]                       0x08004ba4   Section        0  control.o(.text.setControlTarget)
    [Anonymous Symbol]                       0x08004c18   Section        0  pid.o(.text.speedCal)
    [Anonymous Symbol]                       0x08004d24   Section        0  timer.o(.text.timerARR_CallBack)
    [Anonymous Symbol]                       0x08004d34   Section        0  timer.o(.text.timerIni)
    [Anonymous Symbol]                       0x08004d5c   Section        0  controllerdata.o(.text.uartInit)
    $v0                                      0x08004d98   Number         0  fpinit.o(x$fpl$fpinit)
    x$fpl$fpinit                             0x08004d98   Section       26  fpinit.o(x$fpl$fpinit)
    .bss                                     0x20000010   Section       96  libspace.o(.bss)
    Heap_Mem                                 0x200005d0   Data         512  startup_stm32f407xx.o(HEAP)
    HEAP                                     0x200005d0   Section      512  startup_stm32f407xx.o(HEAP)
    Stack_Mem                                0x200007d0   Data        1024  startup_stm32f407xx.o(STACK)
    STACK                                    0x200007d0   Section     1024  startup_stm32f407xx.o(STACK)
    __initial_sp                             0x20000bd0   Data           0  startup_stm32f407xx.o(STACK)

    Global Symbols

    Symbol Name                              Value     Ov Type        Size  Object(Section)

    BuildAttributes$$THM_ISAv4$E$P$D$K$B$S$7EM$VFPi3$EXTD16$VFPS$VFMA$PE$A:L22UL41UL21$X:L11$S22US41US21$IEEE1$IW$~IW$USESV6$~STKCKD$USESV7$~SHL$OSPACE$ROPI$EBA8$UX$STANDARDLIB$REQ8$PRES8$EABIv2 0x00000000   Number         0  anon$$obj.o ABSOLUTE
    __ARM_exceptions_init                     - Undefined Weak Reference
    __alloca_initialize                       - Undefined Weak Reference
    __arm_preinit_                            - Undefined Weak Reference
    __arm_relocate_pie_                       - Undefined Weak Reference
    __cpp_initialize__aeabi_                  - Undefined Weak Reference
    __cxa_finalize                            - Undefined Weak Reference
    __rt_locale                               - Undefined Weak Reference
    __sigvec_lookup                           - Undefined Weak Reference
    _atexit_init                              - Undefined Weak Reference
    _call_atexit_fns                          - Undefined Weak Reference
    _clock_init                               - Undefined Weak Reference
    _fp_trap_init                             - Undefined Weak Reference
    _fp_trap_shutdown                         - Undefined Weak Reference
    _get_lc_collate                           - Undefined Weak Reference
    _get_lc_ctype                             - Undefined Weak Reference
    _get_lc_monetary                          - Undefined Weak Reference
    _get_lc_numeric                           - Undefined Weak Reference
    _get_lc_time                              - Undefined Weak Reference
    _getenv_init                              - Undefined Weak Reference
    _handle_redirection                       - Undefined Weak Reference
    _init_alloc                               - Undefined Weak Reference
    _init_user_alloc                          - Undefined Weak Reference
    _initio                                   - Undefined Weak Reference
    _rand_init                                - Undefined Weak Reference
    _signal_finish                            - Undefined Weak Reference
    _signal_init                              - Undefined Weak Reference
    _terminate_alloc                          - Undefined Weak Reference
    _terminate_user_alloc                     - Undefined Weak Reference
    _terminateio                              - Undefined Weak Reference
    __Vectors_Size                           0x00000188   Number         0  startup_stm32f407xx.o ABSOLUTE
    __Vectors                                0x08000000   Data           4  startup_stm32f407xx.o(RESET)
    __Vectors_End                            0x08000188   Data           0  startup_stm32f407xx.o(RESET)
    __main                                   0x08000189   Thumb Code     8  __main.o(!!!main)
    __scatterload                            0x08000191   Thumb Code     0  __scatter.o(!!!scatter)
    __scatterload_rt2                        0x08000191   Thumb Code    84  __scatter.o(!!!scatter)
    __scatterload_rt2_thumb_only             0x08000191   Thumb Code     0  __scatter.o(!!!scatter)
    __scatterload_loop                       0x0800019b   Thumb Code     0  __scatter.o(!!!scatter)
    __scatterload_copy                       0x080001ed   Thumb Code    26  __scatter_copy.o(!!handler_copy)
    __scatterload_null                       0x08000209   Thumb Code     2  __scatter.o(!!handler_null)
    __scatterload_zeroinit                   0x0800020d   Thumb Code    28  __scatter_zi.o(!!handler_zi)
    __rt_lib_init                            0x08000229   Thumb Code     0  libinit.o(.ARM.Collect$$libinit$$00000000)
    __rt_lib_init_fp_1                       0x0800022b   Thumb Code     0  libinit2.o(.ARM.Collect$$libinit$$00000001)
    __rt_lib_init_alloca_1                   0x0800022f   Thumb Code     0  libinit2.o(.ARM.Collect$$libinit$$00000030)
    __rt_lib_init_argv_1                     0x0800022f   Thumb Code     0  libinit2.o(.ARM.Collect$$libinit$$0000002E)
    __rt_lib_init_atexit_1                   0x0800022f   Thumb Code     0  libinit2.o(.ARM.Collect$$libinit$$0000001D)
    __rt_lib_init_clock_1                    0x0800022f   Thumb Code     0  libinit2.o(.ARM.Collect$$libinit$$00000023)
    __rt_lib_init_cpp_1                      0x0800022f   Thumb Code     0  libinit2.o(.ARM.Collect$$libinit$$00000034)
    __rt_lib_init_exceptions_1               0x0800022f   Thumb Code     0  libinit2.o(.ARM.Collect$$libinit$$00000032)
    __rt_lib_init_fp_trap_1                  0x0800022f   Thumb Code     0  libinit2.o(.ARM.Collect$$libinit$$00000021)
    __rt_lib_init_getenv_1                   0x0800022f   Thumb Code     0  libinit2.o(.ARM.Collect$$libinit$$00000025)
    __rt_lib_init_heap_1                     0x0800022f   Thumb Code     0  libinit2.o(.ARM.Collect$$libinit$$0000000C)
    __rt_lib_init_lc_collate_1               0x0800022f   Thumb Code     0  libinit2.o(.ARM.Collect$$libinit$$00000013)
    __rt_lib_init_lc_ctype_1                 0x0800022f   Thumb Code     0  libinit2.o(.ARM.Collect$$libinit$$00000015)
    __rt_lib_init_lc_monetary_1              0x0800022f   Thumb Code     0  libinit2.o(.ARM.Collect$$libinit$$00000017)
    __rt_lib_init_lc_numeric_1               0x0800022f   Thumb Code     0  libinit2.o(.ARM.Collect$$libinit$$00000019)
    __rt_lib_init_lc_time_1                  0x0800022f   Thumb Code     0  libinit2.o(.ARM.Collect$$libinit$$0000001B)
    __rt_lib_init_preinit_1                  0x0800022f   Thumb Code     0  libinit2.o(.ARM.Collect$$libinit$$00000006)
    __rt_lib_init_rand_1                     0x0800022f   Thumb Code     0  libinit2.o(.ARM.Collect$$libinit$$00000010)
    __rt_lib_init_relocate_pie_1             0x0800022f   Thumb Code     0  libinit2.o(.ARM.Collect$$libinit$$00000004)
    __rt_lib_init_return                     0x0800022f   Thumb Code     0  libinit2.o(.ARM.Collect$$libinit$$00000035)
    __rt_lib_init_signal_1                   0x0800022f   Thumb Code     0  libinit2.o(.ARM.Collect$$libinit$$0000001F)
    __rt_lib_init_stdio_1                    0x0800022f   Thumb Code     0  libinit2.o(.ARM.Collect$$libinit$$00000027)
    __rt_lib_init_user_alloc_1               0x0800022f   Thumb Code     0  libinit2.o(.ARM.Collect$$libinit$$0000000E)
    __rt_lib_shutdown                        0x08000231   Thumb Code     0  libshutdown.o(.ARM.Collect$$libshutdown$$00000000)
    __rt_lib_shutdown_cpp_1                  0x08000233   Thumb Code     0  libshutdown2.o(.ARM.Collect$$libshutdown$$00000002)
    __rt_lib_shutdown_fp_trap_1              0x08000233   Thumb Code     0  libshutdown2.o(.ARM.Collect$$libshutdown$$00000007)
    __rt_lib_shutdown_heap_1                 0x08000233   Thumb Code     0  libshutdown2.o(.ARM.Collect$$libshutdown$$0000000F)
    __rt_lib_shutdown_return                 0x08000233   Thumb Code     0  libshutdown2.o(.ARM.Collect$$libshutdown$$00000010)
    __rt_lib_shutdown_signal_1               0x08000233   Thumb Code     0  libshutdown2.o(.ARM.Collect$$libshutdown$$0000000A)
    __rt_lib_shutdown_stdio_1                0x08000233   Thumb Code     0  libshutdown2.o(.ARM.Collect$$libshutdown$$00000004)
    __rt_lib_shutdown_user_alloc_1           0x08000233   Thumb Code     0  libshutdown2.o(.ARM.Collect$$libshutdown$$0000000C)
    __rt_entry                               0x08000235   Thumb Code     0  __rtentry.o(.ARM.Collect$$rtentry$$00000000)
    __rt_entry_presh_1                       0x08000235   Thumb Code     0  __rtentry2.o(.ARM.Collect$$rtentry$$00000002)
    __rt_entry_sh                            0x08000235   Thumb Code     0  __rtentry4.o(.ARM.Collect$$rtentry$$00000004)
    __rt_entry_li                            0x0800023b   Thumb Code     0  __rtentry2.o(.ARM.Collect$$rtentry$$0000000A)
    __rt_entry_postsh_1                      0x0800023b   Thumb Code     0  __rtentry2.o(.ARM.Collect$$rtentry$$00000009)
    __rt_entry_main                          0x0800023f   Thumb Code     0  __rtentry2.o(.ARM.Collect$$rtentry$$0000000D)
    __rt_entry_postli_1                      0x0800023f   Thumb Code     0  __rtentry2.o(.ARM.Collect$$rtentry$$0000000C)
    __rt_exit                                0x08000247   Thumb Code     0  rtexit.o(.ARM.Collect$$rtexit$$00000000)
    __rt_exit_ls                             0x08000249   Thumb Code     0  rtexit2.o(.ARM.Collect$$rtexit$$00000003)
    __rt_exit_prels_1                        0x08000249   Thumb Code     0  rtexit2.o(.ARM.Collect$$rtexit$$00000002)
    __rt_exit_exit                           0x0800024d   Thumb Code     0  rtexit2.o(.ARM.Collect$$rtexit$$00000004)
    Reset_Handler                            0x08000255   Thumb Code     8  startup_stm32f407xx.o(.text)
    ADC_IRQHandler                           0x0800026f   Thumb Code     0  startup_stm32f407xx.o(.text)
    CAN1_RX0_IRQHandler                      0x0800026f   Thumb Code     0  startup_stm32f407xx.o(.text)
    CAN1_RX1_IRQHandler                      0x0800026f   Thumb Code     0  startup_stm32f407xx.o(.text)
    CAN1_SCE_IRQHandler                      0x0800026f   Thumb Code     0  startup_stm32f407xx.o(.text)
    CAN1_TX_IRQHandler                       0x0800026f   Thumb Code     0  startup_stm32f407xx.o(.text)
    CAN2_RX0_IRQHandler                      0x0800026f   Thumb Code     0  startup_stm32f407xx.o(.text)
    CAN2_RX1_IRQHandler                      0x0800026f   Thumb Code     0  startup_stm32f407xx.o(.text)
    CAN2_SCE_IRQHandler                      0x0800026f   Thumb Code     0  startup_stm32f407xx.o(.text)
    CAN2_TX_IRQHandler                       0x0800026f   Thumb Code     0  startup_stm32f407xx.o(.text)
    DCMI_IRQHandler                          0x0800026f   Thumb Code     0  startup_stm32f407xx.o(.text)
    DMA1_Stream0_IRQHandler                  0x0800026f   Thumb Code     0  startup_stm32f407xx.o(.text)
    DMA1_Stream1_IRQHandler                  0x0800026f   Thumb Code     0  startup_stm32f407xx.o(.text)
    DMA1_Stream2_IRQHandler                  0x0800026f   Thumb Code     0  startup_stm32f407xx.o(.text)
    DMA1_Stream3_IRQHandler                  0x0800026f   Thumb Code     0  startup_stm32f407xx.o(.text)
    DMA1_Stream4_IRQHandler                  0x0800026f   Thumb Code     0  startup_stm32f407xx.o(.text)
    DMA1_Stream5_IRQHandler                  0x0800026f   Thumb Code     0  startup_stm32f407xx.o(.text)
    DMA1_Stream6_IRQHandler                  0x0800026f   Thumb Code     0  startup_stm32f407xx.o(.text)
    DMA1_Stream7_IRQHandler                  0x0800026f   Thumb Code     0  startup_stm32f407xx.o(.text)
    DMA2_Stream0_IRQHandler                  0x0800026f   Thumb Code     0  startup_stm32f407xx.o(.text)
    DMA2_Stream1_IRQHandler                  0x0800026f   Thumb Code     0  startup_stm32f407xx.o(.text)
    DMA2_Stream2_IRQHandler                  0x0800026f   Thumb Code     0  startup_stm32f407xx.o(.text)
    DMA2_Stream3_IRQHandler                  0x0800026f   Thumb Code     0  startup_stm32f407xx.o(.text)
    DMA2_Stream4_IRQHandler                  0x0800026f   Thumb Code     0  startup_stm32f407xx.o(.text)
    DMA2_Stream5_IRQHandler                  0x0800026f   Thumb Code     0  startup_stm32f407xx.o(.text)
    DMA2_Stream6_IRQHandler                  0x0800026f   Thumb Code     0  startup_stm32f407xx.o(.text)
    DMA2_Stream7_IRQHandler                  0x0800026f   Thumb Code     0  startup_stm32f407xx.o(.text)
    ETH_IRQHandler                           0x0800026f   Thumb Code     0  startup_stm32f407xx.o(.text)
    ETH_WKUP_IRQHandler                      0x0800026f   Thumb Code     0  startup_stm32f407xx.o(.text)
    EXTI0_IRQHandler                         0x0800026f   Thumb Code     0  startup_stm32f407xx.o(.text)
    EXTI15_10_IRQHandler                     0x0800026f   Thumb Code     0  startup_stm32f407xx.o(.text)
    EXTI1_IRQHandler                         0x0800026f   Thumb Code     0  startup_stm32f407xx.o(.text)
    EXTI2_IRQHandler                         0x0800026f   Thumb Code     0  startup_stm32f407xx.o(.text)
    EXTI3_IRQHandler                         0x0800026f   Thumb Code     0  startup_stm32f407xx.o(.text)
    EXTI4_IRQHandler                         0x0800026f   Thumb Code     0  startup_stm32f407xx.o(.text)
    EXTI9_5_IRQHandler                       0x0800026f   Thumb Code     0  startup_stm32f407xx.o(.text)
    FLASH_IRQHandler                         0x0800026f   Thumb Code     0  startup_stm32f407xx.o(.text)
    FMC_IRQHandler                           0x0800026f   Thumb Code     0  startup_stm32f407xx.o(.text)
    FPU_IRQHandler                           0x0800026f   Thumb Code     0  startup_stm32f407xx.o(.text)
    HASH_RNG_IRQHandler                      0x0800026f   Thumb Code     0  startup_stm32f407xx.o(.text)
    I2C1_ER_IRQHandler                       0x0800026f   Thumb Code     0  startup_stm32f407xx.o(.text)
    I2C1_EV_IRQHandler                       0x0800026f   Thumb Code     0  startup_stm32f407xx.o(.text)
    I2C2_ER_IRQHandler                       0x0800026f   Thumb Code     0  startup_stm32f407xx.o(.text)
    I2C2_EV_IRQHandler                       0x0800026f   Thumb Code     0  startup_stm32f407xx.o(.text)
    I2C3_ER_IRQHandler                       0x0800026f   Thumb Code     0  startup_stm32f407xx.o(.text)
    I2C3_EV_IRQHandler                       0x0800026f   Thumb Code     0  startup_stm32f407xx.o(.text)
    OTG_FS_IRQHandler                        0x0800026f   Thumb Code     0  startup_stm32f407xx.o(.text)
    OTG_FS_WKUP_IRQHandler                   0x0800026f   Thumb Code     0  startup_stm32f407xx.o(.text)
    OTG_HS_EP1_IN_IRQHandler                 0x0800026f   Thumb Code     0  startup_stm32f407xx.o(.text)
    OTG_HS_EP1_OUT_IRQHandler                0x0800026f   Thumb Code     0  startup_stm32f407xx.o(.text)
    OTG_HS_IRQHandler                        0x0800026f   Thumb Code     0  startup_stm32f407xx.o(.text)
    OTG_HS_WKUP_IRQHandler                   0x0800026f   Thumb Code     0  startup_stm32f407xx.o(.text)
    PVD_IRQHandler                           0x0800026f   Thumb Code     0  startup_stm32f407xx.o(.text)
    RCC_IRQHandler                           0x0800026f   Thumb Code     0  startup_stm32f407xx.o(.text)
    RTC_Alarm_IRQHandler                     0x0800026f   Thumb Code     0  startup_stm32f407xx.o(.text)
    RTC_WKUP_IRQHandler                      0x0800026f   Thumb Code     0  startup_stm32f407xx.o(.text)
    SDIO_IRQHandler                          0x0800026f   Thumb Code     0  startup_stm32f407xx.o(.text)
    SPI1_IRQHandler                          0x0800026f   Thumb Code     0  startup_stm32f407xx.o(.text)
    SPI2_IRQHandler                          0x0800026f   Thumb Code     0  startup_stm32f407xx.o(.text)
    SPI3_IRQHandler                          0x0800026f   Thumb Code     0  startup_stm32f407xx.o(.text)
    TAMP_STAMP_IRQHandler                    0x0800026f   Thumb Code     0  startup_stm32f407xx.o(.text)
    TIM1_BRK_TIM9_IRQHandler                 0x0800026f   Thumb Code     0  startup_stm32f407xx.o(.text)
    TIM1_CC_IRQHandler                       0x0800026f   Thumb Code     0  startup_stm32f407xx.o(.text)
    TIM1_TRG_COM_TIM11_IRQHandler            0x0800026f   Thumb Code     0  startup_stm32f407xx.o(.text)
    TIM1_UP_TIM10_IRQHandler                 0x0800026f   Thumb Code     0  startup_stm32f407xx.o(.text)
    TIM2_IRQHandler                          0x0800026f   Thumb Code     0  startup_stm32f407xx.o(.text)
    TIM6_DAC_IRQHandler                      0x0800026f   Thumb Code     0  startup_stm32f407xx.o(.text)
    TIM7_IRQHandler                          0x0800026f   Thumb Code     0  startup_stm32f407xx.o(.text)
    TIM8_BRK_TIM12_IRQHandler                0x0800026f   Thumb Code     0  startup_stm32f407xx.o(.text)
    TIM8_CC_IRQHandler                       0x0800026f   Thumb Code     0  startup_stm32f407xx.o(.text)
    TIM8_UP_TIM13_IRQHandler                 0x0800026f   Thumb Code     0  startup_stm32f407xx.o(.text)
    UART4_IRQHandler                         0x0800026f   Thumb Code     0  startup_stm32f407xx.o(.text)
    UART5_IRQHandler                         0x0800026f   Thumb Code     0  startup_stm32f407xx.o(.text)
    USART1_IRQHandler                        0x0800026f   Thumb Code     0  startup_stm32f407xx.o(.text)
    USART2_IRQHandler                        0x0800026f   Thumb Code     0  startup_stm32f407xx.o(.text)
    USART6_IRQHandler                        0x0800026f   Thumb Code     0  startup_stm32f407xx.o(.text)
    WWDG_IRQHandler                          0x0800026f   Thumb Code     0  startup_stm32f407xx.o(.text)
    __user_initial_stackheap                 0x08000271   Thumb Code     0  startup_stm32f407xx.o(.text)
    __aeabi_uldivmod                         0x08000295   Thumb Code     0  lludivv7m.o(.text)
    _ll_udiv                                 0x08000295   Thumb Code   240  lludivv7m.o(.text)
    __aeabi_memclr4                          0x08000385   Thumb Code     0  rt_memclr_w.o(.text)
    __aeabi_memclr8                          0x08000385   Thumb Code     0  rt_memclr_w.o(.text)
    __rt_memclr_w                            0x08000385   Thumb Code     0  rt_memclr_w.o(.text)
    _memset_w                                0x08000389   Thumb Code    74  rt_memclr_w.o(.text)
    __use_two_region_memory                  0x080003d3   Thumb Code     2  heapauxi.o(.text)
    __rt_heap_escrow$2region                 0x080003d5   Thumb Code     2  heapauxi.o(.text)
    __rt_heap_expand$2region                 0x080003d7   Thumb Code     2  heapauxi.o(.text)
    __user_setup_stackheap                   0x080003d9   Thumb Code    74  sys_stackheap_outer.o(.text)
    exit                                     0x08000423   Thumb Code    18  exit.o(.text)
    __user_libspace                          0x08000435   Thumb Code     8  libspace.o(.text)
    __user_perproc_libspace                  0x08000435   Thumb Code     0  libspace.o(.text)
    __user_perthread_libspace                0x08000435   Thumb Code     0  libspace.o(.text)
    _sys_exit                                0x0800043d   Thumb Code     8  sys_exit.o(.text)
    __I$use$semihosting                      0x08000449   Thumb Code     0  use_no_semi.o(.text)
    __use_no_semihosting_swi                 0x08000449   Thumb Code     2  use_no_semi.o(.text)
    __semihosting_library_function           0x0800044b   Thumb Code     0  indicate_semi.o(.text)
    BusFault_Handler                         0x0800044d   Thumb Code     4  stm32f4xx_it.o(.text.BusFault_Handler)
    CHprocess                                0x08000451   Thumb Code   264  controllerdata.o(.text.CHprocess)
    DebugMon_Handler                         0x08000559   Thumb Code     2  stm32f4xx_it.o(.text.DebugMon_Handler)
    Error_Handler                            0x0800055d   Thumb Code     6  main.o(.text.Error_Handler)
    HAL_DMA_Abort                            0x08000565   Thumb Code   236  stm32f4xx_hal_dma.o(.text.HAL_DMA_Abort)
    HAL_DMA_Abort_IT                         0x08000651   Thumb Code    68  stm32f4xx_hal_dma.o(.text.HAL_DMA_Abort_IT)
    HAL_GPIO_Init                            0x08000695   Thumb Code   950  stm32f4xx_hal_gpio.o(.text.HAL_GPIO_Init)
    HAL_GetTick                              0x08000a4d   Thumb Code    12  stm32f4xx_hal.o(.text.HAL_GetTick)
    HAL_IncTick                              0x08000a59   Thumb Code    26  stm32f4xx_hal.o(.text.HAL_IncTick)
    HAL_Init                                 0x08000a75   Thumb Code    54  stm32f4xx_hal.o(.text.HAL_Init)
    HAL_InitTick                             0x08000aad   Thumb Code   240  stm32f4xx_hal_timebase_tim.o(.text.HAL_InitTick)
    HAL_MspInit                              0x08000b9d   Thumb Code    74  stm32f4xx_hal_msp.o(.text.HAL_MspInit)
    HAL_NVIC_EnableIRQ                       0x08000be9   Thumb Code    20  stm32f4xx_hal_cortex.o(.text.HAL_NVIC_EnableIRQ)
    HAL_NVIC_SetPriority                     0x08000bfd   Thumb Code    50  stm32f4xx_hal_cortex.o(.text.HAL_NVIC_SetPriority)
    HAL_NVIC_SetPriorityGrouping             0x08000c31   Thumb Code    16  stm32f4xx_hal_cortex.o(.text.HAL_NVIC_SetPriorityGrouping)
    HAL_RCC_ClockConfig                      0x08000c41   Thumb Code   610  stm32f4xx_hal_rcc.o(.text.HAL_RCC_ClockConfig)
    HAL_RCC_GetClockConfig                   0x08000ea5   Thumb Code    84  stm32f4xx_hal_rcc.o(.text.HAL_RCC_GetClockConfig)
    HAL_RCC_GetHCLKFreq                      0x08000ef9   Thumb Code    12  stm32f4xx_hal_rcc.o(.text.HAL_RCC_GetHCLKFreq)
    HAL_RCC_GetPCLK1Freq                     0x08000f05   Thumb Code    34  stm32f4xx_hal_rcc.o(.text.HAL_RCC_GetPCLK1Freq)
    HAL_RCC_GetPCLK2Freq                     0x08000f29   Thumb Code    34  stm32f4xx_hal_rcc.o(.text.HAL_RCC_GetPCLK2Freq)
    HAL_RCC_GetSysClockFreq                  0x08000f4d   Thumb Code   230  stm32f4xx_hal_rcc.o(.text.HAL_RCC_GetSysClockFreq)
    HAL_RCC_OscConfig                        0x08001035   Thumb Code  1726  stm32f4xx_hal_rcc.o(.text.HAL_RCC_OscConfig)
    HAL_TIMEx_BreakCallback                  0x080016f5   Thumb Code     8  stm32f4xx_hal_tim_ex.o(.text.HAL_TIMEx_BreakCallback)
    HAL_TIMEx_CommutCallback                 0x080016fd   Thumb Code     8  stm32f4xx_hal_tim_ex.o(.text.HAL_TIMEx_CommutCallback)
    HAL_TIMEx_CommutHalfCpltCallback         0x08001705   Thumb Code     8  stm32f4xx_hal_tim_ex.o(.text.HAL_TIMEx_CommutHalfCpltCallback)
    HAL_TIMEx_MasterConfigSynchronization    0x0800170d   Thumb Code   290  stm32f4xx_hal_tim_ex.o(.text.HAL_TIMEx_MasterConfigSynchronization)
    HAL_TIM_Base_Init                        0x08001831   Thumb Code   184  stm32f4xx_hal_tim.o(.text.HAL_TIM_Base_Init)
    HAL_TIM_Base_MspInit                     0x080018e9   Thumb Code   188  stm32f4xx_hal_msp.o(.text.HAL_TIM_Base_MspInit)
    HAL_TIM_Base_Start_IT                    0x080019a5   Thumb Code   246  stm32f4xx_hal_tim.o(.text.HAL_TIM_Base_Start_IT)
    HAL_TIM_ConfigClockSource                0x08001a9d   Thumb Code   388  stm32f4xx_hal_tim.o(.text.HAL_TIM_ConfigClockSource)
    HAL_TIM_Encoder_Init                     0x08001c21   Thumb Code   332  stm32f4xx_hal_tim.o(.text.HAL_TIM_Encoder_Init)
    HAL_TIM_Encoder_MspInit                  0x08001d6d   Thumb Code   302  stm32f4xx_hal_msp.o(.text.HAL_TIM_Encoder_MspInit)
    HAL_TIM_Encoder_Start                    0x08001e9d   Thumb Code   334  stm32f4xx_hal_tim.o(.text.HAL_TIM_Encoder_Start)
    HAL_TIM_ErrorCallback                    0x08001fed   Thumb Code     8  stm32f4xx_hal_tim.o(.text.HAL_TIM_ErrorCallback)
    HAL_TIM_IC_CaptureCallback               0x08001ff5   Thumb Code     8  stm32f4xx_hal_tim.o(.text.HAL_TIM_IC_CaptureCallback)
    HAL_TIM_IC_CaptureHalfCpltCallback       0x08001ffd   Thumb Code     8  stm32f4xx_hal_tim.o(.text.HAL_TIM_IC_CaptureHalfCpltCallback)
    HAL_TIM_IRQHandler                       0x08002005   Thumb Code   570  stm32f4xx_hal_tim.o(.text.HAL_TIM_IRQHandler)
    HAL_TIM_MspPostInit                      0x08002241   Thumb Code   188  stm32f4xx_hal_msp.o(.text.HAL_TIM_MspPostInit)
    HAL_TIM_OC_DelayElapsedCallback          0x080022fd   Thumb Code     8  stm32f4xx_hal_tim.o(.text.HAL_TIM_OC_DelayElapsedCallback)
    HAL_TIM_PWM_ConfigChannel                0x08002305   Thumb Code   322  stm32f4xx_hal_tim.o(.text.HAL_TIM_PWM_ConfigChannel)
    HAL_TIM_PWM_Init                         0x08002449   Thumb Code   184  stm32f4xx_hal_tim.o(.text.HAL_TIM_PWM_Init)
    HAL_TIM_PWM_MspInit                      0x08002501   Thumb Code     8  stm32f4xx_hal_tim.o(.text.HAL_TIM_PWM_MspInit)
    HAL_TIM_PWM_PulseFinishedCallback        0x08002509   Thumb Code     8  stm32f4xx_hal_tim.o(.text.HAL_TIM_PWM_PulseFinishedCallback)
    HAL_TIM_PWM_PulseFinishedHalfCpltCallback 0x08002511   Thumb Code     8  stm32f4xx_hal_tim.o(.text.HAL_TIM_PWM_PulseFinishedHalfCpltCallback)
    HAL_TIM_PWM_Start                        0x08002519   Thumb Code   458  stm32f4xx_hal_tim.o(.text.HAL_TIM_PWM_Start)
    HAL_TIM_PeriodElapsedCallback            0x080026e5   Thumb Code    34  main.o(.text.HAL_TIM_PeriodElapsedCallback)
    HAL_TIM_PeriodElapsedHalfCpltCallback    0x08002709   Thumb Code     8  stm32f4xx_hal_tim.o(.text.HAL_TIM_PeriodElapsedHalfCpltCallback)
    HAL_TIM_RegisterCallback                 0x08002711   Thumb Code   538  stm32f4xx_hal_tim.o(.text.HAL_TIM_RegisterCallback)
    HAL_TIM_TriggerCallback                  0x0800292d   Thumb Code     8  stm32f4xx_hal_tim.o(.text.HAL_TIM_TriggerCallback)
    HAL_TIM_TriggerHalfCpltCallback          0x08002935   Thumb Code     8  stm32f4xx_hal_tim.o(.text.HAL_TIM_TriggerHalfCpltCallback)
    HAL_UARTEx_RxEventCallback               0x0800293d   Thumb Code    12  stm32f4xx_hal_uart.o(.text.HAL_UARTEx_RxEventCallback)
    HAL_UART_AbortCpltCallback               0x08002949   Thumb Code     8  stm32f4xx_hal_uart.o(.text.HAL_UART_AbortCpltCallback)
    HAL_UART_AbortReceiveCpltCallback        0x08002951   Thumb Code     8  stm32f4xx_hal_uart.o(.text.HAL_UART_AbortReceiveCpltCallback)
    HAL_UART_AbortTransmitCpltCallback       0x08002959   Thumb Code     8  stm32f4xx_hal_uart.o(.text.HAL_UART_AbortTransmitCpltCallback)
    HAL_UART_ErrorCallback                   0x08002961   Thumb Code     8  stm32f4xx_hal_uart.o(.text.HAL_UART_ErrorCallback)
    HAL_UART_IRQHandler                      0x08002969   Thumb Code  1116  stm32f4xx_hal_uart.o(.text.HAL_UART_IRQHandler)
    HAL_UART_Init                            0x08002dc5   Thumb Code   186  stm32f4xx_hal_uart.o(.text.HAL_UART_Init)
    HAL_UART_MspInit                         0x08002e81   Thumb Code   250  stm32f4xx_hal_msp.o(.text.HAL_UART_MspInit)
    HAL_UART_Receive_IT                      0x08002f7d   Thumb Code    86  stm32f4xx_hal_uart.o(.text.HAL_UART_Receive_IT)
    HAL_UART_RegisterCallback                0x08002fd5   Thumb Code   290  stm32f4xx_hal_uart.o(.text.HAL_UART_RegisterCallback)
    HAL_UART_RxCpltCallback                  0x080030f9   Thumb Code     8  stm32f4xx_hal_uart.o(.text.HAL_UART_RxCpltCallback)
    HAL_UART_RxHalfCpltCallback              0x08003101   Thumb Code     8  stm32f4xx_hal_uart.o(.text.HAL_UART_RxHalfCpltCallback)
    HAL_UART_TxCpltCallback                  0x08003109   Thumb Code     8  stm32f4xx_hal_uart.o(.text.HAL_UART_TxCpltCallback)
    HAL_UART_TxHalfCpltCallback              0x08003111   Thumb Code     8  stm32f4xx_hal_uart.o(.text.HAL_UART_TxHalfCpltCallback)
    HardFault_Handler                        0x08003119   Thumb Code     4  stm32f4xx_it.o(.text.HardFault_Handler)
    LeftEncoderCB                            0x0800311d   Thumb Code    14  moto.o(.text.LeftEncoderCB)
    MemManage_Handler                        0x080035a1   Thumb Code     4  stm32f4xx_it.o(.text.MemManage_Handler)
    MotoActivate                             0x080035a5   Thumb Code   108  moto.o(.text.MotoActivate)
    MotoBack                                 0x08003615   Thumb Code    58  moto.o(.text.MotoBack)
    MotoFor                                  0x08003651   Thumb Code    58  moto.o(.text.MotoFor)
    Moto_GetCounter                          0x0800368d   Thumb Code    58  moto.o(.text.Moto_GetCounter)
    NMI_Handler                              0x080036c9   Thumb Code     4  stm32f4xx_it.o(.text.NMI_Handler)
    PID_Cal                                  0x08003739   Thumb Code   280  pid.o(.text.PID_Cal)
    PendSV_Handler                           0x08003859   Thumb Code     2  stm32f4xx_it.o(.text.PendSV_Handler)
    RightEncoderCB                           0x0800385d   Thumb Code    14  moto.o(.text.RightEncoderCB)
    SVC_Handler                              0x0800386d   Thumb Code     2  stm32f4xx_it.o(.text.SVC_Handler)
    SysTick_Handler                          0x08003871   Thumb Code     2  stm32f4xx_it.o(.text.SysTick_Handler)
    SystemClock_Config                       0x08003875   Thumb Code   190  main.o(.text.SystemClock_Config)
    SystemInit                               0x08003935   Thumb Code    18  system_stm32f4xx.o(.text.SystemInit)
    TIM3_IRQHandler                          0x08003949   Thumb Code    16  stm32f4xx_it.o(.text.TIM3_IRQHandler)
    TIM4_IRQHandler                          0x08003959   Thumb Code    16  stm32f4xx_it.o(.text.TIM4_IRQHandler)
    TIM5_IRQHandler                          0x08003969   Thumb Code    16  stm32f4xx_it.o(.text.TIM5_IRQHandler)
    TIM8_TRG_COM_TIM14_IRQHandler            0x08003979   Thumb Code    16  stm32f4xx_it.o(.text.TIM8_TRG_COM_TIM14_IRQHandler)
    TIM_Base_SetConfig                       0x08003989   Thumb Code   420  stm32f4xx_hal_tim.o(.text.TIM_Base_SetConfig)
    TIM_CCxChannelCmd                        0x08003b2d   Thumb Code    54  stm32f4xx_hal_tim.o(.text.TIM_CCxChannelCmd)
    TIM_ETR_SetConfig                        0x08003b65   Thumb Code    52  stm32f4xx_hal_tim.o(.text.TIM_ETR_SetConfig)
    TIM_OC2_SetConfig                        0x08003cb1   Thumb Code   244  stm32f4xx_hal_tim.o(.text.TIM_OC2_SetConfig)
    TIM_ResetCallback                        0x08003f3d   Thumb Code   190  stm32f4xx_hal_tim.o(.text.TIM_ResetCallback)
    UART_InitCallbacksToDefault              0x08004179   Thumb Code   116  stm32f4xx_hal_uart.o(.text.UART_InitCallbacksToDefault)
    UART_Recieve_Complete                    0x08004355   Thumb Code   274  controllerdata.o(.text.UART_Recieve_Complete)
    UART_Start_Receive_IT                    0x080045a5   Thumb Code    98  stm32f4xx_hal_uart.o(.text.UART_Start_Receive_IT)
    USART3_IRQHandler                        0x0800469d   Thumb Code    16  stm32f4xx_it.o(.text.USART3_IRQHandler)
    UsageFault_Handler                       0x080046ad   Thumb Code     4  stm32f4xx_it.o(.text.UsageFault_Handler)
    control                                  0x08004771   Thumb Code    92  control.o(.text.control)
    controllerToTarget                       0x080047cd   Thumb Code   344  control.o(.text.controllerToTarget)
    counterCal                               0x08004925   Thumb Code    80  moto.o(.text.counterCal)
    dataProcess                              0x08004979   Thumb Code    20  controllerdata.o(.text.dataProcess)
    eraseEncoderElapsed                      0x0800498d   Thumb Code    58  moto.o(.text.eraseEncoderElapsed)
    eraseTimerUp                             0x080049c9   Thumb Code    14  timer.o(.text.eraseTimerUp)
    getCH_Per                                0x080049d9   Thumb Code    36  controllerdata.o(.text.getCH_Per)
    getCH_Shift                              0x08004a01   Thumb Code    68  controllerdata.o(.text.getCH_Shift)
    ifEncoderElapsed                         0x08004a45   Thumb Code    62  moto.o(.text.ifEncoderElapsed)
    isDataReady                              0x08004a85   Thumb Code    16  controllerdata.o(.text.isDataReady)
    isTimerUp                                0x08004a95   Thumb Code    16  timer.o(.text.isTimerUp)
    main                                     0x08004aa5   Thumb Code    96  main.o(.text.main)
    motoInit                                 0x08004b05   Thumb Code   160  moto.o(.text.motoInit)
    setControlTarget                         0x08004ba5   Thumb Code   112  control.o(.text.setControlTarget)
    speedCal                                 0x08004c19   Thumb Code   260  pid.o(.text.speedCal)
    timerARR_CallBack                        0x08004d25   Thumb Code    14  timer.o(.text.timerARR_CallBack)
    timerIni                                 0x08004d35   Thumb Code    38  timer.o(.text.timerIni)
    uartInit                                 0x08004d5d   Thumb Code    60  controllerdata.o(.text.uartInit)
    _fp_init                                 0x08004d99   Thumb Code    26  fpinit.o(x$fpl$fpinit)
    __fplib_config_fpu_vfp                   0x08004db1   Thumb Code     0  fpinit.o(x$fpl$fpinit)
    __fplib_config_pureend_doubles           0x08004db1   Thumb Code     0  fpinit.o(x$fpl$fpinit)
    AHBPrescTable                            0x08004db2   Data          16  system_stm32f4xx.o(.rodata.AHBPrescTable)
    APBPrescTable                            0x08004dc2   Data           8  system_stm32f4xx.o(.rodata.APBPrescTable)
    Region$$Table$$Base                      0x08004dcc   Number         0  anon$$obj.o(Region$$Table)
    Region$$Table$$Limit                     0x08004dec   Number         0  anon$$obj.o(Region$$Table)
    SystemCoreClock                          0x20000000   Data           4  system_stm32f4xx.o(.data.SystemCoreClock)
    uwTickFreq                               0x20000004   Data           1  stm32f4xx_hal.o(.data.uwTickFreq)
    uwTickPrio                               0x20000008   Data           4  stm32f4xx_hal.o(.data.uwTickPrio)
    __libspace_start                         0x20000010   Data          96  libspace.o(.bss)
    CH                                       0x20000070   Data          32  controllerdata.o(.bss.CH)
    __temporary_stack_top$libspace           0x20000070   Data           0  libspace.o(.bss)
    Frame_data                               0x20000090   Data          25  controllerdata.o(.bss.Frame_data)
    PID_Left                                 0x200000ac   Data          12  control.o(.bss.PID_Left)
    PID_Right                                0x200000b8   Data          12  control.o(.bss.PID_Right)
    REC_Status                               0x200000c4   Data           1  controllerdata.o(.bss.REC_Status)
    REC_data                                 0x200000c5   Data           1  controllerdata.o(.bss.REC_data)
    controlTarget                            0x200000c8   Data          20  control.o(.bss.controlTarget)
    dataReady                                0x200000dc   Data           1  controllerdata.o(.bss.dataReady)
    datapoi                                  0x200000dd   Data           1  controllerdata.o(.bss.datapoi)
    htim14                                   0x200000e0   Data         180  stm32f4xx_hal_timebase_tim.o(.bss.htim14)
    htim2                                    0x20000194   Data         180  main.o(.bss.htim2)
    htim3                                    0x20000248   Data         180  main.o(.bss.htim3)
    htim4                                    0x200002fc   Data         180  main.o(.bss.htim4)
    htim5                                    0x200003b0   Data         180  main.o(.bss.htim5)
    htim9                                    0x20000464   Data         180  main.o(.bss.htim9)
    huart3                                   0x20000518   Data         120  main.o(.bss.huart3)
    leftEncoderElapsed                       0x20000590   Data           1  moto.o(.bss.leftEncoderElapsed)
    leftMotoSpeed                            0x20000594   Data          24  control.o(.bss.leftMotoSpeed)
    rightEncoderElapsed                      0x200005ac   Data           1  moto.o(.bss.rightEncoderElapsed)
    rightMotoSpeed                           0x200005b0   Data          24  control.o(.bss.rightMotoSpeed)
    timerUp                                  0x200005c8   Data           1  timer.o(.bss.timerUp)
    uwTick                                   0x200005cc   Data           4  stm32f4xx_hal.o(.bss.uwTick)



==============================================================================

Memory Map of the image

  Image Entry point : 0x08000189

  Load Region LR_IROM1 (Base: 0x08000000, Size: 0x00004e00, Max: 0x00080000, ABSOLUTE)

    Execution Region ER_IROM1 (Exec base: 0x08000000, Load base: 0x08000000, Size: 0x00004dec, Max: 0x00080000, ABSOLUTE)

    Exec Addr    Load Addr    Size         Type   Attr      Idx    E Section Name        Object

    0x08000000   0x08000000   0x00000188   Data   RO            3    RESET               startup_stm32f407xx.o
    0x08000188   0x08000188   0x00000008   Code   RO         1180  * !!!main             c_w.l(__main.o)
    0x08000190   0x08000190   0x0000005c   Code   RO         1355    !!!scatter          c_w.l(__scatter.o)
    0x080001ec   0x080001ec   0x0000001a   Code   RO         1359    !!handler_copy      c_w.l(__scatter_copy.o)
    0x08000206   0x08000206   0x00000002   PAD
    0x08000208   0x08000208   0x00000002   Code   RO         1356    !!handler_null      c_w.l(__scatter.o)
    0x0800020a   0x0800020a   0x00000002   PAD
    0x0800020c   0x0800020c   0x0000001c   Code   RO         1361    !!handler_zi        c_w.l(__scatter_zi.o)
    0x08000228   0x08000228   0x00000002   Code   RO         1217    .ARM.Collect$$libinit$$00000000  c_w.l(libinit.o)
    0x0800022a   0x0800022a   0x00000004   Code   RO         1229    .ARM.Collect$$libinit$$00000001  c_w.l(libinit2.o)
    0x0800022e   0x0800022e   0x00000000   Code   RO         1232    .ARM.Collect$$libinit$$00000004  c_w.l(libinit2.o)
    0x0800022e   0x0800022e   0x00000000   Code   RO         1234    .ARM.Collect$$libinit$$00000006  c_w.l(libinit2.o)
    0x0800022e   0x0800022e   0x00000000   Code   RO         1237    .ARM.Collect$$libinit$$0000000C  c_w.l(libinit2.o)
    0x0800022e   0x0800022e   0x00000000   Code   RO         1239    .ARM.Collect$$libinit$$0000000E  c_w.l(libinit2.o)
    0x0800022e   0x0800022e   0x00000000   Code   RO         1241    .ARM.Collect$$libinit$$00000010  c_w.l(libinit2.o)
    0x0800022e   0x0800022e   0x00000000   Code   RO         1244    .ARM.Collect$$libinit$$00000013  c_w.l(libinit2.o)
    0x0800022e   0x0800022e   0x00000000   Code   RO         1246    .ARM.Collect$$libinit$$00000015  c_w.l(libinit2.o)
    0x0800022e   0x0800022e   0x00000000   Code   RO         1248    .ARM.Collect$$libinit$$00000017  c_w.l(libinit2.o)
    0x0800022e   0x0800022e   0x00000000   Code   RO         1250    .ARM.Collect$$libinit$$00000019  c_w.l(libinit2.o)
    0x0800022e   0x0800022e   0x00000000   Code   RO         1252    .ARM.Collect$$libinit$$0000001B  c_w.l(libinit2.o)
    0x0800022e   0x0800022e   0x00000000   Code   RO         1254    .ARM.Collect$$libinit$$0000001D  c_w.l(libinit2.o)
    0x0800022e   0x0800022e   0x00000000   Code   RO         1256    .ARM.Collect$$libinit$$0000001F  c_w.l(libinit2.o)
    0x0800022e   0x0800022e   0x00000000   Code   RO         1258    .ARM.Collect$$libinit$$00000021  c_w.l(libinit2.o)
    0x0800022e   0x0800022e   0x00000000   Code   RO         1260    .ARM.Collect$$libinit$$00000023  c_w.l(libinit2.o)
    0x0800022e   0x0800022e   0x00000000   Code   RO         1262    .ARM.Collect$$libinit$$00000025  c_w.l(libinit2.o)
    0x0800022e   0x0800022e   0x00000000   Code   RO         1264    .ARM.Collect$$libinit$$00000027  c_w.l(libinit2.o)
    0x0800022e   0x0800022e   0x00000000   Code   RO         1268    .ARM.Collect$$libinit$$0000002E  c_w.l(libinit2.o)
    0x0800022e   0x0800022e   0x00000000   Code   RO         1270    .ARM.Collect$$libinit$$00000030  c_w.l(libinit2.o)
    0x0800022e   0x0800022e   0x00000000   Code   RO         1272    .ARM.Collect$$libinit$$00000032  c_w.l(libinit2.o)
    0x0800022e   0x0800022e   0x00000000   Code   RO         1274    .ARM.Collect$$libinit$$00000034  c_w.l(libinit2.o)
    0x0800022e   0x0800022e   0x00000002   Code   RO         1275    .ARM.Collect$$libinit$$00000035  c_w.l(libinit2.o)
    0x08000230   0x08000230   0x00000002   Code   RO         1310    .ARM.Collect$$libshutdown$$00000000  c_w.l(libshutdown.o)
    0x08000232   0x08000232   0x00000000   Code   RO         1338    .ARM.Collect$$libshutdown$$00000002  c_w.l(libshutdown2.o)
    0x08000232   0x08000232   0x00000000   Code   RO         1340    .ARM.Collect$$libshutdown$$00000004  c_w.l(libshutdown2.o)
    0x08000232   0x08000232   0x00000000   Code   RO         1343    .ARM.Collect$$libshutdown$$00000007  c_w.l(libshutdown2.o)
    0x08000232   0x08000232   0x00000000   Code   RO         1346    .ARM.Collect$$libshutdown$$0000000A  c_w.l(libshutdown2.o)
    0x08000232   0x08000232   0x00000000   Code   RO         1348    .ARM.Collect$$libshutdown$$0000000C  c_w.l(libshutdown2.o)
    0x08000232   0x08000232   0x00000000   Code   RO         1351    .ARM.Collect$$libshutdown$$0000000F  c_w.l(libshutdown2.o)
    0x08000232   0x08000232   0x00000002   Code   RO         1352    .ARM.Collect$$libshutdown$$00000010  c_w.l(libshutdown2.o)
    0x08000234   0x08000234   0x00000000   Code   RO         1182    .ARM.Collect$$rtentry$$00000000  c_w.l(__rtentry.o)
    0x08000234   0x08000234   0x00000000   Code   RO         1188    .ARM.Collect$$rtentry$$00000002  c_w.l(__rtentry2.o)
    0x08000234   0x08000234   0x00000006   Code   RO         1200    .ARM.Collect$$rtentry$$00000004  c_w.l(__rtentry4.o)
    0x0800023a   0x0800023a   0x00000000   Code   RO         1190    .ARM.Collect$$rtentry$$00000009  c_w.l(__rtentry2.o)
    0x0800023a   0x0800023a   0x00000004   Code   RO         1191    .ARM.Collect$$rtentry$$0000000A  c_w.l(__rtentry2.o)
    0x0800023e   0x0800023e   0x00000000   Code   RO         1193    .ARM.Collect$$rtentry$$0000000C  c_w.l(__rtentry2.o)
    0x0800023e   0x0800023e   0x00000008   Code   RO         1194    .ARM.Collect$$rtentry$$0000000D  c_w.l(__rtentry2.o)
    0x08000246   0x08000246   0x00000002   Code   RO         1221    .ARM.Collect$$rtexit$$00000000  c_w.l(rtexit.o)
    0x08000248   0x08000248   0x00000000   Code   RO         1281    .ARM.Collect$$rtexit$$00000002  c_w.l(rtexit2.o)
    0x08000248   0x08000248   0x00000004   Code   RO         1282    .ARM.Collect$$rtexit$$00000003  c_w.l(rtexit2.o)
    0x0800024c   0x0800024c   0x00000006   Code   RO         1283    .ARM.Collect$$rtexit$$00000004  c_w.l(rtexit2.o)
    0x08000252   0x08000252   0x00000002   PAD
    0x08000254   0x08000254   0x00000040   Code   RO            4    .text               startup_stm32f407xx.o
    0x08000294   0x08000294   0x000000f0   Code   RO         1174    .text               c_w.l(lludivv7m.o)
    0x08000384   0x08000384   0x0000004e   Code   RO         1176    .text               c_w.l(rt_memclr_w.o)
    0x080003d2   0x080003d2   0x00000006   Code   RO         1178    .text               c_w.l(heapauxi.o)
    0x080003d8   0x080003d8   0x0000004a   Code   RO         1204    .text               c_w.l(sys_stackheap_outer.o)
    0x08000422   0x08000422   0x00000012   Code   RO         1206    .text               c_w.l(exit.o)
    0x08000434   0x08000434   0x00000008   Code   RO         1218    .text               c_w.l(libspace.o)
    0x0800043c   0x0800043c   0x0000000c   Code   RO         1276    .text               c_w.l(sys_exit.o)
    0x08000448   0x08000448   0x00000002   Code   RO         1299    .text               c_w.l(use_no_semi.o)
    0x0800044a   0x0800044a   0x00000000   Code   RO         1301    .text               c_w.l(indicate_semi.o)
    0x0800044a   0x0800044a   0x00000002   PAD
    0x0800044c   0x0800044c   0x00000004   Code   RO          172    .text.BusFault_Handler  stm32f4xx_it.o
    0x08000450   0x08000450   0x00000108   Code   RO           89    .text.CHprocess     controllerdata.o
    0x08000558   0x08000558   0x00000002   Code   RO          178    .text.DebugMon_Handler  stm32f4xx_it.o
    0x0800055a   0x0800055a   0x00000002   PAD
    0x0800055c   0x0800055c   0x00000006   Code   RO          147    .text.Error_Handler  main.o
    0x08000562   0x08000562   0x00000002   PAD
    0x08000564   0x08000564   0x000000ec   Code   RO          768    .text.HAL_DMA_Abort  stm32f4xx_hal_dma.o
    0x08000650   0x08000650   0x00000044   Code   RO          770    .text.HAL_DMA_Abort_IT  stm32f4xx_hal_dma.o
    0x08000694   0x08000694   0x000003b6   Code   RO          716    .text.HAL_GPIO_Init  stm32f4xx_hal_gpio.o
    0x08000a4a   0x08000a4a   0x00000002   PAD
    0x08000a4c   0x08000a4c   0x0000000c   Code   RO          941    .text.HAL_GetTick   stm32f4xx_hal.o
    0x08000a58   0x08000a58   0x0000001a   Code   RO          939    .text.HAL_IncTick   stm32f4xx_hal.o
    0x08000a72   0x08000a72   0x00000002   PAD
    0x08000a74   0x08000a74   0x00000036   Code   RO          929    .text.HAL_Init      stm32f4xx_hal.o
    0x08000aaa   0x08000aaa   0x00000002   PAD
    0x08000aac   0x08000aac   0x000000f0   Code   RO          224    .text.HAL_InitTick  stm32f4xx_hal_timebase_tim.o
    0x08000b9c   0x08000b9c   0x0000004a   Code   RO          201    .text.HAL_MspInit   stm32f4xx_hal_msp.o
    0x08000be6   0x08000be6   0x00000002   PAD
    0x08000be8   0x08000be8   0x00000014   Code   RO          864    .text.HAL_NVIC_EnableIRQ  stm32f4xx_hal_cortex.o
    0x08000bfc   0x08000bfc   0x00000032   Code   RO          856    .text.HAL_NVIC_SetPriority  stm32f4xx_hal_cortex.o
    0x08000c2e   0x08000c2e   0x00000002   PAD
    0x08000c30   0x08000c30   0x00000010   Code   RO          852    .text.HAL_NVIC_SetPriorityGrouping  stm32f4xx_hal_cortex.o
    0x08000c40   0x08000c40   0x00000262   Code   RO          584    .text.HAL_RCC_ClockConfig  stm32f4xx_hal_rcc.o
    0x08000ea2   0x08000ea2   0x00000002   PAD
    0x08000ea4   0x08000ea4   0x00000054   Code   RO          602    .text.HAL_RCC_GetClockConfig  stm32f4xx_hal_rcc.o
    0x08000ef8   0x08000ef8   0x0000000c   Code   RO          594    .text.HAL_RCC_GetHCLKFreq  stm32f4xx_hal_rcc.o
    0x08000f04   0x08000f04   0x00000022   Code   RO          596    .text.HAL_RCC_GetPCLK1Freq  stm32f4xx_hal_rcc.o
    0x08000f26   0x08000f26   0x00000002   PAD
    0x08000f28   0x08000f28   0x00000022   Code   RO          598    .text.HAL_RCC_GetPCLK2Freq  stm32f4xx_hal_rcc.o
    0x08000f4a   0x08000f4a   0x00000002   PAD
    0x08000f4c   0x08000f4c   0x000000e6   Code   RO          586    .text.HAL_RCC_GetSysClockFreq  stm32f4xx_hal_rcc.o
    0x08001032   0x08001032   0x00000002   PAD
    0x08001034   0x08001034   0x000006be   Code   RO          582    .text.HAL_RCC_OscConfig  stm32f4xx_hal_rcc.o
    0x080016f2   0x080016f2   0x00000002   PAD
    0x080016f4   0x080016f4   0x00000008   Code   RO          567    .text.HAL_TIMEx_BreakCallback  stm32f4xx_hal_tim_ex.o
    0x080016fc   0x080016fc   0x00000008   Code   RO          563    .text.HAL_TIMEx_CommutCallback  stm32f4xx_hal_tim_ex.o
    0x08001704   0x08001704   0x00000008   Code   RO          565    .text.HAL_TIMEx_CommutHalfCpltCallback  stm32f4xx_hal_tim_ex.o
    0x0800170c   0x0800170c   0x00000122   Code   RO          557    .text.HAL_TIMEx_MasterConfigSynchronization  stm32f4xx_hal_tim_ex.o
    0x0800182e   0x0800182e   0x00000002   PAD
    0x08001830   0x08001830   0x000000b8   Code   RO          238    .text.HAL_TIM_Base_Init  stm32f4xx_hal_tim.o
    0x080018e8   0x080018e8   0x000000bc   Code   RO          203    .text.HAL_TIM_Base_MspInit  stm32f4xx_hal_msp.o
    0x080019a4   0x080019a4   0x000000f6   Code   RO          254    .text.HAL_TIM_Base_Start_IT  stm32f4xx_hal_tim.o
    0x08001a9a   0x08001a9a   0x00000002   PAD
    0x08001a9c   0x08001a9c   0x00000184   Code   RO          422    .text.HAL_TIM_ConfigClockSource  stm32f4xx_hal_tim.o
    0x08001c20   0x08001c20   0x0000014c   Code   RO          354    .text.HAL_TIM_Encoder_Init  stm32f4xx_hal_tim.o
    0x08001d6c   0x08001d6c   0x0000012e   Code   RO          205    .text.HAL_TIM_Encoder_MspInit  stm32f4xx_hal_msp.o
    0x08001e9a   0x08001e9a   0x00000002   PAD
    0x08001e9c   0x08001e9c   0x0000014e   Code   RO          362    .text.HAL_TIM_Encoder_Start  stm32f4xx_hal_tim.o
    0x08001fea   0x08001fea   0x00000002   PAD
    0x08001fec   0x08001fec   0x00000008   Code   RO          458    .text.HAL_TIM_ErrorCallback  stm32f4xx_hal_tim.o
    0x08001ff4   0x08001ff4   0x00000008   Code   RO          446    .text.HAL_TIM_IC_CaptureCallback  stm32f4xx_hal_tim.o
    0x08001ffc   0x08001ffc   0x00000008   Code   RO          448    .text.HAL_TIM_IC_CaptureHalfCpltCallback  stm32f4xx_hal_tim.o
    0x08002004   0x08002004   0x0000023a   Code   RO          374    .text.HAL_TIM_IRQHandler  stm32f4xx_hal_tim.o
    0x0800223e   0x0800223e   0x00000002   PAD
    0x08002240   0x08002240   0x000000bc   Code   RO          207    .text.HAL_TIM_MspPostInit  stm32f4xx_hal_msp.o
    0x080022fc   0x080022fc   0x00000008   Code   RO          444    .text.HAL_TIM_OC_DelayElapsedCallback  stm32f4xx_hal_tim.o
    0x08002304   0x08002304   0x00000142   Code   RO          396    .text.HAL_TIM_PWM_ConfigChannel  stm32f4xx_hal_tim.o
    0x08002446   0x08002446   0x00000002   PAD
    0x08002448   0x08002448   0x000000b8   Code   RO          294    .text.HAL_TIM_PWM_Init  stm32f4xx_hal_tim.o
    0x08002500   0x08002500   0x00000008   Code   RO          296    .text.HAL_TIM_PWM_MspInit  stm32f4xx_hal_tim.o
    0x08002508   0x08002508   0x00000008   Code   RO          450    .text.HAL_TIM_PWM_PulseFinishedCallback  stm32f4xx_hal_tim.o
    0x08002510   0x08002510   0x00000008   Code   RO          452    .text.HAL_TIM_PWM_PulseFinishedHalfCpltCallback  stm32f4xx_hal_tim.o
    0x08002518   0x08002518   0x000001ca   Code   RO          302    .text.HAL_TIM_PWM_Start  stm32f4xx_hal_tim.o
    0x080026e2   0x080026e2   0x00000002   PAD
    0x080026e4   0x080026e4   0x00000022   Code   RO          149    .text.HAL_TIM_PeriodElapsedCallback  main.o
    0x08002706   0x08002706   0x00000002   PAD
    0x08002708   0x08002708   0x00000008   Code   RO          442    .text.HAL_TIM_PeriodElapsedHalfCpltCallback  stm32f4xx_hal_tim.o
    0x08002710   0x08002710   0x0000021a   Code   RO          460    .text.HAL_TIM_RegisterCallback  stm32f4xx_hal_tim.o
    0x0800292a   0x0800292a   0x00000002   PAD
    0x0800292c   0x0800292c   0x00000008   Code   RO          454    .text.HAL_TIM_TriggerCallback  stm32f4xx_hal_tim.o
    0x08002934   0x08002934   0x00000008   Code   RO          456    .text.HAL_TIM_TriggerHalfCpltCallback  stm32f4xx_hal_tim.o
    0x0800293c   0x0800293c   0x0000000c   Code   RO         1060    .text.HAL_UARTEx_RxEventCallback  stm32f4xx_hal_uart.o
    0x08002948   0x08002948   0x00000008   Code   RO         1050    .text.HAL_UART_AbortCpltCallback  stm32f4xx_hal_uart.o
    0x08002950   0x08002950   0x00000008   Code   RO         1054    .text.HAL_UART_AbortReceiveCpltCallback  stm32f4xx_hal_uart.o
    0x08002958   0x08002958   0x00000008   Code   RO         1052    .text.HAL_UART_AbortTransmitCpltCallback  stm32f4xx_hal_uart.o
    0x08002960   0x08002960   0x00000008   Code   RO         1048    .text.HAL_UART_ErrorCallback  stm32f4xx_hal_uart.o
    0x08002968   0x08002968   0x0000045c   Code   RO         1124    .text.HAL_UART_IRQHandler  stm32f4xx_hal_uart.o
    0x08002dc4   0x08002dc4   0x000000ba   Code   RO         1018    .text.HAL_UART_Init  stm32f4xx_hal_uart.o
    0x08002e7e   0x08002e7e   0x00000002   PAD
    0x08002e80   0x08002e80   0x000000fa   Code   RO          213    .text.HAL_UART_MspInit  stm32f4xx_hal_msp.o
    0x08002f7a   0x08002f7a   0x00000002   PAD
    0x08002f7c   0x08002f7c   0x00000056   Code   RO         1070    .text.HAL_UART_Receive_IT  stm32f4xx_hal_uart.o
    0x08002fd2   0x08002fd2   0x00000002   PAD
    0x08002fd4   0x08002fd4   0x00000122   Code   RO         1036    .text.HAL_UART_RegisterCallback  stm32f4xx_hal_uart.o
    0x080030f6   0x080030f6   0x00000002   PAD
    0x080030f8   0x080030f8   0x00000008   Code   RO         1046    .text.HAL_UART_RxCpltCallback  stm32f4xx_hal_uart.o
    0x08003100   0x08003100   0x00000008   Code   RO         1044    .text.HAL_UART_RxHalfCpltCallback  stm32f4xx_hal_uart.o
    0x08003108   0x08003108   0x00000008   Code   RO         1042    .text.HAL_UART_TxCpltCallback  stm32f4xx_hal_uart.o
    0x08003110   0x08003110   0x00000008   Code   RO         1040    .text.HAL_UART_TxHalfCpltCallback  stm32f4xx_hal_uart.o
    0x08003118   0x08003118   0x00000004   Code   RO          168    .text.HardFault_Handler  stm32f4xx_it.o
    0x0800311c   0x0800311c   0x0000000e   Code   RO           37    .text.LeftEncoderCB  moto.o
    0x0800312a   0x0800312a   0x00000002   PAD
    0x0800312c   0x0800312c   0x000000d2   Code   RO          133    .text.MX_GPIO_Init  main.o
    0x080031fe   0x080031fe   0x00000002   PAD
    0x08003200   0x08003200   0x000000f0   Code   RO          135    .text.MX_TIM2_Init  main.o
    0x080032f0   0x080032f0   0x0000007c   Code   RO          145    .text.MX_TIM3_Init  main.o
    0x0800336c   0x0800336c   0x00000086   Code   RO          137    .text.MX_TIM4_Init  main.o
    0x080033f2   0x080033f2   0x00000002   PAD
    0x080033f4   0x080033f4   0x00000086   Code   RO          143    .text.MX_TIM5_Init  main.o
    0x0800347a   0x0800347a   0x00000002   PAD
    0x0800347c   0x0800347c   0x000000d2   Code   RO          139    .text.MX_TIM9_Init  main.o
    0x0800354e   0x0800354e   0x00000002   PAD
    0x08003550   0x08003550   0x00000050   Code   RO          141    .text.MX_USART3_UART_Init  main.o
    0x080035a0   0x080035a0   0x00000004   Code   RO          170    .text.MemManage_Handler  stm32f4xx_it.o
    0x080035a4   0x080035a4   0x00000070   Code   RO           47    .text.MotoActivate  moto.o
    0x08003614   0x08003614   0x0000003a   Code   RO           33    .text.MotoBack      moto.o
    0x0800364e   0x0800364e   0x00000002   PAD
    0x08003650   0x08003650   0x0000003a   Code   RO           31    .text.MotoFor       moto.o
    0x0800368a   0x0800368a   0x00000002   PAD
    0x0800368c   0x0800368c   0x0000003a   Code   RO           49    .text.Moto_GetCounter  moto.o
    0x080036c6   0x080036c6   0x00000002   PAD
    0x080036c8   0x080036c8   0x00000004   Code   RO          166    .text.NMI_Handler   stm32f4xx_it.o
    0x080036cc   0x080036cc   0x0000006c   Code   RO          862    .text.NVIC_EncodePriority  stm32f4xx_hal_cortex.o
    0x08003738   0x08003738   0x00000120   Code   RO           68    .text.PID_Cal       pid.o
    0x08003858   0x08003858   0x00000002   Code   RO          180    .text.PendSV_Handler  stm32f4xx_it.o
    0x0800385a   0x0800385a   0x00000002   PAD
    0x0800385c   0x0800385c   0x0000000e   Code   RO           39    .text.RightEncoderCB  moto.o
    0x0800386a   0x0800386a   0x00000002   PAD
    0x0800386c   0x0800386c   0x00000002   Code   RO          176    .text.SVC_Handler   stm32f4xx_it.o
    0x0800386e   0x0800386e   0x00000002   PAD
    0x08003870   0x08003870   0x00000002   Code   RO          182    .text.SysTick_Handler  stm32f4xx_it.o
    0x08003872   0x08003872   0x00000002   PAD
    0x08003874   0x08003874   0x000000be   Code   RO          131    .text.SystemClock_Config  main.o
    0x08003932   0x08003932   0x00000002   PAD
    0x08003934   0x08003934   0x00000012   Code   RO         1159    .text.SystemInit    system_stm32f4xx.o
    0x08003946   0x08003946   0x00000002   PAD
    0x08003948   0x08003948   0x00000010   Code   RO          184    .text.TIM3_IRQHandler  stm32f4xx_it.o
    0x08003958   0x08003958   0x00000010   Code   RO          186    .text.TIM4_IRQHandler  stm32f4xx_it.o
    0x08003968   0x08003968   0x00000010   Code   RO          192    .text.TIM5_IRQHandler  stm32f4xx_it.o
    0x08003978   0x08003978   0x00000010   Code   RO          190    .text.TIM8_TRG_COM_TIM14_IRQHandler  stm32f4xx_it.o
    0x08003988   0x08003988   0x000001a4   Code   RO          244    .text.TIM_Base_SetConfig  stm32f4xx_hal_tim.o
    0x08003b2c   0x08003b2c   0x00000036   Code   RO          278    .text.TIM_CCxChannelCmd  stm32f4xx_hal_tim.o
    0x08003b62   0x08003b62   0x00000002   PAD
    0x08003b64   0x08003b64   0x00000034   Code   RO          420    .text.TIM_ETR_SetConfig  stm32f4xx_hal_tim.o
    0x08003b98   0x08003b98   0x0000002a   Code   RO          426    .text.TIM_ITRx_SetConfig  stm32f4xx_hal_tim.o
    0x08003bc2   0x08003bc2   0x00000002   PAD
    0x08003bc4   0x08003bc4   0x000000ea   Code   RO          378    .text.TIM_OC1_SetConfig  stm32f4xx_hal_tim.o
    0x08003cae   0x08003cae   0x00000002   PAD
    0x08003cb0   0x08003cb0   0x000000f4   Code   RO          380    .text.TIM_OC2_SetConfig  stm32f4xx_hal_tim.o
    0x08003da4   0x08003da4   0x000000f2   Code   RO          382    .text.TIM_OC3_SetConfig  stm32f4xx_hal_tim.o
    0x08003e96   0x08003e96   0x00000002   PAD
    0x08003e98   0x08003e98   0x000000a4   Code   RO          384    .text.TIM_OC4_SetConfig  stm32f4xx_hal_tim.o
    0x08003f3c   0x08003f3c   0x000000be   Code   RO          240    .text.TIM_ResetCallback  stm32f4xx_hal_tim.o
    0x08003ffa   0x08003ffa   0x00000002   PAD
    0x08003ffc   0x08003ffc   0x00000050   Code   RO          424    .text.TIM_TI1_ConfigInputStage  stm32f4xx_hal_tim.o
    0x0800404c   0x0800404c   0x00000052   Code   RO          428    .text.TIM_TI2_ConfigInputStage  stm32f4xx_hal_tim.o
    0x0800409e   0x0800409e   0x00000002   PAD
    0x080040a0   0x080040a0   0x0000001c   Code   RO         1128    .text.UART_DMAAbortOnError  stm32f4xx_hal_uart.o
    0x080040bc   0x080040bc   0x00000094   Code   RO         1094    .text.UART_EndRxTransfer  stm32f4xx_hal_uart.o
    0x08004150   0x08004150   0x00000026   Code   RO         1132    .text.UART_EndTransmit_IT  stm32f4xx_hal_uart.o
    0x08004176   0x08004176   0x00000002   PAD
    0x08004178   0x08004178   0x00000074   Code   RO         1020    .text.UART_InitCallbacksToDefault  stm32f4xx_hal_uart.o
    0x080041ec   0x080041ec   0x00000168   Code   RO         1126    .text.UART_Receive_IT  stm32f4xx_hal_uart.o
    0x08004354   0x08004354   0x00000112   Code   RO           81    .text.UART_Recieve_Complete  controllerdata.o
    0x08004466   0x08004466   0x00000002   PAD
    0x08004468   0x08004468   0x0000013a   Code   RO         1024    .text.UART_SetConfig  stm32f4xx_hal_uart.o
    0x080045a2   0x080045a2   0x00000002   PAD
    0x080045a4   0x080045a4   0x00000062   Code   RO         1072    .text.UART_Start_Receive_IT  stm32f4xx_hal_uart.o
    0x08004606   0x08004606   0x00000002   PAD
    0x08004608   0x08004608   0x00000094   Code   RO         1130    .text.UART_Transmit_IT  stm32f4xx_hal_uart.o
    0x0800469c   0x0800469c   0x00000010   Code   RO          188    .text.USART3_IRQHandler  stm32f4xx_it.o
    0x080046ac   0x080046ac   0x00000004   Code   RO          174    .text.UsageFault_Handler  stm32f4xx_it.o
    0x080046b0   0x080046b0   0x00000030   Code   RO          866    .text.__NVIC_EnableIRQ  stm32f4xx_hal_cortex.o
    0x080046e0   0x080046e0   0x00000010   Code   RO          858    .text.__NVIC_GetPriorityGrouping  stm32f4xx_hal_cortex.o
    0x080046f0   0x080046f0   0x00000042   Code   RO          860    .text.__NVIC_SetPriority  stm32f4xx_hal_cortex.o
    0x08004732   0x08004732   0x00000002   PAD
    0x08004734   0x08004734   0x0000003c   Code   RO          854    .text.__NVIC_SetPriorityGrouping  stm32f4xx_hal_cortex.o
    0x08004770   0x08004770   0x0000005c   Code   RO           17    .text.control       control.o
    0x080047cc   0x080047cc   0x00000158   Code   RO           15    .text.controllerToTarget  control.o
    0x08004924   0x08004924   0x00000054   Code   RO           45    .text.counterCal    moto.o
    0x08004978   0x08004978   0x00000014   Code   RO           83    .text.dataProcess   controllerdata.o
    0x0800498c   0x0800498c   0x0000003a   Code   RO           43    .text.eraseEncoderElapsed  moto.o
    0x080049c6   0x080049c6   0x00000002   PAD
    0x080049c8   0x080049c8   0x0000000e   Code   RO          115    .text.eraseTimerUp  timer.o
    0x080049d6   0x080049d6   0x00000002   PAD
    0x080049d8   0x080049d8   0x00000028   Code   RO           87    .text.getCH_Per     controllerdata.o
    0x08004a00   0x08004a00   0x00000044   Code   RO           85    .text.getCH_Shift   controllerdata.o
    0x08004a44   0x08004a44   0x0000003e   Code   RO           41    .text.ifEncoderElapsed  moto.o
    0x08004a82   0x08004a82   0x00000002   PAD
    0x08004a84   0x08004a84   0x00000010   Code   RO           77    .text.isDataReady   controllerdata.o
    0x08004a94   0x08004a94   0x00000010   Code   RO          113    .text.isTimerUp     timer.o
    0x08004aa4   0x08004aa4   0x00000060   Code   RO          129    .text.main          main.o
    0x08004b04   0x08004b04   0x000000a0   Code   RO           35    .text.motoInit      moto.o
    0x08004ba4   0x08004ba4   0x00000074   Code   RO           13    .text.setControlTarget  control.o
    0x08004c18   0x08004c18   0x0000010c   Code   RO           66    .text.speedCal      pid.o
    0x08004d24   0x08004d24   0x0000000e   Code   RO          117    .text.timerARR_CallBack  timer.o
    0x08004d32   0x08004d32   0x00000002   PAD
    0x08004d34   0x08004d34   0x00000026   Code   RO          119    .text.timerIni      timer.o
    0x08004d5a   0x08004d5a   0x00000002   PAD
    0x08004d5c   0x08004d5c   0x0000003c   Code   RO           79    .text.uartInit      controllerdata.o
    0x08004d98   0x08004d98   0x0000001a   Code   RO         1293    x$fpl$fpinit        fz_wm.l(fpinit.o)
    0x08004db2   0x08004db2   0x00000010   Data   RO         1164    .rodata.AHBPrescTable  system_stm32f4xx.o
    0x08004dc2   0x08004dc2   0x00000008   Data   RO         1165    .rodata.APBPrescTable  system_stm32f4xx.o
    0x08004dca   0x08004dca   0x00000002   PAD
    0x08004dcc   0x08004dcc   0x00000020   Data   RO         1354    Region$$Table       anon$$obj.o


    Execution Region RW_IRAM1 (Exec base: 0x20000000, Load base: 0x08004df0, Size: 0x00000bd0, Max: 0x0001c000, ABSOLUTE)

    Exec Addr    Load Addr    Size         Type   Attr      Idx    E Section Name        Object

    0x20000000   0x08004df0   0x00000004   Data   RW         1163    .data.SystemCoreClock  system_stm32f4xx.o
    0x20000004   0x08004df4   0x00000001   Data   RW          984    .data.uwTickFreq    stm32f4xx_hal.o
    0x20000005   0x08004df5   0x00000003   PAD
    0x20000008   0x08004df8   0x00000004   Data   RW          983    .data.uwTickPrio    stm32f4xx_hal.o
    0x2000000c   0x08004dfc   0x00000004   PAD
    0x20000010        -       0x00000060   Zero   RW         1219    .bss                c_w.l(libspace.o)
    0x20000070        -       0x00000020   Zero   RW          105    .bss.CH             controllerdata.o
    0x20000090        -       0x00000019   Zero   RW          104    .bss.Frame_data     controllerdata.o
    0x200000a9   0x08004dfc   0x00000003   PAD
    0x200000ac        -       0x0000000c   Zero   RW           21    .bss.PID_Left       control.o
    0x200000b8        -       0x0000000c   Zero   RW           22    .bss.PID_Right      control.o
    0x200000c4        -       0x00000001   Zero   RW          103    .bss.REC_Status     controllerdata.o
    0x200000c5        -       0x00000001   Zero   RW          102    .bss.REC_data       controllerdata.o
    0x200000c6   0x08004dfc   0x00000002   PAD
    0x200000c8        -       0x00000014   Zero   RW           20    .bss.controlTarget  control.o
    0x200000dc        -       0x00000001   Zero   RW          101    .bss.dataReady      controllerdata.o
    0x200000dd        -       0x00000001   Zero   RW           91    .bss.datapoi        controllerdata.o
    0x200000de   0x08004dfc   0x00000002   PAD
    0x200000e0        -       0x000000b4   Zero   RW          230    .bss.htim14         stm32f4xx_hal_timebase_tim.o
    0x20000194        -       0x000000b4   Zero   RW          152    .bss.htim2          main.o
    0x20000248        -       0x000000b4   Zero   RW          153    .bss.htim3          main.o
    0x200002fc        -       0x000000b4   Zero   RW          154    .bss.htim4          main.o
    0x200003b0        -       0x000000b4   Zero   RW          155    .bss.htim5          main.o
    0x20000464        -       0x000000b4   Zero   RW          156    .bss.htim9          main.o
    0x20000518        -       0x00000078   Zero   RW          157    .bss.huart3         main.o
    0x20000590        -       0x00000001   Zero   RW           57    .bss.leftEncoderElapsed  moto.o
    0x20000591   0x08004dfc   0x00000003   PAD
    0x20000594        -       0x00000018   Zero   RW           19    .bss.leftMotoSpeed  control.o
    0x200005ac        -       0x00000001   Zero   RW           58    .bss.rightEncoderElapsed  moto.o
    0x200005ad   0x08004dfc   0x00000003   PAD
    0x200005b0        -       0x00000018   Zero   RW           23    .bss.rightMotoSpeed  control.o
    0x200005c8        -       0x00000001   Zero   RW          121    .bss.timerUp        timer.o
    0x200005c9   0x08004dfc   0x00000003   PAD
    0x200005cc        -       0x00000004   Zero   RW          985    .bss.uwTick         stm32f4xx_hal.o
    0x200005d0        -       0x00000200   Zero   RW            2    HEAP                startup_stm32f407xx.o
    0x200007d0        -       0x00000400   Zero   RW            1    STACK               startup_stm32f407xx.o


    Execution Region RW_IRAM2 (Exec base: 0x2001c000, Load base: 0x08004e00, Size: 0x00000000, Max: 0x00004000, ABSOLUTE)

    **** No section assigned to this execution region ****


==============================================================================

Image component sizes


      Code (inc. data)   RO Data    RW Data    ZI Data      Debug   Object Name

       552          4          0          0         92       2028   control.o
       742          4          0          0         61       5806   controllerdata.o
      1458          0          0          0       1020      10892   main.o
       678          8          0          0          2       3317   moto.o
       556         16          0          0          0       1695   pid.o
        64         26        392          0       1536        872   startup_stm32f407xx.o
        92          0          0          5          4       7129   stm32f4xx_hal.o
       384          0          0          0          0       9740   stm32f4xx_hal_cortex.o
       304          0          0          0          0       8518   stm32f4xx_hal_dma.o
       950          0          0          0          0       5114   stm32f4xx_hal_gpio.o
      1002          0          0          0          0      11046   stm32f4xx_hal_msp.o
      2730          0          0          0          0       7618   stm32f4xx_hal_rcc.o
      5440         56          0          0          0      40166   stm32f4xx_hal_tim.o
       314          0          0          0          0      16439   stm32f4xx_hal_tim_ex.o
       240          0          0          0        180       8134   stm32f4xx_hal_timebase_tim.o
      3004         14          0          0          0      23025   stm32f4xx_hal_uart.o
       108          0          0          0          0       1499   stm32f4xx_it.o
        18          0         24          4          0       2515   system_stm32f4xx.o
        82          0          0          0          1       1776   timer.o

    ----------------------------------------------------------------------
     18828        128        450         12       2916     167329   Object Totals
         0          0         32          0          0          0   (incl. Generated)
       110          0          2          3         20          0   (incl. Padding)

    ----------------------------------------------------------------------

      Code (inc. data)   RO Data    RW Data    ZI Data      Debug   Library Member Name

         8          0          0          0          0         68   __main.o
         0          0          0          0          0          0   __rtentry.o
        12          0          0          0          0          0   __rtentry2.o
         6          0          0          0          0          0   __rtentry4.o
        94          8          0          0          0          0   __scatter.o
        26          0          0          0          0          0   __scatter_copy.o
        28          0          0          0          0          0   __scatter_zi.o
        18          0          0          0          0         80   exit.o
         6          0          0          0          0        152   heapauxi.o
         0          0          0          0          0          0   indicate_semi.o
         2          0          0          0          0          0   libinit.o
         6          0          0          0          0          0   libinit2.o
         2          0          0          0          0          0   libshutdown.o
         2          0          0          0          0          0   libshutdown2.o
         8          4          0          0         96         68   libspace.o
       240          0          0          0          0        100   lludivv7m.o
        78          0          0          0          0         80   rt_memclr_w.o
         2          0          0          0          0          0   rtexit.o
        10          0          0          0          0          0   rtexit2.o
        12          4          0          0          0         68   sys_exit.o
        74          0          0          0          0         80   sys_stackheap_outer.o
         2          0          0          0          0         68   use_no_semi.o
        26          0          0          0          0        116   fpinit.o

    ----------------------------------------------------------------------
       670         16          0          0         96        880   Library Totals
         8          0          0          0          0          0   (incl. Padding)

    ----------------------------------------------------------------------

      Code (inc. data)   RO Data    RW Data    ZI Data      Debug   Library Name

       636         16          0          0         96        764   c_w.l
        26          0          0          0          0        116   fz_wm.l

    ----------------------------------------------------------------------
       670         16          0          0         96        880   Library Totals

    ----------------------------------------------------------------------

==============================================================================


      Code (inc. data)   RO Data    RW Data    ZI Data      Debug   

     19498        144        450         12       3012     167677   Grand Totals
     19498        144        450         12       3012     167677   ELF Image Totals
     19498        144        450         12          0          0   ROM Totals

==============================================================================

    Total RO  Size (Code + RO Data)                19948 (  19.48kB)
    Total RW  Size (RW Data + ZI Data)              3024 (   2.95kB)
    Total ROM Size (Code + RO Data + RW Data)      19960 (  19.49kB)

==============================================================================

