Component: Arm Compiler for Embedded 6.23 Tool: armlink [5f102400]

==============================================================================

Section Cross References

    moto.o(.text.motoIni) refers to moto.o(.bss.motoArray) for motoArray
    moto.o(.text.motoIni) refers to main.o(.bss.htim2) for htim2
    moto.o(.text.motoIni) refers to main.o(.bss.htim4) for htim4
    moto.o(.text.motoIni) refers to main.o(.bss.htim9) for htim9
    moto.o(.text.motoIni) refers to main.o(.bss.htim3) for htim3
    moto.o(.text.motoIni) refers to gpio.o(.text.GPIO_MotoInit) for GPIO_MotoInit
    moto.o(.text.motoIni) refers to gpio.o(.text.GPIO_GetMotoCounter) for GPIO_GetMotoCounter
    moto.o(.text.motoIni) refers to kalfilter.o(.text.kalDefaultParams) for kalDefaultParams
    moto.o(.text.motoIni) refers to pid.o(.text.PID_SetDefaultParam) for PID_SetDefaultParam
    moto.o(.ARM.exidx.text.motoIni) refers to moto.o(.text.motoIni) for [Anonymous Symbol]
    moto.o(.ARM.exidx.text.speedCalRawDiff) refers to moto.o(.text.speedCalRawDiff) for [Anonymous Symbol]
    moto.o(.text.speedCal) refers to kalfilter.o(.text.kalPredict) for kalPredict
    moto.o(.text.speedCal) refers to gpio.o(.text.GPIO_GetMotoCounter) for GPIO_GetMotoCounter
    moto.o(.text.speedCal) refers to moto.o(.text.speedCalRawDiff) for speedCalRawDiff
    moto.o(.text.speedCal) refers to kalfilter.o(.text.kalUpdate) for kalUpdate
    moto.o(.ARM.exidx.text.speedCal) refers to moto.o(.text.speedCal) for [Anonymous Symbol]
    moto.o(.text.motoControl) refers to moto.o(.bss.motoArray) for motoArray
    moto.o(.text.motoControl) refers to pid.o(.text.PID_SetTarget) for PID_SetTarget
    moto.o(.text.motoControl) refers to moto.o(.text.speedCal) for speedCal
    moto.o(.text.motoControl) refers to pid.o(.text.PID_SetValue) for PID_SetValue
    moto.o(.text.motoControl) refers to pid.o(.text.PID_Cal) for PID_Cal
    moto.o(.text.motoControl) refers to gpio.o(.text.GPIO_SetMoto) for GPIO_SetMoto
    moto.o(.ARM.exidx.text.motoControl) refers to moto.o(.text.motoControl) for [Anonymous Symbol]
    moto.o(.text.getMotoStruct) refers to moto.o(.bss.motoArray) for motoArray
    moto.o(.ARM.exidx.text.getMotoStruct) refers to moto.o(.text.getMotoStruct) for [Anonymous Symbol]
    timer.o(.ARM.exidx.text.timerARR_CallBack) refers to timer.o(.text.timerARR_CallBack) for [Anonymous Symbol]
    timer.o(.text.timerIni) refers to main.o(.bss.htim5) for htim5
    timer.o(.text.timerIni) refers to timer.o(.text.timerARR_CallBack) for timerARR_CallBack
    timer.o(.text.timerIni) refers to stm32f4xx_hal_tim.o(.text.HAL_TIM_RegisterCallback) for HAL_TIM_RegisterCallback
    timer.o(.text.timerIni) refers to stm32f4xx_hal_tim.o(.text.HAL_TIM_Base_Start_IT) for HAL_TIM_Base_Start_IT
    timer.o(.ARM.exidx.text.timerIni) refers to timer.o(.text.timerIni) for [Anonymous Symbol]
    pid.o(.ARM.exidx.text.PID_Cal) refers to pid.o(.text.PID_Cal) for [Anonymous Symbol]
    pid.o(.ARM.exidx.text.PID_SetTarget) refers to pid.o(.text.PID_SetTarget) for [Anonymous Symbol]
    pid.o(.ARM.exidx.text.PID_SetValue) refers to pid.o(.text.PID_SetValue) for [Anonymous Symbol]
    pid.o(.ARM.exidx.text.PID_SetParam) refers to pid.o(.text.PID_SetParam) for [Anonymous Symbol]
    pid.o(.ARM.exidx.text.PID_SetDefaultParam) refers to pid.o(.text.PID_SetDefaultParam) for [Anonymous Symbol]
    controllerdata.o(.text.controllerDataIni) refers to controllerdata.o(.bss.buffer) for buffer
    controllerdata.o(.text.controllerDataIni) refers to controllerdata.o(.bss.rb) for rb
    controllerdata.o(.text.controllerDataIni) refers to ringbuffer.o(.text.RingBufferIni) for RingBufferIni
    controllerdata.o(.text.controllerDataIni) refers to main.o(.bss.huart3) for huart3
    controllerdata.o(.text.controllerDataIni) refers to controllerdata.o(.text.RxEventCallback) for RxEventCallback
    controllerdata.o(.text.controllerDataIni) refers to stm32f4xx_hal_uart.o(.text.HAL_UART_RegisterRxEventCallback) for HAL_UART_RegisterRxEventCallback
    controllerdata.o(.text.controllerDataIni) refers to controllerdata.o(.text.RxCompleteCallback) for RxCompleteCallback
    controllerdata.o(.text.controllerDataIni) refers to stm32f4xx_hal_uart.o(.text.HAL_UART_RegisterCallback) for HAL_UART_RegisterCallback
    controllerdata.o(.text.controllerDataIni) refers to controllerdata.o(.text.RxErrorCallBack) for RxErrorCallBack
    controllerdata.o(.text.controllerDataIni) refers to controllerdata.o(.bss.DMAbuffer) for DMAbuffer
    controllerdata.o(.text.controllerDataIni) refers to stm32f4xx_hal_uart.o(.text.HAL_UARTEx_ReceiveToIdle_DMA) for HAL_UARTEx_ReceiveToIdle_DMA
    controllerdata.o(.ARM.exidx.text.controllerDataIni) refers to controllerdata.o(.text.controllerDataIni) for [Anonymous Symbol]
    controllerdata.o(.text.RxEventCallback) refers to controllerdata.o(.bss.rb) for rb
    controllerdata.o(.text.RxEventCallback) refers to ringbuffer.o(.text.RingBuffer_GetRemain) for RingBuffer_GetRemain
[...]
    _d2e_norm_op1                            0x0800b533   Thumb Code    96  btod.o(CL$$btod_d2e_norm_op1)
    __btod_div_common                        0x0800b595   Thumb Code   696  btod.o(CL$$btod_div_common)
    _e2e                                     0x0800b8cd   Thumb Code   220  btod.o(CL$$btod_e2e)
    _btod_ediv                               0x0800b9a9   Thumb Code    42  btod.o(CL$$btod_ediv)
    _btod_emul                               0x0800b9d3   Thumb Code    42  btod.o(CL$$btod_emul)
    __btod_mult_common                       0x0800b9fd   Thumb Code   580  btod.o(CL$$btod_mult_common)
    __ARM_fpclassify                         0x0800bc41   Thumb Code    48  fpclassify.o(i.__ARM_fpclassify)
    _is_digit                                0x0800bc71   Thumb Code    14  __printf_wp.o(i._is_digit)
    _get_lc_numeric                          0x0800bc81   Thumb Code    44  lc_numeric_c.o(locale$$code)
    _get_lc_ctype                            0x0800bcad   Thumb Code    44  lc_ctype_c.o(locale$$code)
    __fpl_dretinf                            0x0800bcd9   Thumb Code    12  dretinf.o(x$fpl$dretinf)
    __aeabi_f2d                              0x0800bce5   Thumb Code     0  f2d.o(x$fpl$f2d)
    _f2d                                     0x0800bce5   Thumb Code    86  f2d.o(x$fpl$f2d)
    __fpl_fnaninf                            0x0800bd3b   Thumb Code   140  fnaninf.o(x$fpl$fnaninf)
    $Super$$_fp_init                         0x0800bdc7   Thumb Code    26  fpinit.o(x$fpl$fpinit)
    __fplib_config_fpu_vfp                   0x0800bddf   Thumb Code     0  fpinit.o(x$fpl$fpinit)
    __fplib_config_pureend_doubles           0x0800bddf   Thumb Code     0  fpinit.o(x$fpl$fpinit)
    _printf_fp_dec                           0x0800bde1   Thumb Code     4  printf1.o(x$fpl$printf1)
    _printf_fp_hex                           0x0800bde5   Thumb Code     4  printf2.o(x$fpl$printf2)
    __I$use$fp                               0x0800bde8   Number         0  usenofp.o(x$fpl$usenofp)
    osRtxConfig                              0x0800bee4   Data         112  rtx_lib.o(.rodata)
    os_cb_sections                           0x0800bf54   Data          56  rtx_lib.o(.rodata)
    AHBPrescTable                            0x0800bf8c   Data          16  system_stm32f4xx.o(.rodata.AHBPrescTable)
    APBPrescTable                            0x0800bf9c   Data           8  system_stm32f4xx.o(.rodata.APBPrescTable)
    controlTarget_attr                       0x0800bfac   Data          36  main.o(.rodata.controlTarget_attr)
    control_attr                             0x0800bfd0   Data          36  main.o(.rodata.control_attr)
    osRtxUserSVC                             0x0800bff4   Data           4  rtx_lib.o(.rodata.osRtxUserSVC)
    Region$$Table$$Base                      0x0800c078   Number         0  anon$$obj.o(Region$$Table)
    Region$$Table$$Limit                     0x0800c098   Number         0  anon$$obj.o(Region$$Table)
    __ctype                                  0x0800c0c1   Data           0  lc_ctype_c.o(locale$$data)
    SystemCoreClock                          0x20000000   Data           4  system_stm32f4xx.o(.data.SystemCoreClock)
    osRtxInfo                                0x20000004   Data         164  rtx_kernel.o(.data.os)
    uwTickFreq                               0x200000a8   Data           4  stm32f4xx_hal.o(.data.uwTickFreq)
    uwTickPrio                               0x200000ac   Data           4  stm32f4xx_hal.o(.data.uwTickPrio)
    __libspace_start                         0x200000b0   Data          96  libspace.o(.bss)
    CH                                       0x20000110   Data          32  controllerdata.o(.bss.CH)
    __temporary_stack_top$libspace           0x20000110   Data           0  libspace.o(.bss)
    DMAbuffer                                0x20000130   Data          55  controllerdata.o(.bss.DMAbuffer)
    buffer                                   0x20000167   Data          50  controllerdata.o(.bss.buffer)
    consolePidOut                            0x2000019c   Data           4  control.o(.bss.consolePidOut)
    consoleSpeed                             0x200001a0   Data           4  control.o(.bss.consoleSpeed)
    consoleTarget                            0x200001a4   Data           4  control.o(.bss.consoleTarget)
    controlHandle                            0x200001a8   Data           4  main.o(.bss.controlHandle)
    controlTarget                            0x200001ac   Data           8  control.o(.bss.controlTarget)
    controlTargetFlags                       0x200001b4   Data           4  main.o(.bss.controlTargetFlags)
    controlTargetHandle                      0x200001b8   Data           4  main.o(.bss.controlTargetHandle)
    data                                     0x200001bc   Data         100  control.o(.bss.data)
    hdma_usart1_tx                           0x20000220   Data         100  main.o(.bss.hdma_usart1_tx)
    hdma_usart3_rx                           0x20000284   Data         100  main.o(.bss.hdma_usart3_rx)
    htim14                                   0x200002e8   Data         212  stm32f4xx_hal_timebase_tim.o(.bss.htim14)
    htim2                                    0x200003bc   Data         212  main.o(.bss.htim2)
    htim3                                    0x20000490   Data         212  main.o(.bss.htim3)
    htim4                                    0x20000564   Data         212  main.o(.bss.htim4)
    htim5                                    0x20000638   Data         212  main.o(.bss.htim5)
    htim9                                    0x2000070c   Data         212  main.o(.bss.htim9)
    huart1                                   0x200007e0   Data         128  main.o(.bss.huart1)
    huart3                                   0x20000860   Data         128  main.o(.bss.huart3)
    moto                                     0x200008e0   Data           4  control.o(.bss.moto)
    motoArray                                0x200008e4   Data         200  moto.o(.bss.motoArray)
    .bss.os.msgqueue.cb$$Base                0x20008be4   Number         0  rtx_lib.o(.bss.os.msgqueue.cb)
    .bss.os.msgqueue.cb$$Limit               0x20008c18   Number         0  rtx_lib.o(.bss.os.msgqueue.cb)
    .bss.os.thread.cb$$Base                  0x20008c68   Number         0  rtx_lib.o(.bss.os.thread.cb)
    .bss.os.thread.cb$$Limit                 0x20008d08   Number         0  rtx_lib.o(.bss.os.thread.cb)
    rb                                       0x2000910c   Data          12  controllerdata.o(.bss.rb)
    uwTick                                   0x20009118   Data           4  stm32f4xx_hal.o(.bss.uwTick)



==============================================================================

Memory Map of the image

  Image Entry point : 0x08000189

  Load Region LR_IROM1 (Base: 0x08000000, Size: 0x0000c278, Max: 0x00080000, ABSOLUTE)

    Execution Region ER_IROM1 (Exec base: 0x08000000, Load base: 0x08000000, Size: 0x0000c1c4, Max: 0x00080000, ABSOLUTE)

    Exec Addr    Load Addr    Size         Type   Attr      Idx    E Section Name        Object

    0x08000000   0x08000000   0x00000188   Data   RO          279    RESET               startup_stm32f407xx.o
    0x08000188   0x08000188   0x00000008   Code   RO         2505  * !!!main             c_wu.l(__main.o)
    0x08000190   0x08000190   0x0000005c   Code   RO         2860    !!!scatter          c_wu.l(__scatter.o)
    0x080001ec   0x080001ec   0x0000001a   Code   RO         2864    !!handler_copy      c_wu.l(__scatter_copy.o)
    0x08000206   0x08000206   0x00000002   PAD
    0x08000208   0x08000208   0x00000002   Code   RO         2861    !!handler_null      c_wu.l(__scatter.o)
    0x0800020a   0x0800020a   0x00000002   PAD
    0x0800020c   0x0800020c   0x0000001c   Code   RO         2866    !!handler_zi        c_wu.l(__scatter_zi.o)
    0x08000228   0x08000228   0x00000000   Code   RO         2597    .ARM.Collect$$_printf_percent$$00000000  c_wu.l(_printf_percent.o)
    0x08000228   0x08000228   0x00000006   Code   RO         2586    .ARM.Collect$$_printf_percent$$00000001  c_wu.l(_printf_n.o)
    0x0800022e   0x0800022e   0x00000006   Code   RO         2588    .ARM.Collect$$_printf_percent$$00000002  c_wu.l(_printf_p.o)
    0x08000234   0x08000234   0x00000006   Code   RO         2593    .ARM.Collect$$_printf_percent$$00000003  c_wu.l(_printf_f.o)
    0x0800023a   0x0800023a   0x00000006   Code   RO         2594    .ARM.Collect$$_printf_percent$$00000004  c_wu.l(_printf_e.o)
    0x08000240   0x08000240   0x00000006   Code   RO         2595    .ARM.Collect$$_printf_percent$$00000005  c_wu.l(_printf_g.o)
    0x08000246   0x08000246   0x00000006   Code   RO         2596    .ARM.Collect$$_printf_percent$$00000006  c_wu.l(_printf_a.o)
    0x0800024c   0x0800024c   0x0000000a   Code   RO         2601    .ARM.Collect$$_printf_percent$$00000007  c_wu.l(_printf_ll.o)
    0x08000256   0x08000256   0x00000006   Code   RO         2590    .ARM.Collect$$_printf_percent$$00000008  c_wu.l(_printf_i.o)
    0x0800025c   0x0800025c   0x00000006   Code   RO         2591    .ARM.Collect$$_printf_percent$$00000009  c_wu.l(_printf_d.o)
    0x08000262   0x08000262   0x00000006   Code   RO         2592    .ARM.Collect$$_printf_percent$$0000000A  c_wu.l(_printf_u.o)
    0x08000268   0x08000268   0x00000006   Code   RO         2589    .ARM.Collect$$_printf_percent$$0000000B  c_wu.l(_printf_o.o)
    0x0800026e   0x0800026e   0x00000006   Code   RO         2587    .ARM.Collect$$_printf_percent$$0000000C  c_wu.l(_printf_x.o)
    0x08000274   0x08000274   0x00000006   Code   RO         2598    .ARM.Collect$$_printf_percent$$0000000D  c_wu.l(_printf_lli.o)
    0x0800027a   0x0800027a   0x00000006   Code   RO         2599    .ARM.Collect$$_printf_percent$$0000000E  c_wu.l(_printf_lld.o)
    0x08000280   0x08000280   0x00000006   Code   RO         2600    .ARM.Collect$$_printf_percent$$0000000F  c_wu.l(_printf_llu.o)
    0x08000286   0x08000286   0x00000006   Code   RO         2605    .ARM.Collect$$_printf_percent$$00000010  c_wu.l(_printf_llo.o)
    0x0800028c   0x0800028c   0x00000006   Code   RO         2606    .ARM.Collect$$_printf_percent$$00000011  c_wu.l(_printf_llx.o)
    0x08000292   0x08000292   0x0000000a   Code   RO         2602    .ARM.Collect$$_printf_percent$$00000012  c_wu.l(_printf_l.o)
    0x0800029c   0x0800029c   0x00000006   Code   RO         2584    .ARM.Collect$$_printf_percent$$00000013  c_wu.l(_printf_c.o)
    0x080002a2   0x080002a2   0x00000006   Code   RO         2585    .ARM.Collect$$_printf_percent$$00000014  c_wu.l(_printf_s.o)
    0x080002a8   0x080002a8   0x00000006   Code   RO         2603    .ARM.Collect$$_printf_percent$$00000015  c_wu.l(_printf_lc.o)
    0x080002ae   0x080002ae   0x00000006   Code   RO         2604    .ARM.Collect$$_printf_percent$$00000016  c_wu.l(_printf_ls.o)
    0x080002b4   0x080002b4   0x00000004   Code   RO         2656    .ARM.Collect$$_printf_percent$$00000017  c_wu.l(_printf_percent_end.o)
    0x080002b8   0x080002b8   0x00000002   Code   RO         2711    .ARM.Collect$$libinit$$00000000  c_wu.l(libinit.o)
    0x080002ba   0x080002ba   0x00000004   Code   RO         2734    .ARM.Collect$$libinit$$00000001  c_wu.l(libinit2.o)
    0x080002be   0x080002be   0x00000000   Code   RO         2737    .ARM.Collect$$libinit$$00000004  c_wu.l(libinit2.o)
    0x080002be   0x080002be   0x00000000   Code   RO         2739    .ARM.Collect$$libinit$$00000006  c_wu.l(libinit2.o)
    0x080002be   0x080002be   0x00000000   Code   RO         2742    .ARM.Collect$$libinit$$0000000C  c_wu.l(libinit2.o)
    0x080002be   0x080002be   0x00000000   Code   RO         2744    .ARM.Collect$$libinit$$0000000E  c_wu.l(libinit2.o)
    0x080002be   0x080002be   0x00000000   Code   RO         2746    .ARM.Collect$$libinit$$00000010  c_wu.l(libinit2.o)
    0x080002be   0x080002be   0x00000006   Code   RO         2747    .ARM.Collect$$libinit$$00000011  c_wu.l(libinit2.o)
    0x080002c4   0x080002c4   0x00000000   Code   RO         2749    .ARM.Collect$$libinit$$00000013  c_wu.l(libinit2.o)
    0x080002c4   0x080002c4   0x0000000c   Code   RO         2750    .ARM.Collect$$libinit$$00000014  c_wu.l(libinit2.o)
    0x080002d0   0x080002d0   0x00000000   Code   RO         2751    .ARM.Collect$$libinit$$00000015  c_wu.l(libinit2.o)
    0x080002d0   0x080002d0   0x00000000   Code   RO         2753    .ARM.Collect$$libinit$$00000017  c_wu.l(libinit2.o)
    0x080002d0   0x080002d0   0x0000000a   Code   RO         2754    .ARM.Collect$$libinit$$00000018  c_wu.l(libinit2.o)
    0x080002da   0x080002da   0x00000000   Code   RO         2755    .ARM.Collect$$libinit$$00000019  c_wu.l(libinit2.o)
    0x080002da   0x080002da   0x00000000   Code   RO         2757    .ARM.Collect$$libinit$$0000001B  c_wu.l(libinit2.o)
    0x080002da   0x080002da   0x00000000   Code   RO         2759    .ARM.Collect$$libinit$$0000001D  c_wu.l(libinit2.o)
    0x080002da   0x080002da   0x00000000   Code   RO         2761    .ARM.Collect$$libinit$$0000001F  c_wu.l(libinit2.o)
    0x080002da   0x080002da   0x00000000   Code   RO         2763    .ARM.Collect$$libinit$$00000021  c_wu.l(libinit2.o)
    0x080002da   0x080002da   0x00000000   Code   RO         2765    .ARM.Collect$$libinit$$00000023  c_wu.l(libinit2.o)
    0x080002da   0x080002da   0x00000000   Code   RO         2767    .ARM.Collect$$libinit$$00000025  c_wu.l(libinit2.o)
    0x080002da   0x080002da   0x00000000   Code   RO         2769    .ARM.Collect$$libinit$$00000027  c_wu.l(libinit2.o)
    0x080002da   0x080002da   0x00000000   Code   RO         2773    .ARM.Collect$$libinit$$0000002E  c_wu.l(libinit2.o)
    0x080002da   0x080002da   0x00000000   Code   RO         2775    .ARM.Collect$$libinit$$00000030  c_wu.l(libinit2.o)
    0x080002da   0x080002da   0x00000000   Code   RO         2777    .ARM.Collect$$libinit$$00000032  c_wu.l(libinit2.o)
    0x080002da   0x080002da   0x00000000   Code   RO         2779    .ARM.Collect$$libinit$$00000034  c_wu.l(libinit2.o)
    0x080002da   0x080002da   0x00000002   Code   RO         2780    .ARM.Collect$$libinit$$00000035  c_wu.l(libinit2.o)
    0x080002dc   0x080002dc   0x00000002   Code   RO         2815    .ARM.Collect$$libshutdown$$00000000  c_wu.l(libshutdown.o)
    0x080002de   0x080002de   0x00000000   Code   RO         2843    .ARM.Collect$$libshutdown$$00000002  c_wu.l(libshutdown2.o)
    0x080002de   0x080002de   0x00000000   Code   RO         2845    .ARM.Collect$$libshutdown$$00000004  c_wu.l(libshutdown2.o)
    0x080002de   0x080002de   0x00000000   Code   RO         2848    .ARM.Collect$$libshutdown$$00000007  c_wu.l(libshutdown2.o)
    0x080002de   0x080002de   0x00000000   Code   RO         2851    .ARM.Collect$$libshutdown$$0000000A  c_wu.l(libshutdown2.o)
    0x080002de   0x080002de   0x00000000   Code   RO         2853    .ARM.Collect$$libshutdown$$0000000C  c_wu.l(libshutdown2.o)
    0x080002de   0x080002de   0x00000000   Code   RO         2856    .ARM.Collect$$libshutdown$$0000000F  c_wu.l(libshutdown2.o)
    0x080002de   0x080002de   0x00000002   Code   RO         2857    .ARM.Collect$$libshutdown$$00000010  c_wu.l(libshutdown2.o)
    0x080002e0   0x080002e0   0x00000000   Code   RO         2511    .ARM.Collect$$rtentry$$00000000  c_wu.l(__rtentry.o)
    0x080002e0   0x080002e0   0x00000000   Code   RO         2623    .ARM.Collect$$rtentry$$00000002  c_wu.l(__rtentry2.o)
    0x080002e0   0x080002e0   0x00000006   Code   RO         2635    .ARM.Collect$$rtentry$$00000004  c_wu.l(__rtentry4.o)
    0x080002e6   0x080002e6   0x00000008   Code   RO         2624    .ARM.Collect$$rtentry$$00000008  c_wu.l(__rtentry2.o)
    0x080002ee   0x080002ee   0x00000004   Code   RO         2626    .ARM.Collect$$rtentry$$0000000A  c_wu.l(__rtentry2.o)
    0x080002f2   0x080002f2   0x00000000   Code   RO         2628    .ARM.Collect$$rtentry$$0000000C  c_wu.l(__rtentry2.o)
    0x080002f2   0x080002f2   0x00000008   Code   RO         2629    .ARM.Collect$$rtentry$$0000000D  c_wu.l(__rtentry2.o)
    0x080002fa   0x080002fa   0x00000002   Code   RO         2719    .ARM.Collect$$rtexit$$00000000  c_wu.l(rtexit.o)
    0x080002fc   0x080002fc   0x00000000   Code   RO         2786    .ARM.Collect$$rtexit$$00000002  c_wu.l(rtexit2.o)
    0x080002fc   0x080002fc   0x00000004   Code   RO         2787    .ARM.Collect$$rtexit$$00000003  c_wu.l(rtexit2.o)
    0x08000300   0x08000300   0x00000006   Code   RO         2788    .ARM.Collect$$rtexit$$00000004  c_wu.l(rtexit2.o)
    0x08000306   0x08000306   0x00000002   PAD
    0x08000308   0x08000308   0x00000040   Code   RO          280    .text               startup_stm32f407xx.o
    0x08000348   0x08000348   0x00000100   Code   RO         1300    .text               irq_armv7m.o
    0x08000448   0x08000448   0x000000f0   Code   RO         2491    .text               c_wu.l(lludivv7m.o)
    0x08000538   0x08000538   0x0000002c   Code   RO         2493    .text               c_wu.l(sprintf.o)
    0x08000564   0x08000564   0x0000003e   Code   RO         2495    .text               c_wu.l(strlen.o)
    0x080005a2   0x080005a2   0x0000008a   Code   RO         2497    .text               c_wu.l(rt_memcpy_v6.o)
    0x0800062c   0x0800062c   0x00000044   Code   RO         2499    .text               c_wu.l(rt_memclr.o)
    0x08000670   0x08000670   0x0000004e   Code   RO         2501    .text               c_wu.l(rt_memclr_w.o)
    0x080006be   0x080006be   0x00000006   Code   RO         2503    .text               c_wu.l(heapauxi.o)
    0x080006c4   0x080006c4   0x0000004e   Code   RO         2518    .text               c_wu.l(_printf_pad.o)
    0x08000712   0x08000712   0x00000024   Code   RO         2520    .text               c_wu.l(_printf_truncate.o)
    0x08000736   0x08000736   0x00000052   Code   RO         2522    .text               c_wu.l(_printf_str.o)
    0x08000788   0x08000788   0x00000078   Code   RO         2524    .text               c_wu.l(_printf_dec.o)
    0x08000800   0x08000800   0x00000028   Code   RO         2526    .text               c_wu.l(_printf_charcount.o)
    0x08000828   0x08000828   0x00000030   Code   RO         2528    .text               c_wu.l(_printf_char_common.o)
    0x08000858   0x08000858   0x0000000a   Code   RO         2530    .text               c_wu.l(_sputc.o)
    0x08000862   0x08000862   0x00000002   PAD
    0x08000864   0x08000864   0x000000bc   Code   RO         2532    .text               c_wu.l(_printf_wctomb.o)
    0x08000920   0x08000920   0x0000007c   Code   RO         2535    .text               c_wu.l(_printf_longlong_dec.o)
    0x0800099c   0x0800099c   0x00000070   Code   RO         2541    .text               c_wu.l(_printf_oct_int_ll.o)
    0x08000a0c   0x08000a0c   0x00000094   Code   RO         2561    .text               c_wu.l(_printf_hex_int_ll_ptr.o)
    0x08000aa0   0x08000aa0   0x00000188   Code   RO         2581    .text               c_wu.l(__printf_flags_ss_wp.o)
    0x08000c28   0x08000c28   0x00000064   Code   RO         2607    .text               c_wu.l(rt_memcpy_w.o)
    0x08000c8c   0x08000c8c   0x0000008a   Code   RO         2639    .text               c_wu.l(lludiv10.o)
    0x08000d16   0x08000d16   0x000000b2   Code   RO         2641    .text               c_wu.l(_printf_intcommon.o)
    0x08000dc8   0x08000dc8   0x0000041c   Code   RO         2643    .text               c_wu.l(_printf_fp_dec.o)
    0x080011e4   0x080011e4   0x000002fc   Code   RO         2647    .text               c_wu.l(_printf_fp_hex.o)
    0x080014e0   0x080014e0   0x0000002c   Code   RO         2652    .text               c_wu.l(_printf_char.o)
    0x0800150c   0x0800150c   0x0000002c   Code   RO         2654    .text               c_wu.l(_printf_wchar.o)
    0x08001538   0x08001538   0x00000048   Code   RO         2657    .text               c_wu.l(_c32rtomb.o)
    0x08001580   0x08001580   0x0000004a   Code   RO         2659    .text               c_wu.l(sys_stackheap_outer.o)
    0x080015ca   0x080015ca   0x00000002   PAD
    0x080015cc   0x080015cc   0x00000010   Code   RO         2661    .text               c_wu.l(rt_ctype_table.o)
    0x080015dc   0x080015dc   0x0000000a   Code   RO         2668    .text               c_wu.l(rt_locale_twolibspace.o)
    0x080015e6   0x080015e6   0x00000002   PAD
    0x080015e8   0x080015e8   0x00000080   Code   RO         2670    .text               c_wu.l(_printf_fp_infnan.o)
    0x08001668   0x08001668   0x000000e4   Code   RO         2672    .text               c_wu.l(bigflt0.o)
    0x0800174c   0x0800174c   0x00000012   Code   RO         2702    .text               c_wu.l(exit.o)
    0x0800175e   0x0800175e   0x00000002   PAD
    0x08001760   0x08001760   0x00000008   Code   RO         2716    .text               c_wu.l(libspace.o)
    0x08001768   0x08001768   0x0000007c   Code   RO         2732    .text               c_wu.l(strcmpv7em.o)
    0x080017e4   0x080017e4   0x0000000c   Code   RO         2781    .text               c_wu.l(sys_exit.o)
    0x080017f0   0x080017f0   0x00000002   Code   RO         2804    .text               c_wu.l(use_no_semi.o)
    0x080017f2   0x080017f2   0x00000000   Code   RO         2806    .text               c_wu.l(indicate_semi.o)
    0x080017f2   0x080017f2   0x00000002   PAD
    0x080017f4   0x080017f4   0x00000016   Code   RO         1224    .text.$Sub$$_fp_init  rtx_lib.o
    0x0800180a   0x0800180a   0x00000002   PAD
    0x0800180c   0x0800180c   0x00000004   Code   RO          212    .text.BusFault_Handler  stm32f4xx_it.o
    0x08001810   0x08001810   0x000001e2   Code   RO           63    .text.CHprocess     controllerdata.o
    0x080019f2   0x080019f2   0x00000002   PAD
    0x080019f4   0x080019f4   0x00000010   Code   RO          218    .text.DMA1_Stream1_IRQHandler  stm32f4xx_it.o
    0x08001a04   0x08001a04   0x00000010   Code   RO          232    .text.DMA2_Stream7_IRQHandler  stm32f4xx_it.o
    0x08001a14   0x08001a14   0x00000056   Code   RO          821    .text.DMA_CalcBaseAndBitshift  stm32f4xx_hal_dma.o
    0x08001a6a   0x08001a6a   0x00000002   PAD
    0x08001a6c   0x08001a6c   0x000000de   Code   RO          819    .text.DMA_CheckFifoParam  stm32f4xx_hal_dma.o
    0x08001b4a   0x08001b4a   0x00000002   PAD
    0x08001b4c   0x08001b4c   0x00000050   Code   RO          827    .text.DMA_SetConfig  stm32f4xx_hal_dma.o
    0x08001b9c   0x08001b9c   0x00000002   Code   RO          216    .text.DebugMon_Handler  stm32f4xx_it.o
    0x08001b9e   0x08001b9e   0x00000002   PAD
    0x08001ba0   0x08001ba0   0x00000006   Code   RO          175    .text.Error_Handler  main.o
    0x08001ba6   0x08001ba6   0x00000002   PAD
    0x08001ba8   0x08001ba8   0x0000007c   Code   RO         1361    .text.EventFlagsCheck  rtx_evflags.o
    0x08001c24   0x08001c24   0x0000001a   Code   RO         1369    .text.EventFlagsSet  rtx_evflags.o
    0x08001c3e   0x08001c3e   0x00000002   PAD
    0x08001c40   0x08001c40   0x00000008   Code   RO         1564    .text.EvrRtxDelay   rtx_evr.o
    0x08001c48   0x08001c48   0x00000008   Code   RO         1572    .text.EvrRtxDelayCompleted  rtx_evr.o
    0x08001c50   0x08001c50   0x00000008   Code   RO         1562    .text.EvrRtxDelayError  rtx_evr.o
    0x08001c58   0x08001c58   0x00000008   Code   RO         1568    .text.EvrRtxDelayStarted  rtx_evr.o
    0x08001c60   0x08001c60   0x0000000a   Code   RO         1602    .text.EvrRtxEventFlagsCreated  rtx_evr.o
    0x08001c6a   0x08001c6a   0x00000002   PAD
    0x08001c6c   0x08001c6c   0x0000000a   Code   RO         1598    .text.EvrRtxEventFlagsError  rtx_evr.o
    0x08001c76   0x08001c76   0x00000002   PAD
    0x08001c78   0x08001c78   0x00000008   Code   RO         1600    .text.EvrRtxEventFlagsNew  rtx_evr.o
    0x08001c80   0x08001c80   0x0000000a   Code   RO         1606    .text.EvrRtxEventFlagsSet  rtx_evr.o
    0x08001c8a   0x08001c8a   0x00000002   PAD
    0x08001c8c   0x08001c8c   0x0000000a   Code   RO         1608    .text.EvrRtxEventFlagsSetDone  rtx_evr.o
    0x08001c96   0x08001c96   0x00000002   PAD
    0x08001c98   0x08001c98   0x0000000e   Code   RO         1616    .text.EvrRtxEventFlagsWait  rtx_evr.o
    0x08001ca6   0x08001ca6   0x00000002   PAD
    0x08001ca8   0x08001ca8   0x0000000e   Code   RO         1622    .text.EvrRtxEventFlagsWaitCompleted  rtx_evr.o
    0x08001cb6   0x08001cb6   0x00000002   PAD
    0x08001cb8   0x08001cb8   0x0000000c   Code   RO         1624    .text.EvrRtxEventFlagsWaitNotCompleted  rtx_evr.o
    0x08001cc4   0x08001cc4   0x0000000e   Code   RO         1618    .text.EvrRtxEventFlagsWaitPending  rtx_evr.o
    0x08001cd2   0x08001cd2   0x00000002   PAD
    0x08001cd4   0x08001cd4   0x00000008   Code   RO         1620    .text.EvrRtxEventFlagsWaitTimeout  rtx_evr.o
    0x08001cdc   0x08001cdc   0x00000008   Code   RO         1408    .text.EvrRtxKernelError  rtx_evr.o
    0x08001ce4   0x08001ce4   0x0000000a   Code   RO         1456    .text.EvrRtxKernelErrorNotify  rtx_evr.o
    0x08001cee   0x08001cee   0x00000002   PAD
    0x08001cf0   0x08001cf0   0x00000008   Code   RO         1418    .text.EvrRtxKernelGetState  rtx_evr.o
    0x08001cf8   0x08001cf8   0x00000002   Code   RO         1410    .text.EvrRtxKernelInitialize  rtx_evr.o
    0x08001cfa   0x08001cfa   0x00000002   PAD
    0x08001cfc   0x08001cfc   0x00000002   Code   RO         1412    .text.EvrRtxKernelInitialized  rtx_evr.o
    0x08001cfe   0x08001cfe   0x00000002   PAD
    0x08001d00   0x08001d00   0x00000002   Code   RO         1420    .text.EvrRtxKernelStart  rtx_evr.o
    0x08001d02   0x08001d02   0x00000002   PAD
    0x08001d04   0x08001d04   0x00000002   Code   RO         1422    .text.EvrRtxKernelStarted  rtx_evr.o
    0x08001d06   0x08001d06   0x00000002   PAD
    0x08001d08   0x08001d08   0x0000000e   Code   RO         1398    .text.EvrRtxMemoryAlloc  rtx_evr.o
    0x08001d16   0x08001d16   0x00000002   PAD
    0x08001d18   0x08001d18   0x0000000a   Code   RO         1404    .text.EvrRtxMemoryBlockAlloc  rtx_evr.o
    0x08001d22   0x08001d22   0x00000002   PAD
    0x08001d24   0x08001d24   0x0000000c   Code   RO         1406    .text.EvrRtxMemoryBlockFree  rtx_evr.o
    0x08001d30   0x08001d30   0x0000000e   Code   RO         1402    .text.EvrRtxMemoryBlockInit  rtx_evr.o
    0x08001d3e   0x08001d3e   0x00000002   PAD
    0x08001d40   0x08001d40   0x0000000c   Code   RO         1400    .text.EvrRtxMemoryFree  rtx_evr.o
    0x08001d4c   0x08001d4c   0x0000000c   Code   RO         1396    .text.EvrRtxMemoryInit  rtx_evr.o
    0x08001d58   0x08001d58   0x00000008   Code   RO         1698    .text.EvrRtxMemoryPoolAllocTimeout  rtx_evr.o
    0x08001d60   0x08001d60   0x0000000a   Code   RO         1726    .text.EvrRtxMessageQueueCreated  rtx_evr.o
    0x08001d6a   0x08001d6a   0x00000002   PAD
    0x08001d6c   0x08001d6c   0x0000000a   Code   RO         1722    .text.EvrRtxMessageQueueError  rtx_evr.o
    0x08001d76   0x08001d76   0x00000002   PAD
    0x08001d78   0x08001d78   0x0000000e   Code   RO         1742    .text.EvrRtxMessageQueueGet  rtx_evr.o
    0x08001d86   0x08001d86   0x00000002   PAD
    0x08001d88   0x08001d88   0x0000000c   Code   RO         1744    .text.EvrRtxMessageQueueGetPending  rtx_evr.o
    0x08001d94   0x08001d94   0x00000008   Code   RO         1746    .text.EvrRtxMessageQueueGetTimeout  rtx_evr.o
    0x08001d9c   0x08001d9c   0x0000000a   Code   RO         1736    .text.EvrRtxMessageQueueInsertPending  rtx_evr.o
    0x08001da6   0x08001da6   0x00000002   PAD
    0x08001da8   0x08001da8   0x0000000a   Code   RO         1738    .text.EvrRtxMessageQueueInserted  rtx_evr.o
    0x08001db2   0x08001db2   0x00000002   PAD
    0x08001db4   0x08001db4   0x0000000a   Code   RO         1740    .text.EvrRtxMessageQueueNotInserted  rtx_evr.o
    0x08001dbe   0x08001dbe   0x00000002   PAD
    0x08001dc0   0x08001dc0   0x0000000a   Code   RO         1750    .text.EvrRtxMessageQueueNotRetrieved  rtx_evr.o
    0x08001dca   0x08001dca   0x00000002   PAD
    0x08001dcc   0x08001dcc   0x00000010   Code   RO         1730    .text.EvrRtxMessageQueuePut  rtx_evr.o
    0x08001ddc   0x08001ddc   0x0000000c   Code   RO         1732    .text.EvrRtxMessageQueuePutPending  rtx_evr.o
    0x08001de8   0x08001de8   0x00000008   Code   RO         1734    .text.EvrRtxMessageQueuePutTimeout  rtx_evr.o
    0x08001df0   0x08001df0   0x0000000a   Code   RO         1748    .text.EvrRtxMessageQueueRetrieved  rtx_evr.o
    0x08001dfa   0x08001dfa   0x00000002   PAD
    0x08001dfc   0x08001dfc   0x0000000a   Code   RO         1638    .text.EvrRtxMutexAcquire  rtx_evr.o
    0x08001e06   0x08001e06   0x00000002   PAD
    0x08001e08   0x08001e08   0x0000000a   Code   RO         1640    .text.EvrRtxMutexAcquirePending  rtx_evr.o
    0x08001e12   0x08001e12   0x00000002   PAD
    0x08001e14   0x08001e14   0x00000008   Code   RO         1642    .text.EvrRtxMutexAcquireTimeout  rtx_evr.o
    0x08001e1c   0x08001e1c   0x0000000a   Code   RO         1644    .text.EvrRtxMutexAcquired  rtx_evr.o
    0x08001e26   0x08001e26   0x00000002   PAD
    0x08001e28   0x08001e28   0x0000000a   Code   RO         1634    .text.EvrRtxMutexCreated  rtx_evr.o
    0x08001e32   0x08001e32   0x00000002   PAD
    0x08001e34   0x08001e34   0x00000008   Code   RO         1654    .text.EvrRtxMutexDelete  rtx_evr.o
    0x08001e3c   0x08001e3c   0x00000008   Code   RO         1656    .text.EvrRtxMutexDestroyed  rtx_evr.o
    0x08001e44   0x08001e44   0x0000000a   Code   RO         1630    .text.EvrRtxMutexError  rtx_evr.o
    0x08001e4e   0x08001e4e   0x00000002   PAD
    0x08001e50   0x08001e50   0x00000008   Code   RO         1632    .text.EvrRtxMutexNew  rtx_evr.o
    0x08001e58   0x08001e58   0x00000008   Code   RO         1646    .text.EvrRtxMutexNotAcquired  rtx_evr.o
    0x08001e60   0x08001e60   0x00000008   Code   RO         1648    .text.EvrRtxMutexRelease  rtx_evr.o
    0x08001e68   0x08001e68   0x0000000a   Code   RO         1650    .text.EvrRtxMutexReleased  rtx_evr.o
    0x08001e72   0x08001e72   0x00000002   PAD
    0x08001e74   0x08001e74   0x00000008   Code   RO         1670    .text.EvrRtxSemaphoreAcquireTimeout  rtx_evr.o
    0x08001e7c   0x08001e7c   0x0000000a   Code   RO         1506    .text.EvrRtxThreadBlocked  rtx_evr.o
    0x08001e86   0x08001e86   0x00000002   PAD
    0x08001e88   0x08001e88   0x0000000c   Code   RO         1464    .text.EvrRtxThreadCreated  rtx_evr.o
    0x08001e94   0x08001e94   0x00000008   Code   RO         1518    .text.EvrRtxThreadDestroyed  rtx_evr.o
    0x08001e9c   0x08001e9c   0x0000000a   Code   RO         1460    .text.EvrRtxThreadError  rtx_evr.o
    0x08001ea6   0x08001ea6   0x00000002   PAD
    0x08001ea8   0x08001ea8   0x00000002   Code   RO         1514    .text.EvrRtxThreadExit  rtx_evr.o
    0x08001eaa   0x08001eaa   0x00000002   PAD
    0x08001eac   0x08001eac   0x0000000e   Code   RO         1558    .text.EvrRtxThreadFlagsWaitCompleted  rtx_evr.o
    0x08001eba   0x08001eba   0x00000002   PAD
    0x08001ebc   0x08001ebc   0x00000008   Code   RO         1556    .text.EvrRtxThreadFlagsWaitTimeout  rtx_evr.o
    0x08001ec4   0x08001ec4   0x00000008   Code   RO         1504    .text.EvrRtxThreadJoined  rtx_evr.o
    0x08001ecc   0x08001ecc   0x0000000c   Code   RO         1462    .text.EvrRtxThreadNew  rtx_evr.o
    0x08001ed8   0x08001ed8   0x00000008   Code   RO         1510    .text.EvrRtxThreadPreempted  rtx_evr.o
    0x08001ee0   0x08001ee0   0x00000008   Code   RO         1512    .text.EvrRtxThreadSwitched  rtx_evr.o
    0x08001ee8   0x08001ee8   0x0000000a   Code   RO         1508    .text.EvrRtxThreadUnblocked  rtx_evr.o
    0x08001ef2   0x08001ef2   0x00000002   PAD
    0x08001ef4   0x08001ef4   0x0000000a   Code   RO         1576    .text.EvrRtxTimerCallback  rtx_evr.o
    0x08001efe   0x08001efe   0x00000002   PAD
    0x08001f00   0x08001f00   0x00000012   Code   RO          123    .text.GPIO_GetMotoCounter  gpio.o
    0x08001f12   0x08001f12   0x00000002   PAD
    0x08001f14   0x08001f14   0x00000032   Code   RO          125    .text.GPIO_MotoInit  gpio.o
    0x08001f46   0x08001f46   0x00000002   PAD
    0x08001f48   0x08001f48   0x00000200   Code   RO          121    .text.GPIO_SetMoto  gpio.o
    0x08002148   0x08002148   0x000000d8   Code   RO          831    .text.HAL_DMA_Abort  stm32f4xx_hal_dma.o
    0x08002220   0x08002220   0x0000003a   Code   RO          833    .text.HAL_DMA_Abort_IT  stm32f4xx_hal_dma.o
    0x0800225a   0x0800225a   0x00000002   PAD
    0x0800225c   0x0800225c   0x0000030c   Code   RO          837    .text.HAL_DMA_IRQHandler  stm32f4xx_hal_dma.o
    0x08002568   0x08002568   0x0000015a   Code   RO          817    .text.HAL_DMA_Init  stm32f4xx_hal_dma.o
    0x080026c2   0x080026c2   0x00000002   PAD
    0x080026c4   0x080026c4   0x000000ac   Code   RO          829    .text.HAL_DMA_Start_IT  stm32f4xx_hal_dma.o
    0x08002770   0x08002770   0x000003b6   Code   RO          779    .text.HAL_GPIO_Init  stm32f4xx_hal_gpio.o
    0x08002b26   0x08002b26   0x00000002   PAD
    0x08002b28   0x08002b28   0x0000000c   Code   RO         1004    .text.HAL_GetTick   stm32f4xx_hal.o
    0x08002b34   0x08002b34   0x0000001a   Code   RO         1002    .text.HAL_IncTick   stm32f4xx_hal.o
    0x08002b4e   0x08002b4e   0x00000002   PAD
    0x08002b50   0x08002b50   0x00000036   Code   RO          992    .text.HAL_Init      stm32f4xx_hal.o
    0x08002b86   0x08002b86   0x00000002   PAD
    0x08002b88   0x08002b88   0x000000e4   Code   RO          264    .text.HAL_InitTick  stm32f4xx_hal_timebase_tim.o
    0x08002c6c   0x08002c6c   0x00000058   Code   RO          241    .text.HAL_MspInit   stm32f4xx_hal_msp.o
    0x08002cc4   0x08002cc4   0x00000010   Code   RO          927    .text.HAL_NVIC_EnableIRQ  stm32f4xx_hal_cortex.o
    0x08002cd4   0x08002cd4   0x0000002e   Code   RO          919    .text.HAL_NVIC_SetPriority  stm32f4xx_hal_cortex.o
    0x08002d02   0x08002d02   0x00000002   PAD
    0x08002d04   0x08002d04   0x00000010   Code   RO          915    .text.HAL_NVIC_SetPriorityGrouping  stm32f4xx_hal_cortex.o
    0x08002d14   0x08002d14   0x00000250   Code   RO          647    .text.HAL_RCC_ClockConfig  stm32f4xx_hal_rcc.o
    0x08002f64   0x08002f64   0x00000054   Code   RO          665    .text.HAL_RCC_GetClockConfig  stm32f4xx_hal_rcc.o
    0x08002fb8   0x08002fb8   0x0000000c   Code   RO          657    .text.HAL_RCC_GetHCLKFreq  stm32f4xx_hal_rcc.o
    0x08002fc4   0x08002fc4   0x00000022   Code   RO          659    .text.HAL_RCC_GetPCLK1Freq  stm32f4xx_hal_rcc.o
    0x08002fe6   0x08002fe6   0x00000002   PAD
    0x08002fe8   0x08002fe8   0x00000022   Code   RO          661    .text.HAL_RCC_GetPCLK2Freq  stm32f4xx_hal_rcc.o
    0x0800300a   0x0800300a   0x00000002   PAD
    0x0800300c   0x0800300c   0x000000e6   Code   RO          649    .text.HAL_RCC_GetSysClockFreq  stm32f4xx_hal_rcc.o
    0x080030f2   0x080030f2   0x00000002   PAD
    0x080030f4   0x080030f4   0x00000692   Code   RO          645    .text.HAL_RCC_OscConfig  stm32f4xx_hal_rcc.o
    0x08003786   0x08003786   0x00000002   PAD
    0x08003788   0x08003788   0x00000008   Code   RO          630    .text.HAL_TIMEx_BreakCallback  stm32f4xx_hal_tim_ex.o
    0x08003790   0x08003790   0x00000008   Code   RO          626    .text.HAL_TIMEx_CommutCallback  stm32f4xx_hal_tim_ex.o
    0x08003798   0x08003798   0x00000008   Code   RO          628    .text.HAL_TIMEx_CommutHalfCpltCallback  stm32f4xx_hal_tim_ex.o
    0x080037a0   0x080037a0   0x00000112   Code   RO          620    .text.HAL_TIMEx_MasterConfigSynchronization  stm32f4xx_hal_tim_ex.o
    0x080038b2   0x080038b2   0x00000002   PAD
    0x080038b4   0x080038b4   0x00000098   Code   RO          301    .text.HAL_TIM_Base_Init  stm32f4xx_hal_tim.o
    0x0800394c   0x0800394c   0x000000bc   Code   RO          243    .text.HAL_TIM_Base_MspInit  stm32f4xx_hal_msp.o
    0x08003a08   0x08003a08   0x000000ec   Code   RO          317    .text.HAL_TIM_Base_Start_IT  stm32f4xx_hal_tim.o
    0x08003af4   0x08003af4   0x0000016e   Code   RO          485    .text.HAL_TIM_ConfigClockSource  stm32f4xx_hal_tim.o
    0x08003c62   0x08003c62   0x00000002   PAD
    0x08003c64   0x08003c64   0x0000013a   Code   RO          417    .text.HAL_TIM_Encoder_Init  stm32f4xx_hal_tim.o
    0x08003d9e   0x08003d9e   0x00000002   PAD
    0x08003da0   0x08003da0   0x0000012e   Code   RO          245    .text.HAL_TIM_Encoder_MspInit  stm32f4xx_hal_msp.o
    0x08003ece   0x08003ece   0x00000002   PAD
    0x08003ed0   0x08003ed0   0x00000114   Code   RO          425    .text.HAL_TIM_Encoder_Start  stm32f4xx_hal_tim.o
    0x08003fe4   0x08003fe4   0x00000008   Code   RO          521    .text.HAL_TIM_ErrorCallback  stm32f4xx_hal_tim.o
    0x08003fec   0x08003fec   0x00000008   Code   RO          509    .text.HAL_TIM_IC_CaptureCallback  stm32f4xx_hal_tim.o
    0x08003ff4   0x08003ff4   0x00000008   Code   RO          511    .text.HAL_TIM_IC_CaptureHalfCpltCallback  stm32f4xx_hal_tim.o
    0x08003ffc   0x08003ffc   0x0000023a   Code   RO          437    .text.HAL_TIM_IRQHandler  stm32f4xx_hal_tim.o
    0x08004236   0x08004236   0x00000002   PAD
    0x08004238   0x08004238   0x000000bc   Code   RO          247    .text.HAL_TIM_MspPostInit  stm32f4xx_hal_msp.o
    0x080042f4   0x080042f4   0x00000008   Code   RO          507    .text.HAL_TIM_OC_DelayElapsedCallback  stm32f4xx_hal_tim.o
    0x080042fc   0x080042fc   0x00000130   Code   RO          459    .text.HAL_TIM_PWM_ConfigChannel  stm32f4xx_hal_tim.o
    0x0800442c   0x0800442c   0x0000009e   Code   RO          357    .text.HAL_TIM_PWM_Init  stm32f4xx_hal_tim.o
    0x080044ca   0x080044ca   0x00000002   PAD
    0x080044cc   0x080044cc   0x00000008   Code   RO          359    .text.HAL_TIM_PWM_MspInit  stm32f4xx_hal_tim.o
    0x080044d4   0x080044d4   0x00000008   Code   RO          513    .text.HAL_TIM_PWM_PulseFinishedCallback  stm32f4xx_hal_tim.o
    0x080044dc   0x080044dc   0x00000008   Code   RO          515    .text.HAL_TIM_PWM_PulseFinishedHalfCpltCallback  stm32f4xx_hal_tim.o
    0x080044e4   0x080044e4   0x000001b4   Code   RO          365    .text.HAL_TIM_PWM_Start  stm32f4xx_hal_tim.o
    0x08004698   0x08004698   0x00000022   Code   RO          179    .text.HAL_TIM_PeriodElapsedCallback  main.o
    0x080046ba   0x080046ba   0x00000002   PAD
    0x080046bc   0x080046bc   0x00000008   Code   RO          505    .text.HAL_TIM_PeriodElapsedHalfCpltCallback  stm32f4xx_hal_tim.o
    0x080046c4   0x080046c4   0x0000021c   Code   RO          523    .text.HAL_TIM_RegisterCallback  stm32f4xx_hal_tim.o
    0x080048e0   0x080048e0   0x00000008   Code   RO          517    .text.HAL_TIM_TriggerCallback  stm32f4xx_hal_tim.o
    0x080048e8   0x080048e8   0x00000008   Code   RO          519    .text.HAL_TIM_TriggerHalfCpltCallback  stm32f4xx_hal_tim.o
    0x080048f0   0x080048f0   0x000000a8   Code   RO         1163    .text.HAL_UARTEx_ReceiveToIdle_DMA  stm32f4xx_hal_uart.o
    0x08004998   0x08004998   0x0000000c   Code   RO         1123    .text.HAL_UARTEx_RxEventCallback  stm32f4xx_hal_uart.o
    0x080049a4   0x080049a4   0x00000008   Code   RO         1113    .text.HAL_UART_AbortCpltCallback  stm32f4xx_hal_uart.o
    0x080049ac   0x080049ac   0x00000008   Code   RO         1117    .text.HAL_UART_AbortReceiveCpltCallback  stm32f4xx_hal_uart.o
    0x080049b4   0x080049b4   0x00000008   Code   RO         1115    .text.HAL_UART_AbortTransmitCpltCallback  stm32f4xx_hal_uart.o
    0x080049bc   0x080049bc   0x00000008   Code   RO         1111    .text.HAL_UART_ErrorCallback  stm32f4xx_hal_uart.o
    0x080049c4   0x080049c4   0x00000020   Code   RO         1207    .text.HAL_UART_GetState  stm32f4xx_hal_uart.o
    0x080049e4   0x080049e4   0x00000458   Code   RO         1187    .text.HAL_UART_IRQHandler  stm32f4xx_hal_uart.o
    0x08004e3c   0x08004e3c   0x000000aa   Code   RO         1081    .text.HAL_UART_Init  stm32f4xx_hal_uart.o
    0x08004ee6   0x08004ee6   0x00000002   PAD
    0x08004ee8   0x08004ee8   0x000001dc   Code   RO          253    .text.HAL_UART_MspInit  stm32f4xx_hal_msp.o
    0x080050c4   0x080050c4   0x00000104   Code   RO         1099    .text.HAL_UART_RegisterCallback  stm32f4xx_hal_uart.o
    0x080051c8   0x080051c8   0x00000074   Code   RO         1119    .text.HAL_UART_RegisterRxEventCallback  stm32f4xx_hal_uart.o
    0x0800523c   0x0800523c   0x00000008   Code   RO         1109    .text.HAL_UART_RxCpltCallback  stm32f4xx_hal_uart.o
    0x08005244   0x08005244   0x00000008   Code   RO         1107    .text.HAL_UART_RxHalfCpltCallback  stm32f4xx_hal_uart.o
    0x0800524c   0x0800524c   0x000000ec   Code   RO         1137    .text.HAL_UART_Transmit_DMA  stm32f4xx_hal_uart.o
    0x08005338   0x08005338   0x00000008   Code   RO         1105    .text.HAL_UART_TxCpltCallback  stm32f4xx_hal_uart.o
    0x08005340   0x08005340   0x00000008   Code   RO         1103    .text.HAL_UART_TxHalfCpltCallback  stm32f4xx_hal_uart.o
    0x08005348   0x08005348   0x00000004   Code   RO          208    .text.HardFault_Handler  stm32f4xx_it.o
    0x0800534c   0x0800534c   0x00000022   Code   RO         1357    .text.IsEventFlagsPtrValid  rtx_evflags.o
    0x0800536e   0x0800536e   0x00000002   PAD
    0x08005370   0x08005370   0x00000014   Code   RO         1310    .text.IsException   rtx_delay.o
    0x08005384   0x08005384   0x00000014   Code   RO         1329    .text.IsException   rtx_evflags.o
    0x08005398   0x08005398   0x00000014   Code   RO         1781    .text.IsException   rtx_kernel.o
    0x080053ac   0x080053ac   0x00000014   Code   RO         1982    .text.IsException   rtx_msgqueue.o
    0x080053c0   0x080053c0   0x00000014   Code   RO         2063    .text.IsException   rtx_mutex.o
    0x080053d4   0x080053d4   0x00000014   Code   RO         2266    .text.IsException   rtx_thread.o
    0x080053e8   0x080053e8   0x0000002e   Code   RO         1312    .text.IsIrqMasked   rtx_delay.o
    0x08005416   0x08005416   0x00000002   PAD
    0x08005418   0x08005418   0x0000002e   Code   RO         1331    .text.IsIrqMasked   rtx_evflags.o
    0x08005446   0x08005446   0x00000002   PAD
    0x08005448   0x08005448   0x0000002e   Code   RO         1783    .text.IsIrqMasked   rtx_kernel.o
    0x08005476   0x08005476   0x00000002   PAD
    0x08005478   0x08005478   0x0000002e   Code   RO         1984    .text.IsIrqMasked   rtx_msgqueue.o
    0x080054a6   0x080054a6   0x00000002   PAD
    0x080054a8   0x080054a8   0x0000002e   Code   RO         2065    .text.IsIrqMasked   rtx_mutex.o
    0x080054d6   0x080054d6   0x00000002   PAD
    0x080054d8   0x080054d8   0x0000002e   Code   RO         2268    .text.IsIrqMasked   rtx_thread.o
    0x08005506   0x08005506   0x00000002   PAD
    0x08005508   0x08005508   0x00000022   Code   RO         2018    .text.IsMessageQueuePtrValid  rtx_msgqueue.o
    0x0800552a   0x0800552a   0x00000002   PAD
    0x0800552c   0x0800552c   0x00000022   Code   RO         2081    .text.IsMutexPtrValid  rtx_mutex.o
    0x0800554e   0x0800554e   0x00000002   PAD
    0x08005550   0x08005550   0x00000014   Code   RO         1787    .text.IsPrivileged  rtx_kernel.o
    0x08005564   0x08005564   0x00000022   Code   RO         2352    .text.IsThreadPtrValid  rtx_thread.o
    0x08005586   0x08005586   0x00000002   PAD
    0x08005588   0x08005588   0x00000074   Code   RO          159    .text.MX_DMA_Init   main.o
    0x080055fc   0x080055fc   0x000000d2   Code   RO          157    .text.MX_GPIO_Init  main.o
    0x080056ce   0x080056ce   0x00000002   PAD
    0x080056d0   0x080056d0   0x000000f0   Code   RO          161    .text.MX_TIM2_Init  main.o
    0x080057c0   0x080057c0   0x0000007e   Code   RO          171    .text.MX_TIM3_Init  main.o
    0x0800583e   0x0800583e   0x00000002   PAD
    0x08005840   0x08005840   0x00000080   Code   RO          163    .text.MX_TIM4_Init  main.o
    0x080058c0   0x080058c0   0x00000086   Code   RO          169    .text.MX_TIM5_Init  main.o
    0x08005946   0x08005946   0x00000002   PAD
    0x08005948   0x08005948   0x000000d2   Code   RO          165    .text.MX_TIM9_Init  main.o
    0x08005a1a   0x08005a1a   0x00000002   PAD
    0x08005a1c   0x08005a1c   0x00000048   Code   RO          173    .text.MX_USART1_UART_Init  main.o
    0x08005a64   0x08005a64   0x00000050   Code   RO          167    .text.MX_USART3_UART_Init  main.o
    0x08005ab4   0x08005ab4   0x00000018   Code   RO         1884    .text.MemBlockPtr   rtx_memory.o
    0x08005acc   0x08005acc   0x0000000a   Code   RO         1882    .text.MemHeadPtr    rtx_memory.o
    0x08005ad6   0x08005ad6   0x00000002   PAD
    0x08005ad8   0x08005ad8   0x00000004   Code   RO          210    .text.MemManage_Handler  stm32f4xx_it.o
    0x08005adc   0x08005adc   0x00000052   Code   RO         2034    .text.MessageQueueGet  rtx_msgqueue.o
    0x08005b2e   0x08005b2e   0x00000002   PAD
    0x08005b30   0x08005b30   0x000000ac   Code   RO         2026    .text.MessageQueuePut  rtx_msgqueue.o
    0x08005bdc   0x08005bdc   0x00000042   Code   RO         2022    .text.MessageQueueRemove  rtx_msgqueue.o
    0x08005c1e   0x08005c1e   0x00000002   PAD
    0x08005c20   0x08005c20   0x00000004   Code   RO          206    .text.NMI_Handler   stm32f4xx_it.o
    0x08005c24   0x08005c24   0x0000006c   Code   RO          925    .text.NVIC_EncodePriority  stm32f4xx_hal_cortex.o
    0x08005c90   0x08005c90   0x0000000c   Code   RO         1270    .text.OS_Tick_AcknowledgeIRQ  os_systick.o
    0x08005c9c   0x08005c9c   0x0000003c   Code   RO         1266    .text.OS_Tick_Enable  os_systick.o
    0x08005cd8   0x08005cd8   0x00000006   Code   RO         1272    .text.OS_Tick_GetIRQn  os_systick.o
    0x08005cde   0x08005cde   0x00000002   PAD
    0x08005ce0   0x08005ce0   0x0000007e   Code   RO         1264    .text.OS_Tick_Setup  os_systick.o
    0x08005d5e   0x08005d5e   0x00000002   PAD
    0x08005d60   0x08005d60   0x00000154   Code   RO           32    .text.PID_Cal       pid.o
    0x08005eb4   0x08005eb4   0x0000002c   Code   RO           40    .text.PID_SetDefaultParam  pid.o
    0x08005ee0   0x08005ee0   0x00000012   Code   RO           34    .text.PID_SetTarget  pid.o
    0x08005ef2   0x08005ef2   0x00000002   PAD
    0x08005ef4   0x08005ef4   0x00000012   Code   RO           36    .text.PID_SetValue  pid.o
    0x08005f06   0x08005f06   0x00000002   PAD
    0x08005f08   0x08005f08   0x00000026   Code   RO          134    .text.RingBufferIni  ringbuffer.o
    0x08005f2e   0x08005f2e   0x00000002   PAD
    0x08005f30   0x08005f30   0x00000022   Code   RO          140    .text.RingBuffer_AddReadIndex  ringbuffer.o
    0x08005f52   0x08005f52   0x00000002   PAD
    0x08005f54   0x08005f54   0x0000001e   Code   RO          142    .text.RingBuffer_GetLength  ringbuffer.o
    0x08005f72   0x08005f72   0x00000002   PAD
    0x08005f74   0x08005f74   0x0000001c   Code   RO          144    .text.RingBuffer_GetRemain  ringbuffer.o
    0x08005f90   0x08005f90   0x00000038   Code   RO          138    .text.RingBuffer_Read  ringbuffer.o
    0x08005fc8   0x08005fc8   0x00000030   Code   RO          136    .text.RingBuffer_Write  ringbuffer.o
    0x08005ff8   0x08005ff8   0x00000024   Code   RO           53    .text.RxCompleteCallback  controllerdata.o
    0x0800601c   0x0800601c   0x00000024   Code   RO           55    .text.RxErrorCallBack  controllerdata.o
    0x08006040   0x08006040   0x00000096   Code   RO           51    .text.RxEventCallback  controllerdata.o
    0x080060d6   0x080060d6   0x00000002   PAD
    0x080060d8   0x080060d8   0x00000050   Code   RO         1845    .text.SVC_Setup     rtx_kernel.o
    0x08006128   0x08006128   0x00000010   Code   RO         2187    .text.SetPendSV     rtx_system.o
    0x08006138   0x08006138   0x00000034   Code   RO         2232    .text.SetPrivileged  rtx_thread.o
    0x0800616c   0x0800616c   0x00000018   Code   RO         2228    .text.StackOffsetR0  rtx_thread.o
    0x08006184   0x08006184   0x000000be   Code   RO          155    .text.SystemClock_Config  main.o
    0x08006242   0x08006242   0x00000002   PAD
    0x08006244   0x08006244   0x00000012   Code   RO          287    .text.SystemInit    system_stm32f4xx.o
    0x08006256   0x08006256   0x00000002   PAD
    0x08006258   0x08006258   0x00000010   Code   RO          220    .text.TIM3_IRQHandler  stm32f4xx_it.o
    0x08006268   0x08006268   0x00000010   Code   RO          222    .text.TIM4_IRQHandler  stm32f4xx_it.o
    0x08006278   0x08006278   0x00000010   Code   RO          230    .text.TIM5_IRQHandler  stm32f4xx_it.o
    0x08006288   0x08006288   0x00000010   Code   RO          228    .text.TIM8_TRG_COM_TIM14_IRQHandler  stm32f4xx_it.o
    0x08006298   0x08006298   0x000001a4   Code   RO          307    .text.TIM_Base_SetConfig  stm32f4xx_hal_tim.o
    0x0800643c   0x0800643c   0x00000036   Code   RO          341    .text.TIM_CCxChannelCmd  stm32f4xx_hal_tim.o
    0x08006472   0x08006472   0x00000002   PAD
    0x08006474   0x08006474   0x00000034   Code   RO          483    .text.TIM_ETR_SetConfig  stm32f4xx_hal_tim.o
    0x080064a8   0x080064a8   0x0000002a   Code   RO          489    .text.TIM_ITRx_SetConfig  stm32f4xx_hal_tim.o
    0x080064d2   0x080064d2   0x00000002   PAD
    0x080064d4   0x080064d4   0x000000ea   Code   RO          441    .text.TIM_OC1_SetConfig  stm32f4xx_hal_tim.o
    0x080065be   0x080065be   0x00000002   PAD
    0x080065c0   0x080065c0   0x000000f4   Code   RO          443    .text.TIM_OC2_SetConfig  stm32f4xx_hal_tim.o
    0x080066b4   0x080066b4   0x000000f2   Code   RO          445    .text.TIM_OC3_SetConfig  stm32f4xx_hal_tim.o
    0x080067a6   0x080067a6   0x00000002   PAD
    0x080067a8   0x080067a8   0x000000a4   Code   RO          447    .text.TIM_OC4_SetConfig  stm32f4xx_hal_tim.o
    0x0800684c   0x0800684c   0x000000be   Code   RO          303    .text.TIM_ResetCallback  stm32f4xx_hal_tim.o
    0x0800690a   0x0800690a   0x00000002   PAD
    0x0800690c   0x0800690c   0x00000050   Code   RO          487    .text.TIM_TI1_ConfigInputStage  stm32f4xx_hal_tim.o
    0x0800695c   0x0800695c   0x00000052   Code   RO          491    .text.TIM_TI2_ConfigInputStage  stm32f4xx_hal_tim.o
    0x080069ae   0x080069ae   0x00000002   PAD
    0x080069b0   0x080069b0   0x0000007c   Code   RO         2360    .text.ThreadFlagsCheck  rtx_thread.o
    0x08006a2c   0x08006a2c   0x0000009e   Code   RO         2463    .text.TimerInsert   rtx_timer.o
    0x08006aca   0x08006aca   0x00000002   PAD
    0x08006acc   0x08006acc   0x00000028   Code   RO         2459    .text.TimerUnlink   rtx_timer.o
    0x08006af4   0x08006af4   0x0000001c   Code   RO         1191    .text.UART_DMAAbortOnError  stm32f4xx_hal_uart.o
    0x08006b10   0x08006b10   0x00000078   Code   RO         1143    .text.UART_DMAError  stm32f4xx_hal_uart.o
    0x08006b88   0x08006b88   0x000000f2   Code   RO         1211    .text.UART_DMAReceiveCplt  stm32f4xx_hal_uart.o
    0x08006c7a   0x08006c7a   0x00000002   PAD
    0x08006c7c   0x08006c7c   0x00000034   Code   RO         1213    .text.UART_DMARxHalfCplt  stm32f4xx_hal_uart.o
    0x08006cb0   0x08006cb0   0x0000007a   Code   RO         1139    .text.UART_DMATransmitCplt  stm32f4xx_hal_uart.o
    0x08006d2a   0x08006d2a   0x00000002   PAD
    0x08006d2c   0x08006d2c   0x00000016   Code   RO         1141    .text.UART_DMATxHalfCplt  stm32f4xx_hal_uart.o
    0x08006d42   0x08006d42   0x00000002   PAD
    0x08006d44   0x08006d44   0x00000092   Code   RO         1157    .text.UART_EndRxTransfer  stm32f4xx_hal_uart.o
    0x08006dd6   0x08006dd6   0x00000002   PAD
    0x08006dd8   0x08006dd8   0x00000024   Code   RO         1195    .text.UART_EndTransmit_IT  stm32f4xx_hal_uart.o
    0x08006dfc   0x08006dfc   0x00000034   Code   RO         1155    .text.UART_EndTxTransfer  stm32f4xx_hal_uart.o
    0x08006e30   0x08006e30   0x00000074   Code   RO         1083    .text.UART_InitCallbacksToDefault  stm32f4xx_hal_uart.o
    0x08006ea4   0x08006ea4   0x0000015c   Code   RO         1189    .text.UART_Receive_IT  stm32f4xx_hal_uart.o
    0x08007000   0x08007000   0x0000013a   Code   RO         1087    .text.UART_SetConfig  stm32f4xx_hal_uart.o
    0x0800713a   0x0800713a   0x00000002   PAD
    0x0800713c   0x0800713c   0x00000126   Code   RO         1147    .text.UART_Start_Receive_DMA  stm32f4xx_hal_uart.o
    0x08007262   0x08007262   0x00000002   PAD
    0x08007264   0x08007264   0x0000008c   Code   RO         1193    .text.UART_Transmit_IT  stm32f4xx_hal_uart.o
    0x080072f0   0x080072f0   0x00000010   Code   RO          224    .text.USART1_IRQHandler  stm32f4xx_it.o
    0x08007300   0x08007300   0x00000010   Code   RO          226    .text.USART3_IRQHandler  stm32f4xx_it.o
    0x08007310   0x08007310   0x00000004   Code   RO          214    .text.UsageFault_Handler  stm32f4xx_it.o
    0x08007314   0x08007314   0x0000002a   Code   RO          929    .text.__NVIC_EnableIRQ  stm32f4xx_hal_cortex.o
    0x0800733e   0x0800733e   0x00000002   PAD
    0x08007340   0x08007340   0x00000010   Code   RO          921    .text.__NVIC_GetPriorityGrouping  stm32f4xx_hal_cortex.o
    0x08007350   0x08007350   0x00000010   Code   RO         1847    .text.__NVIC_GetPriorityGrouping  rtx_kernel.o
    0x08007360   0x08007360   0x0000003a   Code   RO          923    .text.__NVIC_SetPriority  stm32f4xx_hal_cortex.o
    0x0800739a   0x0800739a   0x00000002   PAD
    0x0800739c   0x0800739c   0x0000003c   Code   RO          917    .text.__NVIC_SetPriorityGrouping  stm32f4xx_hal_cortex.o
    0x080073d8   0x080073d8   0x00000020   Code   RO         1236    .text._mutex_acquire  rtx_lib.o
    0x080073f8   0x080073f8   0x00000012   Code   RO         1240    .text._mutex_free   rtx_lib.o
    0x0800740a   0x0800740a   0x00000002   PAD
    0x0800740c   0x0800740c   0x00000032   Code   RO         1234    .text._mutex_initialize  rtx_lib.o
    0x0800743e   0x0800743e   0x00000002   PAD
    0x08007440   0x08007440   0x0000001c   Code   RO         1238    .text._mutex_release  rtx_lib.o
    0x0800745c   0x0800745c   0x00000008   Code   RO         1222    .text._platform_post_stackheap_init  rtx_lib.o
    0x08007464   0x08007464   0x00000038   Code   RO         1363    .text.atomic_chk32_all  rtx_evflags.o
    0x0800749c   0x0800749c   0x00000038   Code   RO         2362    .text.atomic_chk32_all  rtx_thread.o
    0x080074d4   0x080074d4   0x00000034   Code   RO         1365    .text.atomic_chk32_any  rtx_evflags.o
    0x08007508   0x08007508   0x00000034   Code   RO         2364    .text.atomic_chk32_any  rtx_thread.o
    0x0800753c   0x0800753c   0x0000002c   Code   RO         2189    .text.atomic_dec16_nz  rtx_system.o
    0x08007568   0x08007568   0x00000020   Code   RO         1909    .text.atomic_dec32  rtx_mempool.o
    0x08007588   0x08007588   0x00000028   Code   RO         2036    .text.atomic_dec32_nz  rtx_msgqueue.o
    0x080075b0   0x080075b0   0x00000034   Code   RO         2191    .text.atomic_inc16_lim  rtx_system.o
    0x080075e4   0x080075e4   0x00000038   Code   RO         2195    .text.atomic_inc16_lt  rtx_system.o
    0x0800761c   0x0800761c   0x00000020   Code   RO         1903    .text.atomic_inc32  rtx_mempool.o
    0x0800763c   0x0800763c   0x00000020   Code   RO         2028    .text.atomic_inc32  rtx_msgqueue.o
    0x0800765c   0x0800765c   0x00000028   Code   RO         1901    .text.atomic_link_get  rtx_mempool.o
    0x08007684   0x08007684   0x00000030   Code   RO         1907    .text.atomic_link_put  rtx_mempool.o
    0x080076b4   0x080076b4   0x00000028   Code   RO         1373    .text.atomic_set32  rtx_evflags.o
    0x080076dc   0x080076dc   0x00000028   Code   RO         2038    .text.atomic_wr8    rtx_msgqueue.o
    0x08007704   0x08007704   0x0000002e   Code   RO           67    .text.canSendData   controllerdata.o
    0x08007732   0x08007732   0x00000002   PAD
    0x08007734   0x08007734   0x000000ba   Code   RO           90    .text.compute       control.o
    0x080077ee   0x080077ee   0x00000002   PAD
    0x080077f0   0x080077f0   0x0000000c   Code   RO           82    .text.controlIni    control.o
    0x080077fc   0x080077fc   0x00000030   Code   RO           84    .text.controlTargetTask  control.o
    0x0800782c   0x0800782c   0x000000e0   Code   RO           88    .text.controlTask   control.o
    0x0800790c   0x0800790c   0x00000072   Code   RO           49    .text.controllerDataIni  controllerdata.o
    0x0800797e   0x0800797e   0x00000002   PAD
    0x08007980   0x08007980   0x00000008   Code   RO           57    .text.controllerDataProcess  controllerdata.o
    0x08007988   0x08007988   0x00000028   Code   RO           61    .text.getCH_Per     controllerdata.o
    0x080079b0   0x080079b0   0x00000044   Code   RO           59    .text.getCH_Shift   controllerdata.o
    0x080079f4   0x080079f4   0x0000001c   Code   RO           10    .text.getMotoStruct  moto.o
    0x08007a10   0x08007a10   0x00000110   Code   RO           86    .text.getTargetFromController  control.o
    0x08007b20   0x08007b20   0x0000006a   Code   RO         1339    .text.isrRtxEventFlagsSet  rtx_evflags.o
    0x08007b8a   0x08007b8a   0x00000002   PAD
    0x08007b8c   0x08007b8c   0x0000008a   Code   RO         1351    .text.isrRtxEventFlagsWait  rtx_evflags.o
    0x08007c16   0x08007c16   0x00000002   PAD
    0x08007c18   0x08007c18   0x000000ac   Code   RO         1996    .text.isrRtxMessageQueueGet  rtx_msgqueue.o
    0x08007cc4   0x08007cc4   0x000000bc   Code   RO         1992    .text.isrRtxMessageQueuePut  rtx_msgqueue.o
    0x08007d80   0x08007d80   0x00000054   Code   RO         2171    .text.isr_queue_get  rtx_system.o
    0x08007dd4   0x08007dd4   0x0000005e   Code   RO         2185    .text.isr_queue_put  rtx_system.o
    0x08007e32   0x08007e32   0x00000002   PAD
    0x08007e34   0x08007e34   0x0000002a   Code   RO          108    .text.kalDefaultParams  kalfilter.o
    0x08007e5e   0x08007e5e   0x00000002   PAD
    0x08007e60   0x08007e60   0x00000044   Code   RO          110    .text.kalPredict    kalfilter.o
    0x08007ea4   0x08007ea4   0x0000005a   Code   RO          112    .text.kalUpdate     kalfilter.o
    0x08007efe   0x08007efe   0x00000002   PAD
    0x08007f00   0x08007f00   0x0000009c   Code   RO          153    .text.main          main.o
    0x08007f9c   0x08007f9c   0x0000007a   Code   RO            8    .text.motoControl   moto.o
    0x08008016   0x08008016   0x00000002   PAD
    0x08008018   0x08008018   0x000000d4   Code   RO            2    .text.motoIni       moto.o
    0x080080ec   0x080080ec   0x00000054   Code   RO         1308    .text.osDelay       rtx_delay.o
    0x08008140   0x08008140   0x00000056   Code   RO         1327    .text.osEventFlagsNew  rtx_evflags.o
    0x08008196   0x08008196   0x00000002   PAD
    0x08008198   0x08008198   0x0000005e   Code   RO         1337    .text.osEventFlagsSet  rtx_evflags.o
    0x080081f6   0x080081f6   0x00000002   PAD
    0x080081f8   0x080081f8   0x0000007e   Code   RO         1349    .text.osEventFlagsWait  rtx_evflags.o
    0x08008276   0x08008276   0x00000002   PAD
    0x08008278   0x08008278   0x00000042   Code   RO         1791    .text.osKernelGetState  rtx_kernel.o
    0x080082ba   0x080082ba   0x00000002   PAD
    0x080082bc   0x080082bc   0x0000004a   Code   RO         1779    .text.osKernelInitialize  rtx_kernel.o
    0x08008306   0x08008306   0x00000002   PAD
    0x08008308   0x08008308   0x00000046   Code   RO         1795    .text.osKernelStart  rtx_kernel.o
    0x0800834e   0x0800834e   0x00000002   PAD
    0x08008350   0x08008350   0x0000007e   Code   RO         1994    .text.osMessageQueueGet  rtx_msgqueue.o
    0x080083ce   0x080083ce   0x00000002   PAD
    0x080083d0   0x080083d0   0x0000008a   Code   RO         1990    .text.osMessageQueuePut  rtx_msgqueue.o
    0x0800845a   0x0800845a   0x00000002   PAD
    0x0800845c   0x0800845c   0x00000064   Code   RO         2071    .text.osMutexAcquire  rtx_mutex.o
    0x080084c0   0x080084c0   0x00000056   Code   RO         2077    .text.osMutexDelete  rtx_mutex.o
    0x08008516   0x08008516   0x00000002   PAD
    0x08008518   0x08008518   0x00000056   Code   RO         2061    .text.osMutexNew    rtx_mutex.o
    0x0800856e   0x0800856e   0x00000002   PAD
    0x08008570   0x08008570   0x00000056   Code   RO         2073    .text.osMutexRelease  rtx_mutex.o
    0x080085c6   0x080085c6   0x00000002   PAD
    0x080085c8   0x080085c8   0x00000030   Code   RO         1292    .text.osRtxErrorNotify  rtx_config.o
    0x080085f8   0x080085f8   0x0000000a   Code   RO         1367    .text.osRtxEventFlagsId  rtx_evflags.o
    0x08008602   0x08008602   0x00000002   PAD
    0x08008604   0x08008604   0x0000000a   Code   RO         2175    .text.osRtxEventFlagsObject  rtx_system.o
    0x0800860e   0x0800860e   0x00000002   PAD
    0x08008610   0x08008610   0x0000005c   Code   RO         1359    .text.osRtxEventFlagsPostProcess  rtx_evflags.o
    0x0800866c   0x0800866c   0x00000008   Code   RO         1290    .text.osRtxIdleThread  rtx_config.o
    0x08008674   0x08008674   0x00000002   Code   RO         1775    .text.osRtxKernelBeforeInit  rtx_kernel.o
    0x08008676   0x08008676   0x00000002   PAD
    0x08008678   0x08008678   0x0000001c   Code   RO         1777    .text.osRtxKernelErrorNotify  rtx_kernel.o
    0x08008694   0x08008694   0x0000000c   Code   RO         2167    .text.osRtxKernelGetState  rtx_system.o
    0x080086a0   0x080086a0   0x0000000c   Code   RO         2236    .text.osRtxKernelGetState  rtx_thread.o
    0x080086ac   0x080086ac   0x0000000c   Code   RO         1841    .text.osRtxKernelState  rtx_kernel.o
    0x080086b8   0x080086b8   0x0000014c   Code   RO         1886    .text.osRtxMemoryAlloc  rtx_memory.o
    0x08008804   0x08008804   0x000000c2   Code   RO         1888    .text.osRtxMemoryFree  rtx_memory.o
    0x080088c6   0x080088c6   0x00000002   PAD
    0x080088c8   0x080088c8   0x00000096   Code   RO         1880    .text.osRtxMemoryInit  rtx_memory.o
    0x0800895e   0x0800895e   0x00000002   PAD
    0x08008960   0x08008960   0x0000004a   Code   RO         1899    .text.osRtxMemoryPoolAlloc  rtx_mempool.o
    0x080089aa   0x080089aa   0x00000002   PAD
    0x080089ac   0x080089ac   0x00000064   Code   RO         1905    .text.osRtxMemoryPoolFree  rtx_mempool.o
    0x08008a10   0x08008a10   0x00000098   Code   RO         1897    .text.osRtxMemoryPoolInit  rtx_mempool.o
    0x08008aa8   0x08008aa8   0x0000000a   Code   RO         2179    .text.osRtxMemoryPoolObject  rtx_system.o
    0x08008ab2   0x08008ab2   0x00000002   PAD
    0x08008ab4   0x08008ab4   0x0000000a   Code   RO         2181    .text.osRtxMessageObject  rtx_system.o
    0x08008abe   0x08008abe   0x00000002   PAD
    0x08008ac0   0x08008ac0   0x0000000a   Code   RO         1976    .text.osRtxMessageQueueId  rtx_msgqueue.o
    0x08008aca   0x08008aca   0x00000002   PAD
    0x08008acc   0x08008acc   0x00000144   Code   RO         2020    .text.osRtxMessageQueuePostProcess  rtx_msgqueue.o
    0x08008c10   0x08008c10   0x0000003e   Code   RO         1974    .text.osRtxMessageQueueTimerSetup  rtx_msgqueue.o
    0x08008c4e   0x08008c4e   0x00000002   PAD
    0x08008c50   0x08008c50   0x0000005a   Code   RO         2097    .text.osRtxMutexDestroy  rtx_mutex.o
    0x08008caa   0x08008caa   0x00000002   PAD
    0x08008cac   0x08008cac   0x0000000a   Code   RO         2083    .text.osRtxMutexId  rtx_mutex.o
    0x08008cb6   0x08008cb6   0x00000002   PAD
    0x08008cb8   0x08008cb8   0x0000000a   Code   RO         2224    .text.osRtxMutexObject  rtx_thread.o
    0x08008cc2   0x08008cc2   0x00000002   PAD
    0x08008cc4   0x08008cc4   0x00000098   Code   RO         2055    .text.osRtxMutexOwnerRelease  rtx_mutex.o
    0x08008d5c   0x08008d5c   0x000000ac   Code   RO         2059    .text.osRtxMutexOwnerRestore  rtx_mutex.o
    0x08008e08   0x08008e08   0x000000fc   Code   RO         2095    .text.osRtxMutexOwnerUnlock  rtx_mutex.o
    0x08008f04   0x08008f04   0x0000000a   Code   RO         1371    .text.osRtxObject   rtx_evflags.o
    0x08008f0e   0x08008f0e   0x00000002   PAD
    0x08008f10   0x08008f10   0x0000000a   Code   RO         2024    .text.osRtxObject   rtx_msgqueue.o
    0x08008f1a   0x08008f1a   0x00000002   PAD
    0x08008f1c   0x08008f1c   0x0000000a   Code   RO         2057    .text.osRtxObject   rtx_mutex.o
    0x08008f26   0x08008f26   0x00000002   PAD
    0x08008f28   0x08008f28   0x0000000a   Code   RO         2193    .text.osRtxObject   rtx_system.o
    0x08008f32   0x08008f32   0x00000002   PAD
    0x08008f34   0x08008f34   0x0000000a   Code   RO         2212    .text.osRtxObject   rtx_thread.o
    0x08008f3e   0x08008f3e   0x00000002   PAD
    0x08008f40   0x08008f40   0x000000b8   Code   RO         2169    .text.osRtxPendSV_Handler  rtx_system.o
    0x08008ff8   0x08008ff8   0x00000042   Code   RO         2183    .text.osRtxPostProcess  rtx_system.o
    0x0800903a   0x0800903a   0x00000002   PAD
    0x0800903c   0x0800903c   0x0000000a   Code   RO         2177    .text.osRtxSemaphoreObject  rtx_system.o
    0x08009046   0x08009046   0x00000002   PAD
    0x08009048   0x08009048   0x00000010   Code   RO         1230    .text.osRtxThreadBeforeFree  rtx_lib.o
    0x08009058   0x08009058   0x00000088   Code   RO         2240    .text.osRtxThreadBlock  rtx_thread.o
    0x080090e0   0x080090e0   0x000000fa   Code   RO         2246    .text.osRtxThreadDelayInsert  rtx_thread.o
    0x080091da   0x080091da   0x00000002   PAD
    0x080091dc   0x080091dc   0x0000009c   Code   RO         2218    .text.osRtxThreadDelayRemove  rtx_thread.o
    0x08009278   0x08009278   0x00000150   Code   RO         2220    .text.osRtxThreadDelayTick  rtx_thread.o
    0x080093c8   0x080093c8   0x00000060   Code   RO         2252    .text.osRtxThreadDestroy  rtx_thread.o
    0x08009428   0x08009428   0x00000096   Code   RO         2234    .text.osRtxThreadDispatch  rtx_thread.o
    0x080094be   0x080094be   0x00000002   PAD
    0x080094c0   0x080094c0   0x000000a2   Code   RO         2254    .text.osRtxThreadFree  rtx_thread.o
    0x08009562   0x08009562   0x00000002   PAD
    0x08009564   0x08009564   0x0000000c   Code   RO         1383    .text.osRtxThreadGetRunning  rtx_evflags.o
    0x08009570   0x08009570   0x0000000c   Code   RO         2032    .text.osRtxThreadGetRunning  rtx_msgqueue.o
    0x0800957c   0x0800957c   0x0000000c   Code   RO         2087    .text.osRtxThreadGetRunning  rtx_mutex.o
    0x08009588   0x08009588   0x0000000c   Code   RO         2238    .text.osRtxThreadGetRunning  rtx_thread.o
    0x08009594   0x08009594   0x0000000c   Code   RO         2457    .text.osRtxThreadGetRunning  rtx_timer.o
    0x080095a0   0x080095a0   0x0000000a   Code   RO         2260    .text.osRtxThreadId  rtx_thread.o
    0x080095aa   0x080095aa   0x00000002   PAD
    0x080095ac   0x080095ac   0x0000003c   Code   RO         2250    .text.osRtxThreadJoinWakeup  rtx_thread.o
    0x080095e8   0x080095e8   0x00000036   Code   RO         2208    .text.osRtxThreadListGet  rtx_thread.o
    0x0800961e   0x0800961e   0x00000002   PAD
    0x08009620   0x08009620   0x00000076   Code   RO         2204    .text.osRtxThreadListPut  rtx_thread.o
    0x08009696   0x08009696   0x00000002   PAD
    0x08009698   0x08009698   0x00000032   Code   RO         2214    .text.osRtxThreadListRemove  rtx_thread.o
    0x080096ca   0x080096ca   0x00000002   PAD
    0x080096cc   0x080096cc   0x00000022   Code   RO         2222    .text.osRtxThreadListRoot  rtx_thread.o
    0x080096ee   0x080096ee   0x00000002   PAD
    0x080096f0   0x080096f0   0x00000058   Code   RO         2210    .text.osRtxThreadListSort  rtx_thread.o
    0x08009748   0x08009748   0x0000000a   Code   RO         2173    .text.osRtxThreadObject  rtx_system.o
    0x08009752   0x08009752   0x00000002   PAD
    0x08009754   0x08009754   0x0000000a   Code   RO         2206    .text.osRtxThreadObject  rtx_thread.o
    0x0800975e   0x0800975e   0x00000002   PAD
    0x08009760   0x08009760   0x00000044   Code   RO         2358    .text.osRtxThreadPostProcess  rtx_thread.o
    0x080097a4   0x080097a4   0x00000020   Code   RO         2216    .text.osRtxThreadReadyPut  rtx_thread.o
    0x080097c4   0x080097c4   0x00000022   Code   RO         2226    .text.osRtxThreadRegPtr  rtx_thread.o
    0x080097e6   0x080097e6   0x00000002   PAD
    0x080097e8   0x080097e8   0x00000014   Code   RO         2394    .text.osRtxThreadSetRunning  rtx_thread.o
    0x080097fc   0x080097fc   0x00000014   Code   RO         2461    .text.osRtxThreadSetRunning  rtx_timer.o
    0x08009810   0x08009810   0x0000003c   Code   RO         2248    .text.osRtxThreadStackCheck  rtx_thread.o
    0x0800984c   0x0800984c   0x00000096   Code   RO         2258    .text.osRtxThreadStartup  rtx_thread.o
    0x080098e2   0x080098e2   0x00000002   PAD
    0x080098e4   0x080098e4   0x0000002e   Code   RO         2230    .text.osRtxThreadSwitch  rtx_thread.o
    0x08009912   0x08009912   0x00000002   PAD
    0x08009914   0x08009914   0x00000076   Code   RO         2244    .text.osRtxThreadWaitEnter  rtx_thread.o
    0x0800998a   0x0800998a   0x00000002   PAD
    0x0800998c   0x0800998c   0x00000046   Code   RO         2242    .text.osRtxThreadWaitExit  rtx_thread.o
    0x080099d2   0x080099d2   0x00000002   PAD
    0x080099d4   0x080099d4   0x00000110   Code   RO         2165    .text.osRtxTick_Handler  rtx_system.o
    0x08009ae4   0x08009ae4   0x00000030   Code   RO         2433    .text.osRtxTimerSetup  rtx_timer.o
    0x08009b14   0x08009b14   0x00000032   Code   RO         2437    .text.osRtxTimerThread  rtx_timer.o
    0x08009b46   0x08009b46   0x00000002   PAD
    0x08009b48   0x08009b48   0x000000dc   Code   RO         2435    .text.osRtxTimerTick  rtx_timer.o
    0x08009c24   0x08009c24   0x00000010   Code   RO         2354    .text.osThreadEntry  rtx_thread.o
    0x08009c34   0x08009c34   0x00000024   Code   RO         2306    .text.osThreadExit  rtx_thread.o
    0x08009c58   0x08009c58   0x00000072   Code   RO         2264    .text.osThreadNew   rtx_thread.o
    0x08009cca   0x08009cca   0x00000002   PAD
    0x08009ccc   0x08009ccc   0x00000036   Code   RO         1228    .text.os_kernel_is_active  rtx_lib.o
    0x08009d02   0x08009d02   0x00000002   PAD
    0x08009d04   0x08009d04   0x00000026   Code   RO           65    .text.sendData      controllerdata.o
    0x08009d2a   0x08009d2a   0x00000002   PAD
    0x08009d2c   0x08009d2c   0x000000ba   Code   RO            6    .text.speedCal      moto.o
    0x08009de6   0x08009de6   0x00000002   PAD
    0x08009de8   0x08009de8   0x00000046   Code   RO            4    .text.speedCalRawDiff  moto.o
    0x08009e2e   0x08009e2e   0x00000002   PAD
    0x08009e30   0x08009e30   0x00000050   Code   RO         1316    .text.svcRtxDelay   rtx_delay.o
    0x08009e80   0x08009e80   0x00000140   Code   RO         1355    .text.svcRtxEventFlagsNew  rtx_evflags.o
    0x08009fc0   0x08009fc0   0x000000d8   Code   RO         1375    .text.svcRtxEventFlagsSet  rtx_evflags.o
    0x0800a098   0x0800a098   0x000000d6   Code   RO         1381    .text.svcRtxEventFlagsWait  rtx_evflags.o
    0x0800a16e   0x0800a16e   0x00000002   PAD
    0x0800a170   0x0800a170   0x00000016   Code   RO         1793    .text.svcRtxKernelGetState  rtx_kernel.o
    0x0800a186   0x0800a186   0x00000002   PAD
    0x0800a188   0x0800a188   0x00000304   Code   RO         1839    .text.svcRtxKernelInitialize  rtx_kernel.o
    0x0800a48c   0x0800a48c   0x000000a4   Code   RO         1843    .text.svcRtxKernelStart  rtx_kernel.o
    0x0800a530   0x0800a530   0x00000168   Code   RO         2040    .text.svcRtxMessageQueueGet  rtx_msgqueue.o
    0x0800a698   0x0800a698   0x00000290   Code   RO         1978    .text.svcRtxMessageQueueNew  rtx_msgqueue.o
    0x0800a928   0x0800a928   0x0000015c   Code   RO         2030    .text.svcRtxMessageQueuePut  rtx_msgqueue.o
    0x0800aa84   0x0800aa84   0x00000176   Code   RO         2085    .text.svcRtxMutexAcquire  rtx_mutex.o
    0x0800abfa   0x0800abfa   0x00000002   PAD
    0x0800abfc   0x0800abfc   0x00000058   Code   RO         2093    .text.svcRtxMutexDelete  rtx_mutex.o
    0x0800ac54   0x0800ac54   0x00000142   Code   RO         2079    .text.svcRtxMutexNew  rtx_mutex.o
    0x0800ad96   0x0800ad96   0x00000002   PAD
    0x0800ad98   0x0800ad98   0x000001a0   Code   RO         2089    .text.svcRtxMutexRelease  rtx_mutex.o
    0x0800af38   0x0800af38   0x00000084   Code   RO         2392    .text.svcRtxThreadExit  rtx_thread.o
    0x0800afbc   0x0800afbc   0x0000046a   Code   RO         2262    .text.svcRtxThreadNew  rtx_thread.o
    0x0800b426   0x0800b426   0x00000002   PAD
    0x0800b428   0x0800b428   0x00000002   Code   RO           20    .text.timerARR_CallBack  timer.o
    0x0800b42a   0x0800b42a   0x00000002   PAD
    0x0800b42c   0x0800b42c   0x00000026   Code   RO           22    .text.timerIni      timer.o
    0x0800b452   0x0800b452   0x00000002   PAD
    0x0800b454   0x0800b454   0x00000048   Code   RO         1232    .text.user_perthread_libspace_free  rtx_lib.o
    0x0800b49c   0x0800b49c   0x00000012   Code   RO         2356    .text.xPSR_InitVal  rtx_thread.o
    0x0800b4ae   0x0800b4ae   0x0000003e   Code   RO         2675    CL$$btod_d2e        c_wu.l(btod.o)
    0x0800b4ec   0x0800b4ec   0x00000046   Code   RO         2677    CL$$btod_d2e_denorm_low  c_wu.l(btod.o)
    0x0800b532   0x0800b532   0x00000060   Code   RO         2676    CL$$btod_d2e_norm_op1  c_wu.l(btod.o)
    0x0800b592   0x0800b592   0x00000002   PAD
    0x0800b594   0x0800b594   0x00000338   Code   RO         2685    CL$$btod_div_common  c_wu.l(btod.o)
    0x0800b8cc   0x0800b8cc   0x000000dc   Code   RO         2682    CL$$btod_e2e        c_wu.l(btod.o)
    0x0800b9a8   0x0800b9a8   0x0000002a   Code   RO         2679    CL$$btod_ediv       c_wu.l(btod.o)
    0x0800b9d2   0x0800b9d2   0x0000002a   Code   RO         2678    CL$$btod_emul       c_wu.l(btod.o)
    0x0800b9fc   0x0800b9fc   0x00000244   Code   RO         2684    CL$$btod_mult_common  c_wu.l(btod.o)
    0x0800bc40   0x0800bc40   0x00000030   Code   RO         2714    i.__ARM_fpclassify  m_wm.l(fpclassify.o)
    0x0800bc70   0x0800bc70   0x0000000e   Code   RO         2574    i._is_digit         c_wu.l(__printf_wp.o)
    0x0800bc7e   0x0800bc7e   0x00000002   PAD
    0x0800bc80   0x0800bc80   0x0000002c   Code   RO         2700    locale$$code        c_wu.l(lc_numeric_c.o)
    0x0800bcac   0x0800bcac   0x0000002c   Code   RO         2726    locale$$code        c_wu.l(lc_ctype_c.o)
    0x0800bcd8   0x0800bcd8   0x0000000c   Code   RO         2609    x$fpl$dretinf       fz_wm.l(dretinf.o)
    0x0800bce4   0x0800bce4   0x00000056   Code   RO         2507    x$fpl$f2d           fz_wm.l(f2d.o)
    0x0800bd3a   0x0800bd3a   0x0000008c   Code   RO         2611    x$fpl$fnaninf       fz_wm.l(fnaninf.o)
    0x0800bdc6   0x0800bdc6   0x0000001a   Code   RO         2509    x$fpl$fpinit        fz_wm.l(fpinit.o)
    0x0800bde0   0x0800bde0   0x00000004   Code   RO         2613    x$fpl$printf1       fz_wm.l(printf1.o)
    0x0800bde4   0x0800bde4   0x00000004   Code   RO         2615    x$fpl$printf2       fz_wm.l(printf2.o)
    0x0800bde8   0x0800bde8   0x00000000   Code   RO         2621    x$fpl$usenofp       fz_wm.l(usenofp.o)
    0x0800bde8   0x0800bde8   0x00000008   Data   RO         2533    .constdata          c_wu.l(_printf_wctomb.o)
    0x0800bdf0   0x0800bdf0   0x00000028   Data   RO         2562    .constdata          c_wu.l(_printf_hex_int_ll_ptr.o)
    0x0800be18   0x0800be18   0x00000011   Data   RO         2582    .constdata          c_wu.l(__printf_flags_ss_wp.o)
    0x0800be29   0x0800be29   0x00000026   Data   RO         2648    .constdata          c_wu.l(_printf_fp_hex.o)
    0x0800be4f   0x0800be4f   0x00000001   PAD
    0x0800be50   0x0800be50   0x00000094   Data   RO         2673    .constdata          c_wu.l(bigflt0.o)
    0x0800bee4   0x0800bee4   0x00000070   Data   RO         1246    .rodata             rtx_lib.o
    0x0800bf54   0x0800bf54   0x00000038   Data   RO         1249    .rodata             rtx_lib.o
    0x0800bf8c   0x0800bf8c   0x00000010   Data   RO          292    .rodata.AHBPrescTable  system_stm32f4xx.o
    0x0800bf9c   0x0800bf9c   0x00000008   Data   RO          293    .rodata.APBPrescTable  system_stm32f4xx.o
    0x0800bfa4   0x0800bfa4   0x00000008   Data   RO          847    .rodata.DMA_CalcBaseAndBitshift.flagBitshiftOffset  stm32f4xx_hal_dma.o
    0x0800bfac   0x0800bfac   0x00000024   Data   RO          183    .rodata.controlTarget_attr  main.o
    0x0800bfd0   0x0800bfd0   0x00000024   Data   RO          184    .rodata.control_attr  main.o
    0x0800bff4   0x0800bff4   0x00000004   Data   RO         1248    .rodata.osRtxUserSVC  rtx_lib.o
    0x0800bff8   0x0800bff8   0x00000024   Data   RO         1243    .rodata.os_idle_thread_attr  rtx_lib.o
    0x0800c01c   0x0800c01c   0x00000018   Data   RO         1245    .rodata.os_timer_mq_attr  rtx_lib.o
    0x0800c034   0x0800c034   0x00000024   Data   RO         1244    .rodata.os_timer_thread_attr  rtx_lib.o
    0x0800c058   0x0800c058   0x00000013   Data   RO           98    .rodata.str1.1      control.o
    0x0800c06b   0x0800c06b   0x0000000b   Data   RO         1871    .rodata.str1.1      rtx_kernel.o
    0x0800c076   0x0800c076   0x00000002   PAD
    0x0800c078   0x0800c078   0x00000020   Data   RO         2859    Region$$Table       anon$$obj.o
    0x0800c098   0x0800c098   0x0000001c   Data   RO         2699    locale$$data        c_wu.l(lc_numeric_c.o)
    0x0800c0b4   0x0800c0b4   0x00000110   Data   RO         2725    locale$$data        c_wu.l(lc_ctype_c.o)


    Execution Region RW_IRAM1 (Exec base: 0x20000000, Load base: 0x0800c1c8, Size: 0x00009720, Max: 0x00020000, ABSOLUTE)

    Exec Addr    Load Addr    Size         Type   Attr      Idx    E Section Name        Object

    0x20000000   0x0800c1c8   0x00000004   Data   RW          291    .data.SystemCoreClock  system_stm32f4xx.o
    0x20000004   0x0800c1cc   0x000000a4   Data   RW         1872    .data.os            rtx_kernel.o
    0x200000a8   0x0800c270   0x00000004   Data   RW         1047    .data.uwTickFreq    stm32f4xx_hal.o
    0x200000ac   0x0800c274   0x00000004   Data   RW         1046    .data.uwTickPrio    stm32f4xx_hal.o
    0x200000b0        -       0x00000060   Zero   RW         2717    .bss                c_wu.l(libspace.o)
    0x20000110        -       0x00000020   Zero   RW           74    .bss.CH             controllerdata.o
    0x20000130        -       0x00000037   Zero   RW           73    .bss.DMAbuffer      controllerdata.o
    0x20000167        -       0x00000032   Zero   RW           71    .bss.buffer         controllerdata.o
    0x20000199   0x0800c278   0x00000003   PAD
    0x2000019c        -       0x00000004   Zero   RW           94    .bss.consolePidOut  control.o
    0x200001a0        -       0x00000004   Zero   RW           96    .bss.consoleSpeed   control.o
    0x200001a4        -       0x00000004   Zero   RW           95    .bss.consoleTarget  control.o
    0x200001a8        -       0x00000004   Zero   RW          186    .bss.controlHandle  main.o
    0x200001ac        -       0x00000008   Zero   RW           92    .bss.controlTarget  control.o
    0x200001b4        -       0x00000004   Zero   RW          187    .bss.controlTargetFlags  main.o
    0x200001b8        -       0x00000004   Zero   RW          185    .bss.controlTargetHandle  main.o
    0x200001bc        -       0x00000064   Zero   RW           97    .bss.data           control.o
    0x20000220        -       0x00000064   Zero   RW          195    .bss.hdma_usart1_tx  main.o
    0x20000284        -       0x00000064   Zero   RW          196    .bss.hdma_usart3_rx  main.o
    0x200002e8        -       0x000000d4   Zero   RW          270    .bss.htim14         stm32f4xx_hal_timebase_tim.o
    0x200003bc        -       0x000000d4   Zero   RW          188    .bss.htim2          main.o
    0x20000490        -       0x000000d4   Zero   RW          189    .bss.htim3          main.o
    0x20000564        -       0x000000d4   Zero   RW          190    .bss.htim4          main.o
    0x20000638        -       0x000000d4   Zero   RW          191    .bss.htim5          main.o
    0x2000070c        -       0x000000d4   Zero   RW          192    .bss.htim9          main.o
    0x200007e0        -       0x00000080   Zero   RW          193    .bss.huart1         main.o
    0x20000860        -       0x00000080   Zero   RW          194    .bss.huart3         main.o
    0x200008e0        -       0x00000004   Zero   RW           93    .bss.moto           control.o
    0x200008e4        -       0x000000c8   Zero   RW           12    .bss.motoArray      moto.o
    0x200009ac   0x0800c278   0x00000004   PAD
    0x200009b0        -       0x00008040   Zero   RW         1242    .bss.os             rtx_lib.o
    0x200089f0        -       0x00000001   Zero   RW         1282    .bss.os             os_systick.o
    0x200089f1   0x0800c278   0x00000003   PAD
    0x200089f4        -       0x000001f0   Zero   RW         1250    .bss.os.libspace    rtx_lib.o
    0x20008be4        -       0x00000034   Zero   RW         1254    .bss.os.msgqueue.cb  rtx_lib.o
    0x20008c18        -       0x00000050   Zero   RW         1255    .bss.os.msgqueue.mem  rtx_lib.o
    0x20008c68        -       0x000000a0   Zero   RW         1251    .bss.os.thread.cb   rtx_lib.o
    0x20008d08        -       0x00000200   Zero   RW         1252    .bss.os.thread.idle.stack  rtx_lib.o
    0x20008f08        -       0x00000200   Zero   RW         1253    .bss.os.thread.timer.stack  rtx_lib.o
    0x20009108        -       0x00000001   Zero   RW         1256    .bss.os_kernel_is_active.os_kernel_active  rtx_lib.o
    0x20009109   0x0800c278   0x00000003   PAD
    0x2000910c        -       0x0000000c   Zero   RW           72    .bss.rb             controllerdata.o
    0x20009118        -       0x00000004   Zero   RW         1048    .bss.uwTick         stm32f4xx_hal.o
    0x2000911c   0x0800c278   0x00000004   PAD
    0x20009120        -       0x00000200   Zero   RW          278    HEAP                startup_stm32f407xx.o
    0x20009320        -       0x00000400   Zero   RW          277    STACK               startup_stm32f407xx.o


==============================================================================

Image component sizes


      Code (inc. data)   RO Data    RW Data    ZI Data      Debug   Object Name

       742          0         19          0        124       7284   control.o
      1018          4          0          0        149       6516   controllerdata.o
       580          8          0          0          0       5367   gpio.o
       256         16          0          0          0        769   irq_armv7m.o
       200          4          0          0          0       1314   kalfilter.o
      1702          0         72          0       1528      15375   main.o
       618          0          0          0        200       7150   moto.o
       204          0          0          0          1       4727   os_systick.o
       420          0          0          0          0       1808   pid.o
       234          0          0          0          0       1631   ringbuffer.o
        56          6          0          0          0        697   rtx_config.o
       230          0          0          0          0       2784   rtx_delay.o
      1822          0          0          0          0      11126   rtx_evflags.o
       634          0          0          0          0      26509   rtx_evr.o
      1392          0         11        164          0      17991   rtx_kernel.o
       300          0        268          0      34645       8018   rtx_lib.o
       710          0          0          0          0       2338   rtx_memory.o
       478          0          0          0          0      12642   rtx_mempool.o
      2938          0          0          0          0      15268   rtx_msgqueue.o
      2356          0          0          0          0       9465   rtx_mutex.o
       940         10          0          0          0       6307   rtx_system.o
      4206          0          0          0          0      34030   rtx_thread.o
       548          0          0          0          0       9373   rtx_timer.o
        64         26        392          0       1536        904   startup_stm32f407xx.o
        92          0          0          8          4       7221   stm32f4xx_hal.o
       362          0          0          0          0       9899   stm32f4xx_hal_cortex.o
      1960          8          8          0          0       8590   stm32f4xx_hal_dma.o
       950          0          0          0          0       5186   stm32f4xx_hal_gpio.o
      1242          0          0          0          0      11426   stm32f4xx_hal_msp.o
      2668          0          0          0          0       7690   stm32f4xx_hal_rcc.o
      5236         56          0          0          0      40220   stm32f4xx_hal_tim.o
       298          0          0          0          0      16490   stm32f4xx_hal_tim_ex.o
       228          0          0          0        212       8177   stm32f4xx_hal_timebase_tim.o
      4202         14          0          0          0      23094   stm32f4xx_hal_uart.o
       150          0          0          0          0       1570   stm32f4xx_it.o
        18          0         24          4          0       2691   system_stm32f4xx.o
        40          0          0          0          0       1639   timer.o

    ----------------------------------------------------------------------
     40442        152        828        176      38416     353286   Object Totals
         0          0         32          0          0          0   (incl. Generated)
       348          0          2          0         17          0   (incl. Padding)

    ----------------------------------------------------------------------

      Code (inc. data)   RO Data    RW Data    ZI Data      Debug   Library Member Name

         8          0          0          0          0         68   __main.o
       392          4         17          0          0         92   __printf_flags_ss_wp.o
        14          0          0          0          0         68   __printf_wp.o
         0          0          0          0          0          0   __rtentry.o
        20          0          0          0          0          0   __rtentry2.o
         6          0          0          0          0          0   __rtentry4.o
        94          8          0          0          0          0   __scatter.o
        26          0          0          0          0          0   __scatter_copy.o
        28          0          0          0          0          0   __scatter_zi.o
        72          0          0          0          0         96   _c32rtomb.o
         6          0          0          0          0          0   _printf_a.o
         6          0          0          0          0          0   _printf_c.o
        44          0          0          0          0        108   _printf_char.o
        48          6          0          0          0         96   _printf_char_common.o
        40          0          0          0          0         68   _printf_charcount.o
         6          0          0          0          0          0   _printf_d.o
       120         16          0          0          0         92   _printf_dec.o
         6          0          0          0          0          0   _printf_e.o
         6          0          0          0          0          0   _printf_f.o
      1052          0          0          0          0        148   _printf_fp_dec.o
       764          8         38          0          0        100   _printf_fp_hex.o
       128         16          0          0          0         84   _printf_fp_infnan.o
         6          0          0          0          0          0   _printf_g.o
       148          4         40          0          0        160   _printf_hex_int_ll_ptr.o
         6          0          0          0          0          0   _printf_i.o
       178          0          0          0          0         88   _printf_intcommon.o
        10          0          0          0          0          0   _printf_l.o
         6          0          0          0          0          0   _printf_lc.o
        10          0          0          0          0          0   _printf_ll.o
         6          0          0          0          0          0   _printf_lld.o
         6          0          0          0          0          0   _printf_lli.o
         6          0          0          0          0          0   _printf_llo.o
         6          0          0          0          0          0   _printf_llu.o
         6          0          0          0          0          0   _printf_llx.o
       124         16          0          0          0         92   _printf_longlong_dec.o
         6          0          0          0          0          0   _printf_ls.o
         6          0          0          0          0          0   _printf_n.o
         6          0          0          0          0          0   _printf_o.o
       112          8          0          0          0        124   _printf_oct_int_ll.o
         6          0          0          0          0          0   _printf_p.o
        78          0          0          0          0        108   _printf_pad.o
         0          0          0          0          0          0   _printf_percent.o
         4          0          0          0          0          0   _printf_percent_end.o
         6          0          0          0          0          0   _printf_s.o
        82          0          0          0          0         80   _printf_str.o
        36          0          0          0          0         84   _printf_truncate.o
         6          0          0          0          0          0   _printf_u.o
        44          0          0          0          0        108   _printf_wchar.o
       188          6          8          0          0         92   _printf_wctomb.o
         6          0          0          0          0          0   _printf_x.o
        10          0          0          0          0         68   _sputc.o
       228          4        148          0          0         96   bigflt0.o
      1936        128          0          0          0        668   btod.o
        18          0          0          0          0         80   exit.o
         6          0          0          0          0        152   heapauxi.o
         0          0          0          0          0          0   indicate_semi.o
        44         10        272          0          0         76   lc_ctype_c.o
        44         10         28          0          0         76   lc_numeric_c.o
         2          0          0          0          0          0   libinit.o
        34          0          0          0          0          0   libinit2.o
         2          0          0          0          0          0   libshutdown.o
         2          0          0          0          0          0   libshutdown2.o
         8          4          0          0         96         68   libspace.o
       138          0          0          0          0         80   lludiv10.o
       240          0          0          0          0        100   lludivv7m.o
        16          4          0          0          0         76   rt_ctype_table.o
        10          0          0          0          0         76   rt_locale_twolibspace.o
        68          0          0          0          0         68   rt_memclr.o
        78          0          0          0          0         80   rt_memclr_w.o
       138          0          0          0          0         68   rt_memcpy_v6.o
       100          0          0          0          0         80   rt_memcpy_w.o
         2          0          0          0          0          0   rtexit.o
        10          0          0          0          0          0   rtexit2.o
        44          6          0          0          0         84   sprintf.o
       124          0          0          0          0         88   strcmpv7em.o
        62          0          0          0          0         76   strlen.o
        12          4          0          0          0         68   sys_exit.o
        74          0          0          0          0         80   sys_stackheap_outer.o
         2          0          0          0          0         68   use_no_semi.o
        12          0          0          0          0        116   dretinf.o
        86          4          0          0          0        132   f2d.o
       140          4          0          0          0        132   fnaninf.o
        26          0          0          0          0        116   fpinit.o
         4          0          0          0          0        116   printf1.o
         4          0          0          0          0        116   printf2.o
         0          0          0          0          0          0   usenofp.o
        48          0          0          0          0        124   fpclassify.o

    ----------------------------------------------------------------------
      7782        270        552          0         96       5184   Library Totals
        20          0          1          0          0          0   (incl. Padding)

    ----------------------------------------------------------------------

      Code (inc. data)   RO Data    RW Data    ZI Data      Debug   Library Name

      7442        262        551          0         96       4332   c_wu.l
       272          8          0          0          0        728   fz_wm.l
        48          0          0          0          0        124   m_wm.l

    ----------------------------------------------------------------------
      7782        270        552          0         96       5184   Library Totals

    ----------------------------------------------------------------------

==============================================================================


      Code (inc. data)   RO Data    RW Data    ZI Data      Debug   

     48224        422       1380        176      38512     355018   Grand Totals
     48224        422       1380        176      38512     355018   ELF Image Totals
     48224        422       1380        176          0          0   ROM Totals

==============================================================================

    Total RO  Size (Code + RO Data)                49604 (  48.44kB)
    Total RW  Size (RW Data + ZI Data)             38688 (  37.78kB)
    Total ROM Size (Code + RO Data + RW Data)      49780 (  48.61kB)

==============================================================================

