Component: Arm Compiler for Embedded 6.24 Tool: armlink [5f371500]

==============================================================================

Section Cross References

    control.o(.text.isDataReady) refers to control.o(.bss.dataReady) for dataReady
    control.o(.ARM.exidx.text.isDataReady) refers to control.o(.text.isDataReady) for [Anonymous Symbol]
    control.o(.text.uartInit) refers to main.o(.bss.huart3) for huart3
    control.o(.text.uartInit) refers to control.o(.text.UART_Recieve_Complete) for UART_Recieve_Complete
    control.o(.text.uartInit) refers to stm32f4xx_hal_uart.o(.text.HAL_UART_RegisterCallback) for HAL_UART_RegisterCallback
    control.o(.text.uartInit) refers to control.o(.bss.REC_data) for REC_data
    control.o(.text.uartInit) refers to stm32f4xx_hal_uart.o(.text.HAL_UART_Receive_IT) for HAL_UART_Receive_IT
    control.o(.text.uartInit) refers to control.o(.bss.REC_Status) for REC_Status
    control.o(.ARM.exidx.text.uartInit) refers to control.o(.text.uartInit) for [Anonymous Symbol]
    control.o(.text.UART_Recieve_Complete) refers to control.o(.bss.REC_Status) for REC_Status
    control.o(.text.UART_Recieve_Complete) refers to control.o(.bss.REC_data) for REC_data
    control.o(.text.UART_Recieve_Complete) refers to control.o(.bss.Frame_data) for Frame_data
    control.o(.text.UART_Recieve_Complete) refers to control.o(.bss.datapoi) for datapoi
    control.o(.text.UART_Recieve_Complete) refers to stm32f4xx_hal_uart.o(.text.HAL_UART_Receive_IT) for HAL_UART_Receive_IT
    control.o(.text.UART_Recieve_Complete) refers to control.o(.bss.dataReady) for dataReady
    control.o(.ARM.exidx.text.UART_Recieve_Complete) refers to control.o(.text.UART_Recieve_Complete) for [Anonymous Symbol]
    control.o(.text.dataProcess) refers to control.o(.bss.dataReady) for dataReady
    control.o(.text.dataProcess) refers to control.o(.text.CHprocess) for CHprocess
    control.o(.ARM.exidx.text.dataProcess) refers to control.o(.text.dataProcess) for [Anonymous Symbol]
    control.o(.text.getShift) refers to control.o(.bss.CH) for CH
    control.o(.ARM.exidx.text.getShift) refers to control.o(.text.getShift) for [Anonymous Symbol]
    control.o(.text.CHprocess) refers to control.o(.bss.Frame_data) for Frame_data
    control.o(.text.CHprocess) refers to control.o(.bss.CH) for CH
    control.o(.ARM.exidx.text.CHprocess) refers to control.o(.text.CHprocess) for [Anonymous Symbol]
    moto.o(.text.LeftMotoFor) refers to main.o(.bss.htim2) for htim2
    moto.o(.ARM.exidx.text.LeftMotoFor) refers to moto.o(.text.LeftMotoFor) for [Anonymous Symbol]
    moto.o(.text.LeftMotoBack) refers to main.o(.bss.htim2) for htim2
    moto.o(.ARM.exidx.text.LeftMotoBack) refers to moto.o(.text.LeftMotoBack) for [Anonymous Symbol]
    moto.o(.text.RightMotoFor) refers to main.o(.bss.htim9) for htim9
    moto.o(.ARM.exidx.text.RightMotoFor) refers to moto.o(.text.RightMotoFor) for [Anonymous Symbol]
    moto.o(.text.RightMotoBack) refers to main.o(.bss.htim9) for htim9
    moto.o(.ARM.exidx.text.RightMotoBack) refers to moto.o(.text.RightMotoBack) for [Anonymous Symbol]
    moto.o(.text.motoInit) refers to main.o(.bss.htim2) for htim2
    moto.o(.text.motoInit) refers to stm32f4xx_hal_tim.o(.text.HAL_TIM_PWM_Start) for HAL_TIM_PWM_Start
    moto.o(.text.motoInit) refers to main.o(.bss.htim9) for htim9
    moto.o(.text.motoInit) refers to moto.o(.text.LeftMotoFor) for LeftMotoFor
    moto.o(.text.motoInit) refers to moto.o(.text.LeftMotoBack) for LeftMotoBack
    moto.o(.text.motoInit) refers to moto.o(.text.RightMotoFor) for RightMotoFor
    moto.o(.text.motoInit) refers to moto.o(.text.RightMotoBack) for RightMotoBack
    moto.o(.text.motoInit) refers to main.o(.bss.htim4) for htim4
    moto.o(.text.motoInit) refers to moto.o(.text.LeftEncoderCB) for LeftEncoderCB
    moto.o(.text.motoInit) refers to stm32f4xx_hal_tim.o(.text.HAL_TIM_RegisterCallback) for HAL_TIM_RegisterCallback
    moto.o(.text.motoInit) refers to main.o(.bss.htim3) for htim3
    moto.o(.text.motoInit) refers to moto.o(.text.RightEncoderCB) for RightEncoderCB
    moto.o(.text.motoInit) refers to stm32f4xx_hal_tim.o(.text.HAL_TIM_Encoder_Start) for HAL_TIM_Encoder_Start
    moto.o(.ARM.exidx.text.motoInit) refers to moto.o(.text.motoInit) for [Anonymous Symbol]
    moto.o(.text.LeftEncoderCB) refers to moto.o(.bss.LeftEncoderElapsed) for LeftEncoderElapsed
    moto.o(.ARM.exidx.text.LeftEncoderCB) refers to moto.o(.text.LeftEncoderCB) for [Anonymous Symbol]
    moto.o(.text.RightEncoderCB) refers to moto.o(.bss.RightEncoderElapsed) for RightEncoderElapsed
    moto.o(.ARM.exidx.text.RightEncoderCB) refers to moto.o(.text.RightEncoderCB) for [Anonymous Symbol]
    moto.o(.ARM.exidx.text.counterCal) refers to moto.o(.text.counterCal) for [Anonymous Symbol]
    moto.o(.text.leftMoto) refers to moto.o(.text.counterCal) for counterCal
    moto.o(.text.leftMoto) refers to moto.o(.text.LeftMotoFor) for LeftMotoFor
[...]
    .ARM.Collect$$libinit$$00000006          0x0800022e   Section        0  libinit2.o(.ARM.Collect$$libinit$$00000006)
    .ARM.Collect$$libinit$$0000000C          0x0800022e   Section        0  libinit2.o(.ARM.Collect$$libinit$$0000000C)
    .ARM.Collect$$libinit$$0000000E          0x0800022e   Section        0  libinit2.o(.ARM.Collect$$libinit$$0000000E)
    .ARM.Collect$$libinit$$00000010          0x0800022e   Section        0  libinit2.o(.ARM.Collect$$libinit$$00000010)
    .ARM.Collect$$libinit$$00000013          0x0800022e   Section        0  libinit2.o(.ARM.Collect$$libinit$$00000013)
    .ARM.Collect$$libinit$$00000015          0x0800022e   Section        0  libinit2.o(.ARM.Collect$$libinit$$00000015)
    .ARM.Collect$$libinit$$00000017          0x0800022e   Section        0  libinit2.o(.ARM.Collect$$libinit$$00000017)
    .ARM.Collect$$libinit$$00000019          0x0800022e   Section        0  libinit2.o(.ARM.Collect$$libinit$$00000019)
    .ARM.Collect$$libinit$$0000001B          0x0800022e   Section        0  libinit2.o(.ARM.Collect$$libinit$$0000001B)
    .ARM.Collect$$libinit$$0000001D          0x0800022e   Section        0  libinit2.o(.ARM.Collect$$libinit$$0000001D)
    .ARM.Collect$$libinit$$0000001F          0x0800022e   Section        0  libinit2.o(.ARM.Collect$$libinit$$0000001F)
    .ARM.Collect$$libinit$$00000021          0x0800022e   Section        0  libinit2.o(.ARM.Collect$$libinit$$00000021)
    .ARM.Collect$$libinit$$00000023          0x0800022e   Section        0  libinit2.o(.ARM.Collect$$libinit$$00000023)
    .ARM.Collect$$libinit$$00000025          0x0800022e   Section        0  libinit2.o(.ARM.Collect$$libinit$$00000025)
    .ARM.Collect$$libinit$$00000027          0x0800022e   Section        0  libinit2.o(.ARM.Collect$$libinit$$00000027)
    .ARM.Collect$$libinit$$0000002E          0x0800022e   Section        0  libinit2.o(.ARM.Collect$$libinit$$0000002E)
    .ARM.Collect$$libinit$$00000030          0x0800022e   Section        0  libinit2.o(.ARM.Collect$$libinit$$00000030)
    .ARM.Collect$$libinit$$00000032          0x0800022e   Section        0  libinit2.o(.ARM.Collect$$libinit$$00000032)
    .ARM.Collect$$libinit$$00000034          0x0800022e   Section        0  libinit2.o(.ARM.Collect$$libinit$$00000034)
    .ARM.Collect$$libinit$$00000035          0x0800022e   Section        2  libinit2.o(.ARM.Collect$$libinit$$00000035)
    .ARM.Collect$$libshutdown$$00000000      0x08000230   Section        2  libshutdown.o(.ARM.Collect$$libshutdown$$00000000)
    .ARM.Collect$$libshutdown$$00000002      0x08000232   Section        0  libshutdown2.o(.ARM.Collect$$libshutdown$$00000002)
    .ARM.Collect$$libshutdown$$00000004      0x08000232   Section        0  libshutdown2.o(.ARM.Collect$$libshutdown$$00000004)
    .ARM.Collect$$libshutdown$$00000007      0x08000232   Section        0  libshutdown2.o(.ARM.Collect$$libshutdown$$00000007)
    .ARM.Collect$$libshutdown$$0000000A      0x08000232   Section        0  libshutdown2.o(.ARM.Collect$$libshutdown$$0000000A)
    .ARM.Collect$$libshutdown$$0000000C      0x08000232   Section        0  libshutdown2.o(.ARM.Collect$$libshutdown$$0000000C)
    .ARM.Collect$$libshutdown$$0000000F      0x08000232   Section        0  libshutdown2.o(.ARM.Collect$$libshutdown$$0000000F)
    .ARM.Collect$$libshutdown$$00000010      0x08000232   Section        2  libshutdown2.o(.ARM.Collect$$libshutdown$$00000010)
    .ARM.Collect$$rtentry$$00000000          0x08000234   Section        0  __rtentry.o(.ARM.Collect$$rtentry$$00000000)
    .ARM.Collect$$rtentry$$00000002          0x08000234   Section        0  __rtentry2.o(.ARM.Collect$$rtentry$$00000002)
    .ARM.Collect$$rtentry$$00000004          0x08000234   Section        6  __rtentry4.o(.ARM.Collect$$rtentry$$00000004)
    .ARM.Collect$$rtentry$$00000009          0x0800023a   Section        0  __rtentry2.o(.ARM.Collect$$rtentry$$00000009)
    .ARM.Collect$$rtentry$$0000000A          0x0800023a   Section        4  __rtentry2.o(.ARM.Collect$$rtentry$$0000000A)
    .ARM.Collect$$rtentry$$0000000C          0x0800023e   Section        0  __rtentry2.o(.ARM.Collect$$rtentry$$0000000C)
    .ARM.Collect$$rtentry$$0000000D          0x0800023e   Section        8  __rtentry2.o(.ARM.Collect$$rtentry$$0000000D)
    .ARM.Collect$$rtexit$$00000000           0x08000246   Section        2  rtexit.o(.ARM.Collect$$rtexit$$00000000)
    .ARM.Collect$$rtexit$$00000002           0x08000248   Section        0  rtexit2.o(.ARM.Collect$$rtexit$$00000002)
    .ARM.Collect$$rtexit$$00000003           0x08000248   Section        4  rtexit2.o(.ARM.Collect$$rtexit$$00000003)
    .ARM.Collect$$rtexit$$00000004           0x0800024c   Section        6  rtexit2.o(.ARM.Collect$$rtexit$$00000004)
    $v0                                      0x08000254   Number         0  startup_stm32f407xx.o(.text)
    .text                                    0x08000254   Section       64  startup_stm32f407xx.o(.text)
    .text                                    0x08000294   Section      240  lludivv7m.o(.text)
    .text                                    0x08000384   Section       78  rt_memclr_w.o(.text)
    .text                                    0x080003d2   Section        0  heapauxi.o(.text)
    .text                                    0x080003d8   Section       74  sys_stackheap_outer.o(.text)
    .text                                    0x08000422   Section        0  exit.o(.text)
    .text                                    0x08000434   Section        8  libspace.o(.text)
    .text                                    0x0800043c   Section        0  sys_exit.o(.text)
    .text                                    0x08000448   Section        2  use_no_semi.o(.text)
    .text                                    0x0800044a   Section        0  indicate_semi.o(.text)
    [Anonymous Symbol]                       0x0800044c   Section        0  stm32f4xx_it.o(.text.BusFault_Handler)
    [Anonymous Symbol]                       0x08000450   Section        0  control.o(.text.CHprocess)
    [Anonymous Symbol]                       0x08000558   Section        0  moto.o(.text.CalculateSpeed)
    [Anonymous Symbol]                       0x08000708   Section        0  stm32f4xx_it.o(.text.DebugMon_Handler)
    [Anonymous Symbol]                       0x0800070c   Section        0  main.o(.text.Error_Handler)
    [Anonymous Symbol]                       0x08000714   Section        0  stm32f4xx_hal_dma.o(.text.HAL_DMA_Abort)
    [Anonymous Symbol]                       0x08000800   Section        0  stm32f4xx_hal_dma.o(.text.HAL_DMA_Abort_IT)
    [Anonymous Symbol]                       0x08000844   Section        0  stm32f4xx_hal_gpio.o(.text.HAL_GPIO_Init)
    [Anonymous Symbol]                       0x08000bfc   Section        0  stm32f4xx_hal.o(.text.HAL_GetTick)
    [Anonymous Symbol]                       0x08000c08   Section        0  stm32f4xx_hal.o(.text.HAL_IncTick)
    [Anonymous Symbol]                       0x08000c24   Section        0  stm32f4xx_hal.o(.text.HAL_Init)
    [Anonymous Symbol]                       0x08000c5c   Section        0  stm32f4xx_hal_timebase_tim.o(.text.HAL_InitTick)
    [Anonymous Symbol]                       0x08000d4c   Section        0  stm32f4xx_hal_msp.o(.text.HAL_MspInit)
    [Anonymous Symbol]                       0x08000d98   Section        0  stm32f4xx_hal_cortex.o(.text.HAL_NVIC_EnableIRQ)
    [Anonymous Symbol]                       0x08000dac   Section        0  stm32f4xx_hal_cortex.o(.text.HAL_NVIC_SetPriority)
    [Anonymous Symbol]                       0x08000de0   Section        0  stm32f4xx_hal_cortex.o(.text.HAL_NVIC_SetPriorityGrouping)
    [Anonymous Symbol]                       0x08000df0   Section        0  stm32f4xx_hal_rcc.o(.text.HAL_RCC_ClockConfig)
    [Anonymous Symbol]                       0x08001054   Section        0  stm32f4xx_hal_rcc.o(.text.HAL_RCC_GetClockConfig)
    [Anonymous Symbol]                       0x080010a8   Section        0  stm32f4xx_hal_rcc.o(.text.HAL_RCC_GetHCLKFreq)
    [Anonymous Symbol]                       0x080010b4   Section        0  stm32f4xx_hal_rcc.o(.text.HAL_RCC_GetPCLK1Freq)
    [Anonymous Symbol]                       0x080010d8   Section        0  stm32f4xx_hal_rcc.o(.text.HAL_RCC_GetPCLK2Freq)
    [Anonymous Symbol]                       0x080010fc   Section        0  stm32f4xx_hal_rcc.o(.text.HAL_RCC_GetSysClockFreq)
    [Anonymous Symbol]                       0x080011e4   Section        0  stm32f4xx_hal_rcc.o(.text.HAL_RCC_OscConfig)
    [Anonymous Symbol]                       0x080018a4   Section        0  stm32f4xx_hal_tim_ex.o(.text.HAL_TIMEx_BreakCallback)
    [Anonymous Symbol]                       0x080018ac   Section        0  stm32f4xx_hal_tim_ex.o(.text.HAL_TIMEx_CommutCallback)
    [Anonymous Symbol]                       0x080018b4   Section        0  stm32f4xx_hal_tim_ex.o(.text.HAL_TIMEx_CommutHalfCpltCallback)
    [Anonymous Symbol]                       0x080018bc   Section        0  stm32f4xx_hal_tim_ex.o(.text.HAL_TIMEx_MasterConfigSynchronization)
    [Anonymous Symbol]                       0x080019e0   Section        0  stm32f4xx_hal_tim.o(.text.HAL_TIM_Base_Init)
    [Anonymous Symbol]                       0x08001a98   Section        0  stm32f4xx_hal_msp.o(.text.HAL_TIM_Base_MspInit)
    [Anonymous Symbol]                       0x08001b54   Section        0  stm32f4xx_hal_tim.o(.text.HAL_TIM_Base_Start_IT)
    [Anonymous Symbol]                       0x08001c4c   Section        0  stm32f4xx_hal_tim.o(.text.HAL_TIM_ConfigClockSource)
    [Anonymous Symbol]                       0x08001dd0   Section        0  stm32f4xx_hal_tim.o(.text.HAL_TIM_Encoder_Init)
    [Anonymous Symbol]                       0x08001f1c   Section        0  stm32f4xx_hal_msp.o(.text.HAL_TIM_Encoder_MspInit)
    [Anonymous Symbol]                       0x08002038   Section        0  stm32f4xx_hal_tim.o(.text.HAL_TIM_Encoder_Start)
    [Anonymous Symbol]                       0x08002188   Section        0  stm32f4xx_hal_tim.o(.text.HAL_TIM_ErrorCallback)
    [Anonymous Symbol]                       0x08002190   Section        0  stm32f4xx_hal_tim.o(.text.HAL_TIM_IC_CaptureCallback)
    [Anonymous Symbol]                       0x08002198   Section        0  stm32f4xx_hal_tim.o(.text.HAL_TIM_IC_CaptureHalfCpltCallback)
    [Anonymous Symbol]                       0x080021a0   Section        0  stm32f4xx_hal_tim.o(.text.HAL_TIM_IRQHandler)
    [Anonymous Symbol]                       0x080023dc   Section        0  stm32f4xx_hal_msp.o(.text.HAL_TIM_MspPostInit)
    [Anonymous Symbol]                       0x08002498   Section        0  stm32f4xx_hal_tim.o(.text.HAL_TIM_OC_DelayElapsedCallback)
    [Anonymous Symbol]                       0x080024a0   Section        0  stm32f4xx_hal_tim.o(.text.HAL_TIM_PWM_ConfigChannel)
    [Anonymous Symbol]                       0x080025e4   Section        0  stm32f4xx_hal_tim.o(.text.HAL_TIM_PWM_Init)
    [Anonymous Symbol]                       0x0800269c   Section        0  stm32f4xx_hal_tim.o(.text.HAL_TIM_PWM_MspInit)
    [Anonymous Symbol]                       0x080026a4   Section        0  stm32f4xx_hal_tim.o(.text.HAL_TIM_PWM_PulseFinishedCallback)
    [Anonymous Symbol]                       0x080026ac   Section        0  stm32f4xx_hal_tim.o(.text.HAL_TIM_PWM_PulseFinishedHalfCpltCallback)
    [Anonymous Symbol]                       0x080026b4   Section        0  stm32f4xx_hal_tim.o(.text.HAL_TIM_PWM_Start)
    [Anonymous Symbol]                       0x08002880   Section        0  main.o(.text.HAL_TIM_PeriodElapsedCallback)
    [Anonymous Symbol]                       0x080028a4   Section        0  stm32f4xx_hal_tim.o(.text.HAL_TIM_PeriodElapsedHalfCpltCallback)
    [Anonymous Symbol]                       0x080028ac   Section        0  stm32f4xx_hal_tim.o(.text.HAL_TIM_RegisterCallback)
    [Anonymous Symbol]                       0x08002ac8   Section        0  stm32f4xx_hal_tim.o(.text.HAL_TIM_TriggerCallback)
    [Anonymous Symbol]                       0x08002ad0   Section        0  stm32f4xx_hal_tim.o(.text.HAL_TIM_TriggerHalfCpltCallback)
    [Anonymous Symbol]                       0x08002ad8   Section        0  stm32f4xx_hal_uart.o(.text.HAL_UARTEx_RxEventCallback)
    [Anonymous Symbol]                       0x08002ae4   Section        0  stm32f4xx_hal_uart.o(.text.HAL_UART_AbortCpltCallback)
    [Anonymous Symbol]                       0x08002aec   Section        0  stm32f4xx_hal_uart.o(.text.HAL_UART_AbortReceiveCpltCallback)
    [Anonymous Symbol]                       0x08002af4   Section        0  stm32f4xx_hal_uart.o(.text.HAL_UART_AbortTransmitCpltCallback)
    [Anonymous Symbol]                       0x08002afc   Section        0  stm32f4xx_hal_uart.o(.text.HAL_UART_ErrorCallback)
    [Anonymous Symbol]                       0x08002b04   Section        0  stm32f4xx_hal_uart.o(.text.HAL_UART_IRQHandler)
    [Anonymous Symbol]                       0x08002f60   Section        0  stm32f4xx_hal_uart.o(.text.HAL_UART_Init)
    [Anonymous Symbol]                       0x0800301c   Section        0  stm32f4xx_hal_msp.o(.text.HAL_UART_MspInit)
    [Anonymous Symbol]                       0x08003118   Section        0  stm32f4xx_hal_uart.o(.text.HAL_UART_Receive_IT)
    [Anonymous Symbol]                       0x08003170   Section        0  stm32f4xx_hal_uart.o(.text.HAL_UART_RegisterCallback)
    [Anonymous Symbol]                       0x08003294   Section        0  stm32f4xx_hal_uart.o(.text.HAL_UART_RxCpltCallback)
    [Anonymous Symbol]                       0x0800329c   Section        0  stm32f4xx_hal_uart.o(.text.HAL_UART_RxHalfCpltCallback)
    [Anonymous Symbol]                       0x080032a4   Section        0  stm32f4xx_hal_uart.o(.text.HAL_UART_TxCpltCallback)
    [Anonymous Symbol]                       0x080032ac   Section        0  stm32f4xx_hal_uart.o(.text.HAL_UART_TxHalfCpltCallback)
    [Anonymous Symbol]                       0x080032b4   Section        0  stm32f4xx_it.o(.text.HardFault_Handler)
    [Anonymous Symbol]                       0x080032b8   Section        0  moto.o(.text.LeftEncoderCB)
    [Anonymous Symbol]                       0x080032c8   Section        0  moto.o(.text.LeftMotoBack)
    [Anonymous Symbol]                       0x080032e4   Section        0  moto.o(.text.LeftMotoFor)
    MX_GPIO_Init                             0x08003301   Thumb Code   210  main.o(.text.MX_GPIO_Init)
    [Anonymous Symbol]                       0x08003300   Section        0  main.o(.text.MX_GPIO_Init)
    MX_TIM2_Init                             0x080033d5   Thumb Code   240  main.o(.text.MX_TIM2_Init)
    [Anonymous Symbol]                       0x080033d4   Section        0  main.o(.text.MX_TIM2_Init)
    MX_TIM3_Init                             0x080034c5   Thumb Code   124  main.o(.text.MX_TIM3_Init)
    [Anonymous Symbol]                       0x080034c4   Section        0  main.o(.text.MX_TIM3_Init)
    MX_TIM4_Init                             0x08003541   Thumb Code   134  main.o(.text.MX_TIM4_Init)
    [Anonymous Symbol]                       0x08003540   Section        0  main.o(.text.MX_TIM4_Init)
    MX_TIM5_Init                             0x080035c9   Thumb Code   134  main.o(.text.MX_TIM5_Init)
    [Anonymous Symbol]                       0x080035c8   Section        0  main.o(.text.MX_TIM5_Init)
    MX_TIM9_Init                             0x08003651   Thumb Code   210  main.o(.text.MX_TIM9_Init)
    [Anonymous Symbol]                       0x08003650   Section        0  main.o(.text.MX_TIM9_Init)
    MX_USART3_UART_Init                      0x08003725   Thumb Code    80  main.o(.text.MX_USART3_UART_Init)
    [Anonymous Symbol]                       0x08003724   Section        0  main.o(.text.MX_USART3_UART_Init)
    [Anonymous Symbol]                       0x08003774   Section        0  stm32f4xx_it.o(.text.MemManage_Handler)
    [Anonymous Symbol]                       0x08003778   Section        0  stm32f4xx_it.o(.text.NMI_Handler)
    NVIC_EncodePriority                      0x0800377d   Thumb Code   108  stm32f4xx_hal_cortex.o(.text.NVIC_EncodePriority)
    [Anonymous Symbol]                       0x0800377c   Section        0  stm32f4xx_hal_cortex.o(.text.NVIC_EncodePriority)
    [Anonymous Symbol]                       0x080037e8   Section        0  moto.o(.text.PID_Cal)
    [Anonymous Symbol]                       0x08003914   Section        0  moto.o(.text.PID_Set)
    [Anonymous Symbol]                       0x08003970   Section        0  stm32f4xx_it.o(.text.PendSV_Handler)
    [Anonymous Symbol]                       0x08003974   Section        0  timer.o(.text.ResetTimerUp)
    [Anonymous Symbol]                       0x08003984   Section        0  moto.o(.text.RightEncoderCB)
    [Anonymous Symbol]                       0x08003994   Section        0  moto.o(.text.RightMotoBack)
    [Anonymous Symbol]                       0x080039b0   Section        0  moto.o(.text.RightMotoFor)
    [Anonymous Symbol]                       0x080039cc   Section        0  stm32f4xx_it.o(.text.SVC_Handler)
    [Anonymous Symbol]                       0x080039d0   Section        0  stm32f4xx_it.o(.text.SysTick_Handler)
    [Anonymous Symbol]                       0x080039d4   Section        0  main.o(.text.SystemClock_Config)
    [Anonymous Symbol]                       0x08003a94   Section        0  system_stm32f4xx.o(.text.SystemInit)
    [Anonymous Symbol]                       0x08003aa8   Section        0  stm32f4xx_it.o(.text.TIM4_IRQHandler)
    [Anonymous Symbol]                       0x08003ab8   Section        0  stm32f4xx_it.o(.text.TIM5_IRQHandler)
    [Anonymous Symbol]                       0x08003ac8   Section        0  stm32f4xx_it.o(.text.TIM8_TRG_COM_TIM14_IRQHandler)
    [Anonymous Symbol]                       0x08003ad8   Section        0  stm32f4xx_hal_tim.o(.text.TIM_Base_SetConfig)
    [Anonymous Symbol]                       0x08003c7c   Section        0  stm32f4xx_hal_tim.o(.text.TIM_CCxChannelCmd)
    [Anonymous Symbol]                       0x08003cb4   Section        0  stm32f4xx_hal_tim.o(.text.TIM_ETR_SetConfig)
    TIM_ITRx_SetConfig                       0x08003ce9   Thumb Code    42  stm32f4xx_hal_tim.o(.text.TIM_ITRx_SetConfig)
    [Anonymous Symbol]                       0x08003ce8   Section        0  stm32f4xx_hal_tim.o(.text.TIM_ITRx_SetConfig)
    TIM_OC1_SetConfig                        0x08003d15   Thumb Code   234  stm32f4xx_hal_tim.o(.text.TIM_OC1_SetConfig)
    [Anonymous Symbol]                       0x08003d14   Section        0  stm32f4xx_hal_tim.o(.text.TIM_OC1_SetConfig)
    [Anonymous Symbol]                       0x08003e00   Section        0  stm32f4xx_hal_tim.o(.text.TIM_OC2_SetConfig)
    TIM_OC3_SetConfig                        0x08003ef5   Thumb Code   242  stm32f4xx_hal_tim.o(.text.TIM_OC3_SetConfig)
    [Anonymous Symbol]                       0x08003ef4   Section        0  stm32f4xx_hal_tim.o(.text.TIM_OC3_SetConfig)
    TIM_OC4_SetConfig                        0x08003fe9   Thumb Code   164  stm32f4xx_hal_tim.o(.text.TIM_OC4_SetConfig)
    [Anonymous Symbol]                       0x08003fe8   Section        0  stm32f4xx_hal_tim.o(.text.TIM_OC4_SetConfig)
    [Anonymous Symbol]                       0x0800408c   Section        0  stm32f4xx_hal_tim.o(.text.TIM_ResetCallback)
    TIM_TI1_ConfigInputStage                 0x0800414d   Thumb Code    80  stm32f4xx_hal_tim.o(.text.TIM_TI1_ConfigInputStage)
    [Anonymous Symbol]                       0x0800414c   Section        0  stm32f4xx_hal_tim.o(.text.TIM_TI1_ConfigInputStage)
    TIM_TI2_ConfigInputStage                 0x0800419d   Thumb Code    82  stm32f4xx_hal_tim.o(.text.TIM_TI2_ConfigInputStage)
    [Anonymous Symbol]                       0x0800419c   Section        0  stm32f4xx_hal_tim.o(.text.TIM_TI2_ConfigInputStage)
    UART_DMAAbortOnError                     0x080041f1   Thumb Code    28  stm32f4xx_hal_uart.o(.text.UART_DMAAbortOnError)
    [Anonymous Symbol]                       0x080041f0   Section        0  stm32f4xx_hal_uart.o(.text.UART_DMAAbortOnError)
    UART_EndRxTransfer                       0x0800420d   Thumb Code   148  stm32f4xx_hal_uart.o(.text.UART_EndRxTransfer)
    [Anonymous Symbol]                       0x0800420c   Section        0  stm32f4xx_hal_uart.o(.text.UART_EndRxTransfer)
    UART_EndTransmit_IT                      0x080042a1   Thumb Code    38  stm32f4xx_hal_uart.o(.text.UART_EndTransmit_IT)
    [Anonymous Symbol]                       0x080042a0   Section        0  stm32f4xx_hal_uart.o(.text.UART_EndTransmit_IT)
    [Anonymous Symbol]                       0x080042c8   Section        0  stm32f4xx_hal_uart.o(.text.UART_InitCallbacksToDefault)
    UART_Receive_IT                          0x0800433d   Thumb Code   360  stm32f4xx_hal_uart.o(.text.UART_Receive_IT)
    [Anonymous Symbol]                       0x0800433c   Section        0  stm32f4xx_hal_uart.o(.text.UART_Receive_IT)
    [Anonymous Symbol]                       0x080044a4   Section        0  control.o(.text.UART_Recieve_Complete)
    UART_SetConfig                           0x080045b9   Thumb Code   314  stm32f4xx_hal_uart.o(.text.UART_SetConfig)
    [Anonymous Symbol]                       0x080045b8   Section        0  stm32f4xx_hal_uart.o(.text.UART_SetConfig)
    [Anonymous Symbol]                       0x080046f4   Section        0  stm32f4xx_hal_uart.o(.text.UART_Start_Receive_IT)
    UART_Transmit_IT                         0x08004759   Thumb Code   148  stm32f4xx_hal_uart.o(.text.UART_Transmit_IT)
    [Anonymous Symbol]                       0x08004758   Section        0  stm32f4xx_hal_uart.o(.text.UART_Transmit_IT)
    [Anonymous Symbol]                       0x080047ec   Section        0  stm32f4xx_it.o(.text.USART3_IRQHandler)
    [Anonymous Symbol]                       0x080047fc   Section        0  stm32f4xx_it.o(.text.UsageFault_Handler)
    __NVIC_EnableIRQ                         0x08004801   Thumb Code    48  stm32f4xx_hal_cortex.o(.text.__NVIC_EnableIRQ)
    [Anonymous Symbol]                       0x08004800   Section        0  stm32f4xx_hal_cortex.o(.text.__NVIC_EnableIRQ)
    __NVIC_GetPriorityGrouping               0x08004831   Thumb Code    16  stm32f4xx_hal_cortex.o(.text.__NVIC_GetPriorityGrouping)
    [Anonymous Symbol]                       0x08004830   Section        0  stm32f4xx_hal_cortex.o(.text.__NVIC_GetPriorityGrouping)
    __NVIC_SetPriority                       0x08004841   Thumb Code    66  stm32f4xx_hal_cortex.o(.text.__NVIC_SetPriority)
    [Anonymous Symbol]                       0x08004840   Section        0  stm32f4xx_hal_cortex.o(.text.__NVIC_SetPriority)
    __NVIC_SetPriorityGrouping               0x08004885   Thumb Code    60  stm32f4xx_hal_cortex.o(.text.__NVIC_SetPriorityGrouping)
    [Anonymous Symbol]                       0x08004884   Section        0  stm32f4xx_hal_cortex.o(.text.__NVIC_SetPriorityGrouping)
    [Anonymous Symbol]                       0x080048c0   Section        0  moto.o(.text.counterCal)
    [Anonymous Symbol]                       0x08004914   Section        0  control.o(.text.dataProcess)
    [Anonymous Symbol]                       0x0800493c   Section        0  control.o(.text.getShift)
    [Anonymous Symbol]                       0x08004980   Section        0  control.o(.text.isDataReady)
    [Anonymous Symbol]                       0x08004990   Section        0  timer.o(.text.isTimerUp)
    [Anonymous Symbol]                       0x080049a0   Section        0  moto.o(.text.leftMoto)
    [Anonymous Symbol]                       0x080049f0   Section        0  main.o(.text.main)
    [Anonymous Symbol]                       0x08004b00   Section        0  moto.o(.text.motoControlSet)
    [Anonymous Symbol]                       0x08004c84   Section        0  moto.o(.text.motoInit)
    [Anonymous Symbol]                       0x08004d1c   Section        0  moto.o(.text.rightMoto)
    [Anonymous Symbol]                       0x08004d6c   Section        0  timer.o(.text.timerARRCallBack)
    [Anonymous Symbol]                       0x08004d7c   Section        0  timer.o(.text.timerIni)
    [Anonymous Symbol]                       0x08004da4   Section        0  control.o(.text.uartInit)
    $v0                                      0x08004de0   Number         0  fpinit.o(x$fpl$fpinit)
    x$fpl$fpinit                             0x08004de0   Section       26  fpinit.o(x$fpl$fpinit)
    .bss                                     0x20000010   Section       96  libspace.o(.bss)
    Heap_Mem                                 0x20000590   Data         512  startup_stm32f407xx.o(HEAP)
    HEAP                                     0x20000590   Section      512  startup_stm32f407xx.o(HEAP)
    Stack_Mem                                0x20000790   Data        1024  startup_stm32f407xx.o(STACK)
    STACK                                    0x20000790   Section     1024  startup_stm32f407xx.o(STACK)
    __initial_sp                             0x20000b90   Data           0  startup_stm32f407xx.o(STACK)

    Global Symbols

    Symbol Name                              Value     Ov Type        Size  Object(Section)

    BuildAttributes$$THM_ISAv4$E$P$D$K$B$S$7EM$VFPi3$EXTD16$VFPS$VFMA$PE$A:L22UL41UL21$X:L11$S22US41US21$IEEE1$IW$~IW$USESV6$~STKCKD$USESV7$~SHL$OSPACE$ROPI$EBA8$UX$STANDARDLIB$REQ8$PRES8$EABIv2 0x00000000   Number         0  anon$$obj.o ABSOLUTE
    __ARM_exceptions_init                     - Undefined Weak Reference
    __alloca_initialize                       - Undefined Weak Reference
    __arm_preinit_                            - Undefined Weak Reference
    __arm_relocate_pie_                       - Undefined Weak Reference
    __cpp_initialize__aeabi_                  - Undefined Weak Reference
    __cxa_finalize                            - Undefined Weak Reference
    __rt_locale                               - Undefined Weak Reference
    __sigvec_lookup                           - Undefined Weak Reference
    _atexit_init                              - Undefined Weak Reference
    _call_atexit_fns                          - Undefined Weak Reference
    _clock_init                               - Undefined Weak Reference
    _fp_trap_init                             - Undefined Weak Reference
    _fp_trap_shutdown                         - Undefined Weak Reference
    _get_lc_collate                           - Undefined Weak Reference
    _get_lc_ctype                             - Undefined Weak Reference
    _get_lc_monetary                          - Undefined Weak Reference
    _get_lc_numeric                           - Undefined Weak Reference
    _get_lc_time                              - Undefined Weak Reference
    _getenv_init                              - Undefined Weak Reference
    _handle_redirection                       - Undefined Weak Reference
    _init_alloc                               - Undefined Weak Reference
    _init_user_alloc                          - Undefined Weak Reference
    _initio                                   - Undefined Weak Reference
    _rand_init                                - Undefined Weak Reference
    _signal_finish                            - Undefined Weak Reference
    _signal_init                              - Undefined Weak Reference
    _terminate_alloc                          - Undefined Weak Reference
    _terminate_user_alloc                     - Undefined Weak Reference
    _terminateio                              - Undefined Weak Reference
    __Vectors_Size                           0x00000188   Number         0  startup_stm32f407xx.o ABSOLUTE
    __Vectors                                0x08000000   Data           4  startup_stm32f407xx.o(RESET)
    __Vectors_End                            0x08000188   Data           0  startup_stm32f407xx.o(RESET)
    __main                                   0x08000189   Thumb Code     8  __main.o(!!!main)
    __scatterload                            0x08000191   Thumb Code     0  __scatter.o(!!!scatter)
    __scatterload_rt2                        0x08000191   Thumb Code    84  __scatter.o(!!!scatter)
    __scatterload_rt2_thumb_only             0x08000191   Thumb Code     0  __scatter.o(!!!scatter)
    __scatterload_loop                       0x0800019b   Thumb Code     0  __scatter.o(!!!scatter)
    __scatterload_copy                       0x080001ed   Thumb Code    26  __scatter_copy.o(!!handler_copy)
    __scatterload_null                       0x08000209   Thumb Code     2  __scatter.o(!!handler_null)
    __scatterload_zeroinit                   0x0800020d   Thumb Code    28  __scatter_zi.o(!!handler_zi)
    __rt_lib_init                            0x08000229   Thumb Code     0  libinit.o(.ARM.Collect$$libinit$$00000000)
    __rt_lib_init_fp_1                       0x0800022b   Thumb Code     0  libinit2.o(.ARM.Collect$$libinit$$00000001)
    __rt_lib_init_alloca_1                   0x0800022f   Thumb Code     0  libinit2.o(.ARM.Collect$$libinit$$00000030)
    __rt_lib_init_argv_1                     0x0800022f   Thumb Code     0  libinit2.o(.ARM.Collect$$libinit$$0000002E)
    __rt_lib_init_atexit_1                   0x0800022f   Thumb Code     0  libinit2.o(.ARM.Collect$$libinit$$0000001D)
    __rt_lib_init_clock_1                    0x0800022f   Thumb Code     0  libinit2.o(.ARM.Collect$$libinit$$00000023)
    __rt_lib_init_cpp_1                      0x0800022f   Thumb Code     0  libinit2.o(.ARM.Collect$$libinit$$00000034)
    __rt_lib_init_exceptions_1               0x0800022f   Thumb Code     0  libinit2.o(.ARM.Collect$$libinit$$00000032)
    __rt_lib_init_fp_trap_1                  0x0800022f   Thumb Code     0  libinit2.o(.ARM.Collect$$libinit$$00000021)
    __rt_lib_init_getenv_1                   0x0800022f   Thumb Code     0  libinit2.o(.ARM.Collect$$libinit$$00000025)
    __rt_lib_init_heap_1                     0x0800022f   Thumb Code     0  libinit2.o(.ARM.Collect$$libinit$$0000000C)
    __rt_lib_init_lc_collate_1               0x0800022f   Thumb Code     0  libinit2.o(.ARM.Collect$$libinit$$00000013)
    __rt_lib_init_lc_ctype_1                 0x0800022f   Thumb Code     0  libinit2.o(.ARM.Collect$$libinit$$00000015)
    __rt_lib_init_lc_monetary_1              0x0800022f   Thumb Code     0  libinit2.o(.ARM.Collect$$libinit$$00000017)
    __rt_lib_init_lc_numeric_1               0x0800022f   Thumb Code     0  libinit2.o(.ARM.Collect$$libinit$$00000019)
    __rt_lib_init_lc_time_1                  0x0800022f   Thumb Code     0  libinit2.o(.ARM.Collect$$libinit$$0000001B)
    __rt_lib_init_preinit_1                  0x0800022f   Thumb Code     0  libinit2.o(.ARM.Collect$$libinit$$00000006)
    __rt_lib_init_rand_1                     0x0800022f   Thumb Code     0  libinit2.o(.ARM.Collect$$libinit$$00000010)
    __rt_lib_init_relocate_pie_1             0x0800022f   Thumb Code     0  libinit2.o(.ARM.Collect$$libinit$$00000004)
    __rt_lib_init_return                     0x0800022f   Thumb Code     0  libinit2.o(.ARM.Collect$$libinit$$00000035)
    __rt_lib_init_signal_1                   0x0800022f   Thumb Code     0  libinit2.o(.ARM.Collect$$libinit$$0000001F)
    __rt_lib_init_stdio_1                    0x0800022f   Thumb Code     0  libinit2.o(.ARM.Collect$$libinit$$00000027)
    __rt_lib_init_user_alloc_1               0x0800022f   Thumb Code     0  libinit2.o(.ARM.Collect$$libinit$$0000000E)
    __rt_lib_shutdown                        0x08000231   Thumb Code     0  libshutdown.o(.ARM.Collect$$libshutdown$$00000000)
    __rt_lib_shutdown_cpp_1                  0x08000233   Thumb Code     0  libshutdown2.o(.ARM.Collect$$libshutdown$$00000002)
    __rt_lib_shutdown_fp_trap_1              0x08000233   Thumb Code     0  libshutdown2.o(.ARM.Collect$$libshutdown$$00000007)
    __rt_lib_shutdown_heap_1                 0x08000233   Thumb Code     0  libshutdown2.o(.ARM.Collect$$libshutdown$$0000000F)
    __rt_lib_shutdown_return                 0x08000233   Thumb Code     0  libshutdown2.o(.ARM.Collect$$libshutdown$$00000010)
    __rt_lib_shutdown_signal_1               0x08000233   Thumb Code     0  libshutdown2.o(.ARM.Collect$$libshutdown$$0000000A)
    __rt_lib_shutdown_stdio_1                0x08000233   Thumb Code     0  libshutdown2.o(.ARM.Collect$$libshutdown$$00000004)
    __rt_lib_shutdown_user_alloc_1           0x08000233   Thumb Code     0  libshutdown2.o(.ARM.Collect$$libshutdown$$0000000C)
    __rt_entry                               0x08000235   Thumb Code     0  __rtentry.o(.ARM.Collect$$rtentry$$00000000)
    __rt_entry_presh_1                       0x08000235   Thumb Code     0  __rtentry2.o(.ARM.Collect$$rtentry$$00000002)
    __rt_entry_sh                            0x08000235   Thumb Code     0  __rtentry4.o(.ARM.Collect$$rtentry$$00000004)
    __rt_entry_li                            0x0800023b   Thumb Code     0  __rtentry2.o(.ARM.Collect$$rtentry$$0000000A)
    __rt_entry_postsh_1                      0x0800023b   Thumb Code     0  __rtentry2.o(.ARM.Collect$$rtentry$$00000009)
    __rt_entry_main                          0x0800023f   Thumb Code     0  __rtentry2.o(.ARM.Collect$$rtentry$$0000000D)
    __rt_entry_postli_1                      0x0800023f   Thumb Code     0  __rtentry2.o(.ARM.Collect$$rtentry$$0000000C)
    __rt_exit                                0x08000247   Thumb Code     0  rtexit.o(.ARM.Collect$$rtexit$$00000000)
    __rt_exit_ls                             0x08000249   Thumb Code     0  rtexit2.o(.ARM.Collect$$rtexit$$00000003)
    __rt_exit_prels_1                        0x08000249   Thumb Code     0  rtexit2.o(.ARM.Collect$$rtexit$$00000002)
    __rt_exit_exit                           0x0800024d   Thumb Code     0  rtexit2.o(.ARM.Collect$$rtexit$$00000004)
    Reset_Handler                            0x08000255   Thumb Code     8  startup_stm32f407xx.o(.text)
    ADC_IRQHandler                           0x0800026f   Thumb Code     0  startup_stm32f407xx.o(.text)
    CAN1_RX0_IRQHandler                      0x0800026f   Thumb Code     0  startup_stm32f407xx.o(.text)
    CAN1_RX1_IRQHandler                      0x0800026f   Thumb Code     0  startup_stm32f407xx.o(.text)
    CAN1_SCE_IRQHandler                      0x0800026f   Thumb Code     0  startup_stm32f407xx.o(.text)
    CAN1_TX_IRQHandler                       0x0800026f   Thumb Code     0  startup_stm32f407xx.o(.text)
    CAN2_RX0_IRQHandler                      0x0800026f   Thumb Code     0  startup_stm32f407xx.o(.text)
    CAN2_RX1_IRQHandler                      0x0800026f   Thumb Code     0  startup_stm32f407xx.o(.text)
    CAN2_SCE_IRQHandler                      0x0800026f   Thumb Code     0  startup_stm32f407xx.o(.text)
    CAN2_TX_IRQHandler                       0x0800026f   Thumb Code     0  startup_stm32f407xx.o(.text)
    DCMI_IRQHandler                          0x0800026f   Thumb Code     0  startup_stm32f407xx.o(.text)
    DMA1_Stream0_IRQHandler                  0x0800026f   Thumb Code     0  startup_stm32f407xx.o(.text)
    DMA1_Stream1_IRQHandler                  0x0800026f   Thumb Code     0  startup_stm32f407xx.o(.text)
    DMA1_Stream2_IRQHandler                  0x0800026f   Thumb Code     0  startup_stm32f407xx.o(.text)
    DMA1_Stream3_IRQHandler                  0x0800026f   Thumb Code     0  startup_stm32f407xx.o(.text)
    DMA1_Stream4_IRQHandler                  0x0800026f   Thumb Code     0  startup_stm32f407xx.o(.text)
    DMA1_Stream5_IRQHandler                  0x0800026f   Thumb Code     0  startup_stm32f407xx.o(.text)
    DMA1_Stream6_IRQHandler                  0x0800026f   Thumb Code     0  startup_stm32f407xx.o(.text)
    DMA1_Stream7_IRQHandler                  0x0800026f   Thumb Code     0  startup_stm32f407xx.o(.text)
    DMA2_Stream0_IRQHandler                  0x0800026f   Thumb Code     0  startup_stm32f407xx.o(.text)
    DMA2_Stream1_IRQHandler                  0x0800026f   Thumb Code     0  startup_stm32f407xx.o(.text)
    DMA2_Stream2_IRQHandler                  0x0800026f   Thumb Code     0  startup_stm32f407xx.o(.text)
    DMA2_Stream3_IRQHandler                  0x0800026f   Thumb Code     0  startup_stm32f407xx.o(.text)
    DMA2_Stream4_IRQHandler                  0x0800026f   Thumb Code     0  startup_stm32f407xx.o(.text)
    DMA2_Stream5_IRQHandler                  0x0800026f   Thumb Code     0  startup_stm32f407xx.o(.text)
    DMA2_Stream6_IRQHandler                  0x0800026f   Thumb Code     0  startup_stm32f407xx.o(.text)
    DMA2_Stream7_IRQHandler                  0x0800026f   Thumb Code     0  startup_stm32f407xx.o(.text)
    ETH_IRQHandler                           0x0800026f   Thumb Code     0  startup_stm32f407xx.o(.text)
    ETH_WKUP_IRQHandler                      0x0800026f   Thumb Code     0  startup_stm32f407xx.o(.text)
    EXTI0_IRQHandler                         0x0800026f   Thumb Code     0  startup_stm32f407xx.o(.text)
    EXTI15_10_IRQHandler                     0x0800026f   Thumb Code     0  startup_stm32f407xx.o(.text)
    EXTI1_IRQHandler                         0x0800026f   Thumb Code     0  startup_stm32f407xx.o(.text)
    EXTI2_IRQHandler                         0x0800026f   Thumb Code     0  startup_stm32f407xx.o(.text)
    EXTI3_IRQHandler                         0x0800026f   Thumb Code     0  startup_stm32f407xx.o(.text)
    EXTI4_IRQHandler                         0x0800026f   Thumb Code     0  startup_stm32f407xx.o(.text)
    EXTI9_5_IRQHandler                       0x0800026f   Thumb Code     0  startup_stm32f407xx.o(.text)
    FLASH_IRQHandler                         0x0800026f   Thumb Code     0  startup_stm32f407xx.o(.text)
    FMC_IRQHandler                           0x0800026f   Thumb Code     0  startup_stm32f407xx.o(.text)
    FPU_IRQHandler                           0x0800026f   Thumb Code     0  startup_stm32f407xx.o(.text)
    HASH_RNG_IRQHandler                      0x0800026f   Thumb Code     0  startup_stm32f407xx.o(.text)
    I2C1_ER_IRQHandler                       0x0800026f   Thumb Code     0  startup_stm32f407xx.o(.text)
    I2C1_EV_IRQHandler                       0x0800026f   Thumb Code     0  startup_stm32f407xx.o(.text)
    I2C2_ER_IRQHandler                       0x0800026f   Thumb Code     0  startup_stm32f407xx.o(.text)
    I2C2_EV_IRQHandler                       0x0800026f   Thumb Code     0  startup_stm32f407xx.o(.text)
    I2C3_ER_IRQHandler                       0x0800026f   Thumb Code     0  startup_stm32f407xx.o(.text)
    I2C3_EV_IRQHandler                       0x0800026f   Thumb Code     0  startup_stm32f407xx.o(.text)
    OTG_FS_IRQHandler                        0x0800026f   Thumb Code     0  startup_stm32f407xx.o(.text)
    OTG_FS_WKUP_IRQHandler                   0x0800026f   Thumb Code     0  startup_stm32f407xx.o(.text)
    OTG_HS_EP1_IN_IRQHandler                 0x0800026f   Thumb Code     0  startup_stm32f407xx.o(.text)
    OTG_HS_EP1_OUT_IRQHandler                0x0800026f   Thumb Code     0  startup_stm32f407xx.o(.text)
    OTG_HS_IRQHandler                        0x0800026f   Thumb Code     0  startup_stm32f407xx.o(.text)
    OTG_HS_WKUP_IRQHandler                   0x0800026f   Thumb Code     0  startup_stm32f407xx.o(.text)
    PVD_IRQHandler                           0x0800026f   Thumb Code     0  startup_stm32f407xx.o(.text)
    RCC_IRQHandler                           0x0800026f   Thumb Code     0  startup_stm32f407xx.o(.text)
    RTC_Alarm_IRQHandler                     0x0800026f   Thumb Code     0  startup_stm32f407xx.o(.text)
    RTC_WKUP_IRQHandler                      0x0800026f   Thumb Code     0  startup_stm32f407xx.o(.text)
    SDIO_IRQHandler                          0x0800026f   Thumb Code     0  startup_stm32f407xx.o(.text)
    SPI1_IRQHandler                          0x0800026f   Thumb Code     0  startup_stm32f407xx.o(.text)
    SPI2_IRQHandler                          0x0800026f   Thumb Code     0  startup_stm32f407xx.o(.text)
    SPI3_IRQHandler                          0x0800026f   Thumb Code     0  startup_stm32f407xx.o(.text)
    TAMP_STAMP_IRQHandler                    0x0800026f   Thumb Code     0  startup_stm32f407xx.o(.text)
    TIM1_BRK_TIM9_IRQHandler                 0x0800026f   Thumb Code     0  startup_stm32f407xx.o(.text)
    TIM1_CC_IRQHandler                       0x0800026f   Thumb Code     0  startup_stm32f407xx.o(.text)
    TIM1_TRG_COM_TIM11_IRQHandler            0x0800026f   Thumb Code     0  startup_stm32f407xx.o(.text)
    TIM1_UP_TIM10_IRQHandler                 0x0800026f   Thumb Code     0  startup_stm32f407xx.o(.text)
    TIM2_IRQHandler                          0x0800026f   Thumb Code     0  startup_stm32f407xx.o(.text)
    TIM3_IRQHandler                          0x0800026f   Thumb Code     0  startup_stm32f407xx.o(.text)
    TIM6_DAC_IRQHandler                      0x0800026f   Thumb Code     0  startup_stm32f407xx.o(.text)
    TIM7_IRQHandler                          0x0800026f   Thumb Code     0  startup_stm32f407xx.o(.text)
    TIM8_BRK_TIM12_IRQHandler                0x0800026f   Thumb Code     0  startup_stm32f407xx.o(.text)
    TIM8_CC_IRQHandler                       0x0800026f   Thumb Code     0  startup_stm32f407xx.o(.text)
    TIM8_UP_TIM13_IRQHandler                 0x0800026f   Thumb Code     0  startup_stm32f407xx.o(.text)
    UART4_IRQHandler                         0x0800026f   Thumb Code     0  startup_stm32f407xx.o(.text)
    UART5_IRQHandler                         0x0800026f   Thumb Code     0  startup_stm32f407xx.o(.text)
    USART1_IRQHandler                        0x0800026f   Thumb Code     0  startup_stm32f407xx.o(.text)
    USART2_IRQHandler                        0x0800026f   Thumb Code     0  startup_stm32f407xx.o(.text)
    USART6_IRQHandler                        0x0800026f   Thumb Code     0  startup_stm32f407xx.o(.text)
    WWDG_IRQHandler                          0x0800026f   Thumb Code     0  startup_stm32f407xx.o(.text)
    __user_initial_stackheap                 0x08000271   Thumb Code     0  startup_stm32f407xx.o(.text)
    __aeabi_uldivmod                         0x08000295   Thumb Code     0  lludivv7m.o(.text)
    _ll_udiv                                 0x08000295   Thumb Code   240  lludivv7m.o(.text)
    __aeabi_memclr4                          0x08000385   Thumb Code     0  rt_memclr_w.o(.text)
    __aeabi_memclr8                          0x08000385   Thumb Code     0  rt_memclr_w.o(.text)
    __rt_memclr_w                            0x08000385   Thumb Code     0  rt_memclr_w.o(.text)
    _memset_w                                0x08000389   Thumb Code    74  rt_memclr_w.o(.text)
    __use_two_region_memory                  0x080003d3   Thumb Code     2  heapauxi.o(.text)
    __rt_heap_escrow$2region                 0x080003d5   Thumb Code     2  heapauxi.o(.text)
    __rt_heap_expand$2region                 0x080003d7   Thumb Code     2  heapauxi.o(.text)
    __user_setup_stackheap                   0x080003d9   Thumb Code    74  sys_stackheap_outer.o(.text)
    exit                                     0x08000423   Thumb Code    18  exit.o(.text)
    __user_libspace                          0x08000435   Thumb Code     8  libspace.o(.text)
    __user_perproc_libspace                  0x08000435   Thumb Code     0  libspace.o(.text)
    __user_perthread_libspace                0x08000435   Thumb Code     0  libspace.o(.text)
    _sys_exit                                0x0800043d   Thumb Code     8  sys_exit.o(.text)
    __I$use$semihosting                      0x08000449   Thumb Code     0  use_no_semi.o(.text)
    __use_no_semihosting_swi                 0x08000449   Thumb Code     2  use_no_semi.o(.text)
    __semihosting_library_function           0x0800044b   Thumb Code     0  indicate_semi.o(.text)
    BusFault_Handler                         0x0800044d   Thumb Code     4  stm32f4xx_it.o(.text.BusFault_Handler)
    CHprocess                                0x08000451   Thumb Code   264  control.o(.text.CHprocess)
    CalculateSpeed                           0x08000559   Thumb Code   424  moto.o(.text.CalculateSpeed)
    DebugMon_Handler                         0x08000709   Thumb Code     2  stm32f4xx_it.o(.text.DebugMon_Handler)
    Error_Handler                            0x0800070d   Thumb Code     6  main.o(.text.Error_Handler)
    HAL_DMA_Abort                            0x08000715   Thumb Code   236  stm32f4xx_hal_dma.o(.text.HAL_DMA_Abort)
    HAL_DMA_Abort_IT                         0x08000801   Thumb Code    68  stm32f4xx_hal_dma.o(.text.HAL_DMA_Abort_IT)
    HAL_GPIO_Init                            0x08000845   Thumb Code   950  stm32f4xx_hal_gpio.o(.text.HAL_GPIO_Init)
    HAL_GetTick                              0x08000bfd   Thumb Code    12  stm32f4xx_hal.o(.text.HAL_GetTick)
    HAL_IncTick                              0x08000c09   Thumb Code    26  stm32f4xx_hal.o(.text.HAL_IncTick)
    HAL_Init                                 0x08000c25   Thumb Code    54  stm32f4xx_hal.o(.text.HAL_Init)
    HAL_InitTick                             0x08000c5d   Thumb Code   240  stm32f4xx_hal_timebase_tim.o(.text.HAL_InitTick)
    HAL_MspInit                              0x08000d4d   Thumb Code    74  stm32f4xx_hal_msp.o(.text.HAL_MspInit)
    HAL_NVIC_EnableIRQ                       0x08000d99   Thumb Code    20  stm32f4xx_hal_cortex.o(.text.HAL_NVIC_EnableIRQ)
    HAL_NVIC_SetPriority                     0x08000dad   Thumb Code    50  stm32f4xx_hal_cortex.o(.text.HAL_NVIC_SetPriority)
    HAL_NVIC_SetPriorityGrouping             0x08000de1   Thumb Code    16  stm32f4xx_hal_cortex.o(.text.HAL_NVIC_SetPriorityGrouping)
    HAL_RCC_ClockConfig                      0x08000df1   Thumb Code   610  stm32f4xx_hal_rcc.o(.text.HAL_RCC_ClockConfig)
    HAL_RCC_GetClockConfig                   0x08001055   Thumb Code    84  stm32f4xx_hal_rcc.o(.text.HAL_RCC_GetClockConfig)
    HAL_RCC_GetHCLKFreq                      0x080010a9   Thumb Code    12  stm32f4xx_hal_rcc.o(.text.HAL_RCC_GetHCLKFreq)
    HAL_RCC_GetPCLK1Freq                     0x080010b5   Thumb Code    34  stm32f4xx_hal_rcc.o(.text.HAL_RCC_GetPCLK1Freq)
    HAL_RCC_GetPCLK2Freq                     0x080010d9   Thumb Code    34  stm32f4xx_hal_rcc.o(.text.HAL_RCC_GetPCLK2Freq)
    HAL_RCC_GetSysClockFreq                  0x080010fd   Thumb Code   230  stm32f4xx_hal_rcc.o(.text.HAL_RCC_GetSysClockFreq)
    HAL_RCC_OscConfig                        0x080011e5   Thumb Code  1726  stm32f4xx_hal_rcc.o(.text.HAL_RCC_OscConfig)
    HAL_TIMEx_BreakCallback                  0x080018a5   Thumb Code     8  stm32f4xx_hal_tim_ex.o(.text.HAL_TIMEx_BreakCallback)
    HAL_TIMEx_CommutCallback                 0x080018ad   Thumb Code     8  stm32f4xx_hal_tim_ex.o(.text.HAL_TIMEx_CommutCallback)
    HAL_TIMEx_CommutHalfCpltCallback         0x080018b5   Thumb Code     8  stm32f4xx_hal_tim_ex.o(.text.HAL_TIMEx_CommutHalfCpltCallback)
    HAL_TIMEx_MasterConfigSynchronization    0x080018bd   Thumb Code   290  stm32f4xx_hal_tim_ex.o(.text.HAL_TIMEx_MasterConfigSynchronization)
    HAL_TIM_Base_Init                        0x080019e1   Thumb Code   184  stm32f4xx_hal_tim.o(.text.HAL_TIM_Base_Init)
    HAL_TIM_Base_MspInit                     0x08001a99   Thumb Code   188  stm32f4xx_hal_msp.o(.text.HAL_TIM_Base_MspInit)
    HAL_TIM_Base_Start_IT                    0x08001b55   Thumb Code   246  stm32f4xx_hal_tim.o(.text.HAL_TIM_Base_Start_IT)
    HAL_TIM_ConfigClockSource                0x08001c4d   Thumb Code   388  stm32f4xx_hal_tim.o(.text.HAL_TIM_ConfigClockSource)
    HAL_TIM_Encoder_Init                     0x08001dd1   Thumb Code   332  stm32f4xx_hal_tim.o(.text.HAL_TIM_Encoder_Init)
    HAL_TIM_Encoder_MspInit                  0x08001f1d   Thumb Code   282  stm32f4xx_hal_msp.o(.text.HAL_TIM_Encoder_MspInit)
    HAL_TIM_Encoder_Start                    0x08002039   Thumb Code   334  stm32f4xx_hal_tim.o(.text.HAL_TIM_Encoder_Start)
    HAL_TIM_ErrorCallback                    0x08002189   Thumb Code     8  stm32f4xx_hal_tim.o(.text.HAL_TIM_ErrorCallback)
    HAL_TIM_IC_CaptureCallback               0x08002191   Thumb Code     8  stm32f4xx_hal_tim.o(.text.HAL_TIM_IC_CaptureCallback)
    HAL_TIM_IC_CaptureHalfCpltCallback       0x08002199   Thumb Code     8  stm32f4xx_hal_tim.o(.text.HAL_TIM_IC_CaptureHalfCpltCallback)
    HAL_TIM_IRQHandler                       0x080021a1   Thumb Code   570  stm32f4xx_hal_tim.o(.text.HAL_TIM_IRQHandler)
    HAL_TIM_MspPostInit                      0x080023dd   Thumb Code   188  stm32f4xx_hal_msp.o(.text.HAL_TIM_MspPostInit)
    HAL_TIM_OC_DelayElapsedCallback          0x08002499   Thumb Code     8  stm32f4xx_hal_tim.o(.text.HAL_TIM_OC_DelayElapsedCallback)
    HAL_TIM_PWM_ConfigChannel                0x080024a1   Thumb Code   322  stm32f4xx_hal_tim.o(.text.HAL_TIM_PWM_ConfigChannel)
    HAL_TIM_PWM_Init                         0x080025e5   Thumb Code   184  stm32f4xx_hal_tim.o(.text.HAL_TIM_PWM_Init)
    HAL_TIM_PWM_MspInit                      0x0800269d   Thumb Code     8  stm32f4xx_hal_tim.o(.text.HAL_TIM_PWM_MspInit)
    HAL_TIM_PWM_PulseFinishedCallback        0x080026a5   Thumb Code     8  stm32f4xx_hal_tim.o(.text.HAL_TIM_PWM_PulseFinishedCallback)
    HAL_TIM_PWM_PulseFinishedHalfCpltCallback 0x080026ad   Thumb Code     8  stm32f4xx_hal_tim.o(.text.HAL_TIM_PWM_PulseFinishedHalfCpltCallback)
    HAL_TIM_PWM_Start                        0x080026b5   Thumb Code   458  stm32f4xx_hal_tim.o(.text.HAL_TIM_PWM_Start)
    HAL_TIM_PeriodElapsedCallback            0x08002881   Thumb Code    34  main.o(.text.HAL_TIM_PeriodElapsedCallback)
    HAL_TIM_PeriodElapsedHalfCpltCallback    0x080028a5   Thumb Code     8  stm32f4xx_hal_tim.o(.text.HAL_TIM_PeriodElapsedHalfCpltCallback)
    HAL_TIM_RegisterCallback                 0x080028ad   Thumb Code   538  stm32f4xx_hal_tim.o(.text.HAL_TIM_RegisterCallback)
    HAL_TIM_TriggerCallback                  0x08002ac9   Thumb Code     8  stm32f4xx_hal_tim.o(.text.HAL_TIM_TriggerCallback)
    HAL_TIM_TriggerHalfCpltCallback          0x08002ad1   Thumb Code     8  stm32f4xx_hal_tim.o(.text.HAL_TIM_TriggerHalfCpltCallback)
    HAL_UARTEx_RxEventCallback               0x08002ad9   Thumb Code    12  stm32f4xx_hal_uart.o(.text.HAL_UARTEx_RxEventCallback)
    HAL_UART_AbortCpltCallback               0x08002ae5   Thumb Code     8  stm32f4xx_hal_uart.o(.text.HAL_UART_AbortCpltCallback)
    HAL_UART_AbortReceiveCpltCallback        0x08002aed   Thumb Code     8  stm32f4xx_hal_uart.o(.text.HAL_UART_AbortReceiveCpltCallback)
    HAL_UART_AbortTransmitCpltCallback       0x08002af5   Thumb Code     8  stm32f4xx_hal_uart.o(.text.HAL_UART_AbortTransmitCpltCallback)
    HAL_UART_ErrorCallback                   0x08002afd   Thumb Code     8  stm32f4xx_hal_uart.o(.text.HAL_UART_ErrorCallback)
    HAL_UART_IRQHandler                      0x08002b05   Thumb Code  1116  stm32f4xx_hal_uart.o(.text.HAL_UART_IRQHandler)
    HAL_UART_Init                            0x08002f61   Thumb Code   186  stm32f4xx_hal_uart.o(.text.HAL_UART_Init)
    HAL_UART_MspInit                         0x0800301d   Thumb Code   250  stm32f4xx_hal_msp.o(.text.HAL_UART_MspInit)
    HAL_UART_Receive_IT                      0x08003119   Thumb Code    86  stm32f4xx_hal_uart.o(.text.HAL_UART_Receive_IT)
    HAL_UART_RegisterCallback                0x08003171   Thumb Code   290  stm32f4xx_hal_uart.o(.text.HAL_UART_RegisterCallback)
    HAL_UART_RxCpltCallback                  0x08003295   Thumb Code     8  stm32f4xx_hal_uart.o(.text.HAL_UART_RxCpltCallback)
    HAL_UART_RxHalfCpltCallback              0x0800329d   Thumb Code     8  stm32f4xx_hal_uart.o(.text.HAL_UART_RxHalfCpltCallback)
    HAL_UART_TxCpltCallback                  0x080032a5   Thumb Code     8  stm32f4xx_hal_uart.o(.text.HAL_UART_TxCpltCallback)
    HAL_UART_TxHalfCpltCallback              0x080032ad   Thumb Code     8  stm32f4xx_hal_uart.o(.text.HAL_UART_TxHalfCpltCallback)
    HardFault_Handler                        0x080032b5   Thumb Code     4  stm32f4xx_it.o(.text.HardFault_Handler)
    LeftEncoderCB                            0x080032b9   Thumb Code    14  moto.o(.text.LeftEncoderCB)
    LeftMotoBack                             0x080032c9   Thumb Code    26  moto.o(.text.LeftMotoBack)
    LeftMotoFor                              0x080032e5   Thumb Code    26  moto.o(.text.LeftMotoFor)
    MemManage_Handler                        0x08003775   Thumb Code     4  stm32f4xx_it.o(.text.MemManage_Handler)
    NMI_Handler                              0x08003779   Thumb Code     4  stm32f4xx_it.o(.text.NMI_Handler)
    PID_Cal                                  0x080037e9   Thumb Code   288  moto.o(.text.PID_Cal)
    PID_Set                                  0x08003915   Thumb Code    92  moto.o(.text.PID_Set)
    PendSV_Handler                           0x08003971   Thumb Code     2  stm32f4xx_it.o(.text.PendSV_Handler)
    ResetTimerUp                             0x08003975   Thumb Code    14  timer.o(.text.ResetTimerUp)
    RightEncoderCB                           0x08003985   Thumb Code    14  moto.o(.text.RightEncoderCB)
    RightMotoBack                            0x08003995   Thumb Code    26  moto.o(.text.RightMotoBack)
    RightMotoFor                             0x080039b1   Thumb Code    26  moto.o(.text.RightMotoFor)
    SVC_Handler                              0x080039cd   Thumb Code     2  stm32f4xx_it.o(.text.SVC_Handler)
    SysTick_Handler                          0x080039d1   Thumb Code     2  stm32f4xx_it.o(.text.SysTick_Handler)
    SystemClock_Config                       0x080039d5   Thumb Code   190  main.o(.text.SystemClock_Config)
    SystemInit                               0x08003a95   Thumb Code    18  system_stm32f4xx.o(.text.SystemInit)
    TIM4_IRQHandler                          0x08003aa9   Thumb Code    16  stm32f4xx_it.o(.text.TIM4_IRQHandler)
    TIM5_IRQHandler                          0x08003ab9   Thumb Code    16  stm32f4xx_it.o(.text.TIM5_IRQHandler)
    TIM8_TRG_COM_TIM14_IRQHandler            0x08003ac9   Thumb Code    16  stm32f4xx_it.o(.text.TIM8_TRG_COM_TIM14_IRQHandler)
    TIM_Base_SetConfig                       0x08003ad9   Thumb Code   420  stm32f4xx_hal_tim.o(.text.TIM_Base_SetConfig)
    TIM_CCxChannelCmd                        0x08003c7d   Thumb Code    54  stm32f4xx_hal_tim.o(.text.TIM_CCxChannelCmd)
    TIM_ETR_SetConfig                        0x08003cb5   Thumb Code    52  stm32f4xx_hal_tim.o(.text.TIM_ETR_SetConfig)
    TIM_OC2_SetConfig                        0x08003e01   Thumb Code   244  stm32f4xx_hal_tim.o(.text.TIM_OC2_SetConfig)
    TIM_ResetCallback                        0x0800408d   Thumb Code   190  stm32f4xx_hal_tim.o(.text.TIM_ResetCallback)
    UART_InitCallbacksToDefault              0x080042c9   Thumb Code   116  stm32f4xx_hal_uart.o(.text.UART_InitCallbacksToDefault)
    UART_Recieve_Complete                    0x080044a5   Thumb Code   274  control.o(.text.UART_Recieve_Complete)
    UART_Start_Receive_IT                    0x080046f5   Thumb Code    98  stm32f4xx_hal_uart.o(.text.UART_Start_Receive_IT)
    USART3_IRQHandler                        0x080047ed   Thumb Code    16  stm32f4xx_it.o(.text.USART3_IRQHandler)
    UsageFault_Handler                       0x080047fd   Thumb Code     4  stm32f4xx_it.o(.text.UsageFault_Handler)
    counterCal                               0x080048c1   Thumb Code    80  moto.o(.text.counterCal)
    dataProcess                              0x08004915   Thumb Code    38  control.o(.text.dataProcess)
    getShift                                 0x0800493d   Thumb Code    68  control.o(.text.getShift)
    isDataReady                              0x08004981   Thumb Code    16  control.o(.text.isDataReady)
    isTimerUp                                0x08004991   Thumb Code    16  timer.o(.text.isTimerUp)
    leftMoto                                 0x080049a1   Thumb Code    76  moto.o(.text.leftMoto)
    main                                     0x080049f1   Thumb Code   268  main.o(.text.main)
    motoControlSet                           0x08004b01   Thumb Code   384  moto.o(.text.motoControlSet)
    motoInit                                 0x08004c85   Thumb Code   150  moto.o(.text.motoInit)
    rightMoto                                0x08004d1d   Thumb Code    76  moto.o(.text.rightMoto)
    timerARRCallBack                         0x08004d6d   Thumb Code    14  timer.o(.text.timerARRCallBack)
    timerIni                                 0x08004d7d   Thumb Code    38  timer.o(.text.timerIni)
    uartInit                                 0x08004da5   Thumb Code    60  control.o(.text.uartInit)
    _fp_init                                 0x08004de1   Thumb Code    26  fpinit.o(x$fpl$fpinit)
    __fplib_config_fpu_vfp                   0x08004df9   Thumb Code     0  fpinit.o(x$fpl$fpinit)
    __fplib_config_pureend_doubles           0x08004df9   Thumb Code     0  fpinit.o(x$fpl$fpinit)
    AHBPrescTable                            0x08004dfa   Data          16  system_stm32f4xx.o(.rodata.AHBPrescTable)
    APBPrescTable                            0x08004e0a   Data           8  system_stm32f4xx.o(.rodata.APBPrescTable)
    Region$$Table$$Base                      0x08004e14   Number         0  anon$$obj.o(Region$$Table)
    Region$$Table$$Limit                     0x08004e34   Number         0  anon$$obj.o(Region$$Table)
    SystemCoreClock                          0x20000000   Data           4  system_stm32f4xx.o(.data.SystemCoreClock)
    uwTickFreq                               0x20000004   Data           1  stm32f4xx_hal.o(.data.uwTickFreq)
    uwTickPrio                               0x20000008   Data           4  stm32f4xx_hal.o(.data.uwTickPrio)
    __libspace_start                         0x20000010   Data          96  libspace.o(.bss)
    CH                                       0x20000070   Data          32  control.o(.bss.CH)
    __temporary_stack_top$libspace           0x20000070   Data           0  libspace.o(.bss)
    Frame_data                               0x20000090   Data          25  control.o(.bss.Frame_data)
    I_Left_Strength                          0x200000ac   Data           4  moto.o(.bss.I_Left_Strength)
    I_Right_Strength                         0x200000b0   Data           4  moto.o(.bss.I_Right_Strength)
    LeftEncoderElapsed                       0x200000b4   Data           1  moto.o(.bss.LeftEncoderElapsed)
    REC_Status                               0x200000b5   Data           1  control.o(.bss.REC_Status)
    REC_data                                 0x200000b6   Data           1  control.o(.bss.REC_data)
    RightEncoderElapsed                      0x200000b7   Data           1  moto.o(.bss.RightEncoderElapsed)
    dataReady                                0x200000b8   Data           1  control.o(.bss.dataReady)
    datapoi                                  0x200000b9   Data           1  control.o(.bss.datapoi)
    htim14                                   0x200000bc   Data         180  stm32f4xx_hal_timebase_tim.o(.bss.htim14)
    htim2                                    0x20000170   Data         180  main.o(.bss.htim2)
    htim3                                    0x20000224   Data         180  main.o(.bss.htim3)
    htim4                                    0x200002d8   Data         180  main.o(.bss.htim4)
    htim5                                    0x2000038c   Data         180  main.o(.bss.htim5)
    htim9                                    0x20000440   Data         180  main.o(.bss.htim9)
    huart3                                   0x200004f4   Data         120  main.o(.bss.huart3)
    lastLeftCounter                          0x2000056c   Data           2  moto.o(.bss.lastLeftCounter)
    lastRightCounter                         0x2000056e   Data           2  moto.o(.bss.lastRightCounter)
    leftCounter                              0x20000570   Data           2  moto.o(.bss.leftCounter)
    rightCounter                             0x20000572   Data           2  moto.o(.bss.rightCounter)
    speed                                    0x20000574   Data          16  moto.o(.bss.speed)
    timerUp                                  0x20000584   Data           1  timer.o(.bss.timerUp)
    uwTick                                   0x20000588   Data           4  stm32f4xx_hal.o(.bss.uwTick)



==============================================================================

Memory Map of the image

  Image Entry point : 0x08000189

  Load Region LR_IROM1 (Base: 0x08000000, Size: 0x00004e48, Max: 0x00080000, ABSOLUTE)

    Execution Region ER_IROM1 (Exec base: 0x08000000, Load base: 0x08000000, Size: 0x00004e34, Max: 0x00080000, ABSOLUTE)

    Exec Addr    Load Addr    Size         Type   Attr      Idx    E Section Name        Object

    0x08000000   0x08000000   0x00000188   Data   RO          206    RESET               startup_stm32f407xx.o
    0x08000188   0x08000188   0x00000008   Code   RO         1156  * !!!main             c_w.l(__main.o)
    0x08000190   0x08000190   0x0000005c   Code   RO         1331    !!!scatter          c_w.l(__scatter.o)
    0x080001ec   0x080001ec   0x0000001a   Code   RO         1335    !!handler_copy      c_w.l(__scatter_copy.o)
    0x08000206   0x08000206   0x00000002   PAD
    0x08000208   0x08000208   0x00000002   Code   RO         1332    !!handler_null      c_w.l(__scatter.o)
    0x0800020a   0x0800020a   0x00000002   PAD
    0x0800020c   0x0800020c   0x0000001c   Code   RO         1337    !!handler_zi        c_w.l(__scatter_zi.o)
    0x08000228   0x08000228   0x00000002   Code   RO         1193    .ARM.Collect$$libinit$$00000000  c_w.l(libinit.o)
    0x0800022a   0x0800022a   0x00000004   Code   RO         1205    .ARM.Collect$$libinit$$00000001  c_w.l(libinit2.o)
    0x0800022e   0x0800022e   0x00000000   Code   RO         1208    .ARM.Collect$$libinit$$00000004  c_w.l(libinit2.o)
    0x0800022e   0x0800022e   0x00000000   Code   RO         1210    .ARM.Collect$$libinit$$00000006  c_w.l(libinit2.o)
    0x0800022e   0x0800022e   0x00000000   Code   RO         1213    .ARM.Collect$$libinit$$0000000C  c_w.l(libinit2.o)
    0x0800022e   0x0800022e   0x00000000   Code   RO         1215    .ARM.Collect$$libinit$$0000000E  c_w.l(libinit2.o)
    0x0800022e   0x0800022e   0x00000000   Code   RO         1217    .ARM.Collect$$libinit$$00000010  c_w.l(libinit2.o)
    0x0800022e   0x0800022e   0x00000000   Code   RO         1220    .ARM.Collect$$libinit$$00000013  c_w.l(libinit2.o)
    0x0800022e   0x0800022e   0x00000000   Code   RO         1222    .ARM.Collect$$libinit$$00000015  c_w.l(libinit2.o)
    0x0800022e   0x0800022e   0x00000000   Code   RO         1224    .ARM.Collect$$libinit$$00000017  c_w.l(libinit2.o)
    0x0800022e   0x0800022e   0x00000000   Code   RO         1226    .ARM.Collect$$libinit$$00000019  c_w.l(libinit2.o)
    0x0800022e   0x0800022e   0x00000000   Code   RO         1228    .ARM.Collect$$libinit$$0000001B  c_w.l(libinit2.o)
    0x0800022e   0x0800022e   0x00000000   Code   RO         1230    .ARM.Collect$$libinit$$0000001D  c_w.l(libinit2.o)
    0x0800022e   0x0800022e   0x00000000   Code   RO         1232    .ARM.Collect$$libinit$$0000001F  c_w.l(libinit2.o)
    0x0800022e   0x0800022e   0x00000000   Code   RO         1234    .ARM.Collect$$libinit$$00000021  c_w.l(libinit2.o)
    0x0800022e   0x0800022e   0x00000000   Code   RO         1236    .ARM.Collect$$libinit$$00000023  c_w.l(libinit2.o)
    0x0800022e   0x0800022e   0x00000000   Code   RO         1238    .ARM.Collect$$libinit$$00000025  c_w.l(libinit2.o)
    0x0800022e   0x0800022e   0x00000000   Code   RO         1240    .ARM.Collect$$libinit$$00000027  c_w.l(libinit2.o)
    0x0800022e   0x0800022e   0x00000000   Code   RO         1244    .ARM.Collect$$libinit$$0000002E  c_w.l(libinit2.o)
    0x0800022e   0x0800022e   0x00000000   Code   RO         1246    .ARM.Collect$$libinit$$00000030  c_w.l(libinit2.o)
    0x0800022e   0x0800022e   0x00000000   Code   RO         1248    .ARM.Collect$$libinit$$00000032  c_w.l(libinit2.o)
    0x0800022e   0x0800022e   0x00000000   Code   RO         1250    .ARM.Collect$$libinit$$00000034  c_w.l(libinit2.o)
    0x0800022e   0x0800022e   0x00000002   Code   RO         1251    .ARM.Collect$$libinit$$00000035  c_w.l(libinit2.o)
    0x08000230   0x08000230   0x00000002   Code   RO         1286    .ARM.Collect$$libshutdown$$00000000  c_w.l(libshutdown.o)
    0x08000232   0x08000232   0x00000000   Code   RO         1314    .ARM.Collect$$libshutdown$$00000002  c_w.l(libshutdown2.o)
    0x08000232   0x08000232   0x00000000   Code   RO         1316    .ARM.Collect$$libshutdown$$00000004  c_w.l(libshutdown2.o)
    0x08000232   0x08000232   0x00000000   Code   RO         1319    .ARM.Collect$$libshutdown$$00000007  c_w.l(libshutdown2.o)
    0x08000232   0x08000232   0x00000000   Code   RO         1322    .ARM.Collect$$libshutdown$$0000000A  c_w.l(libshutdown2.o)
    0x08000232   0x08000232   0x00000000   Code   RO         1324    .ARM.Collect$$libshutdown$$0000000C  c_w.l(libshutdown2.o)
    0x08000232   0x08000232   0x00000000   Code   RO         1327    .ARM.Collect$$libshutdown$$0000000F  c_w.l(libshutdown2.o)
    0x08000232   0x08000232   0x00000002   Code   RO         1328    .ARM.Collect$$libshutdown$$00000010  c_w.l(libshutdown2.o)
    0x08000234   0x08000234   0x00000000   Code   RO         1158    .ARM.Collect$$rtentry$$00000000  c_w.l(__rtentry.o)
    0x08000234   0x08000234   0x00000000   Code   RO         1164    .ARM.Collect$$rtentry$$00000002  c_w.l(__rtentry2.o)
    0x08000234   0x08000234   0x00000006   Code   RO         1176    .ARM.Collect$$rtentry$$00000004  c_w.l(__rtentry4.o)
    0x0800023a   0x0800023a   0x00000000   Code   RO         1166    .ARM.Collect$$rtentry$$00000009  c_w.l(__rtentry2.o)
    0x0800023a   0x0800023a   0x00000004   Code   RO         1167    .ARM.Collect$$rtentry$$0000000A  c_w.l(__rtentry2.o)
    0x0800023e   0x0800023e   0x00000000   Code   RO         1169    .ARM.Collect$$rtentry$$0000000C  c_w.l(__rtentry2.o)
    0x0800023e   0x0800023e   0x00000008   Code   RO         1170    .ARM.Collect$$rtentry$$0000000D  c_w.l(__rtentry2.o)
    0x08000246   0x08000246   0x00000002   Code   RO         1197    .ARM.Collect$$rtexit$$00000000  c_w.l(rtexit.o)
    0x08000248   0x08000248   0x00000000   Code   RO         1257    .ARM.Collect$$rtexit$$00000002  c_w.l(rtexit2.o)
    0x08000248   0x08000248   0x00000004   Code   RO         1258    .ARM.Collect$$rtexit$$00000003  c_w.l(rtexit2.o)
    0x0800024c   0x0800024c   0x00000006   Code   RO         1259    .ARM.Collect$$rtexit$$00000004  c_w.l(rtexit2.o)
    0x08000252   0x08000252   0x00000002   PAD
    0x08000254   0x08000254   0x00000040   Code   RO          207    .text               startup_stm32f407xx.o
    0x08000294   0x08000294   0x000000f0   Code   RO         1150    .text               c_w.l(lludivv7m.o)
    0x08000384   0x08000384   0x0000004e   Code   RO         1152    .text               c_w.l(rt_memclr_w.o)
    0x080003d2   0x080003d2   0x00000006   Code   RO         1154    .text               c_w.l(heapauxi.o)
    0x080003d8   0x080003d8   0x0000004a   Code   RO         1180    .text               c_w.l(sys_stackheap_outer.o)
    0x08000422   0x08000422   0x00000012   Code   RO         1182    .text               c_w.l(exit.o)
    0x08000434   0x08000434   0x00000008   Code   RO         1194    .text               c_w.l(libspace.o)
    0x0800043c   0x0800043c   0x0000000c   Code   RO         1252    .text               c_w.l(sys_exit.o)
    0x08000448   0x08000448   0x00000002   Code   RO         1275    .text               c_w.l(use_no_semi.o)
    0x0800044a   0x0800044a   0x00000000   Code   RO         1277    .text               c_w.l(indicate_semi.o)
    0x0800044a   0x0800044a   0x00000002   PAD
    0x0800044c   0x0800044c   0x00000004   Code   RO          141    .text.BusFault_Handler  stm32f4xx_it.o
    0x08000450   0x08000450   0x00000108   Code   RO           12    .text.CHprocess     control.o
    0x08000558   0x08000558   0x000001b0   Code   RO           61    .text.CalculateSpeed  moto.o
    0x08000708   0x08000708   0x00000002   Code   RO          147    .text.DebugMon_Handler  stm32f4xx_it.o
    0x0800070a   0x0800070a   0x00000002   PAD
    0x0800070c   0x0800070c   0x00000006   Code   RO          116    .text.Error_Handler  main.o
    0x08000712   0x08000712   0x00000002   PAD
    0x08000714   0x08000714   0x000000ec   Code   RO          758    .text.HAL_DMA_Abort  stm32f4xx_hal_dma.o
    0x08000800   0x08000800   0x00000044   Code   RO          760    .text.HAL_DMA_Abort_IT  stm32f4xx_hal_dma.o
    0x08000844   0x08000844   0x000003b6   Code   RO          706    .text.HAL_GPIO_Init  stm32f4xx_hal_gpio.o
    0x08000bfa   0x08000bfa   0x00000002   PAD
    0x08000bfc   0x08000bfc   0x0000000c   Code   RO          931    .text.HAL_GetTick   stm32f4xx_hal.o
    0x08000c08   0x08000c08   0x0000001a   Code   RO          929    .text.HAL_IncTick   stm32f4xx_hal.o
    0x08000c22   0x08000c22   0x00000002   PAD
    0x08000c24   0x08000c24   0x00000036   Code   RO          919    .text.HAL_Init      stm32f4xx_hal.o
    0x08000c5a   0x08000c5a   0x00000002   PAD
    0x08000c5c   0x08000c5c   0x000000f0   Code   RO          191    .text.HAL_InitTick  stm32f4xx_hal_timebase_tim.o
    0x08000d4c   0x08000d4c   0x0000004a   Code   RO          168    .text.HAL_MspInit   stm32f4xx_hal_msp.o
    0x08000d96   0x08000d96   0x00000002   PAD
    0x08000d98   0x08000d98   0x00000014   Code   RO          854    .text.HAL_NVIC_EnableIRQ  stm32f4xx_hal_cortex.o
    0x08000dac   0x08000dac   0x00000032   Code   RO          846    .text.HAL_NVIC_SetPriority  stm32f4xx_hal_cortex.o
    0x08000dde   0x08000dde   0x00000002   PAD
    0x08000de0   0x08000de0   0x00000010   Code   RO          842    .text.HAL_NVIC_SetPriorityGrouping  stm32f4xx_hal_cortex.o
    0x08000df0   0x08000df0   0x00000262   Code   RO          574    .text.HAL_RCC_ClockConfig  stm32f4xx_hal_rcc.o
    0x08001052   0x08001052   0x00000002   PAD
    0x08001054   0x08001054   0x00000054   Code   RO          592    .text.HAL_RCC_GetClockConfig  stm32f4xx_hal_rcc.o
    0x080010a8   0x080010a8   0x0000000c   Code   RO          584    .text.HAL_RCC_GetHCLKFreq  stm32f4xx_hal_rcc.o
    0x080010b4   0x080010b4   0x00000022   Code   RO          586    .text.HAL_RCC_GetPCLK1Freq  stm32f4xx_hal_rcc.o
    0x080010d6   0x080010d6   0x00000002   PAD
    0x080010d8   0x080010d8   0x00000022   Code   RO          588    .text.HAL_RCC_GetPCLK2Freq  stm32f4xx_hal_rcc.o
    0x080010fa   0x080010fa   0x00000002   PAD
    0x080010fc   0x080010fc   0x000000e6   Code   RO          576    .text.HAL_RCC_GetSysClockFreq  stm32f4xx_hal_rcc.o
    0x080011e2   0x080011e2   0x00000002   PAD
    0x080011e4   0x080011e4   0x000006be   Code   RO          572    .text.HAL_RCC_OscConfig  stm32f4xx_hal_rcc.o
    0x080018a2   0x080018a2   0x00000002   PAD
    0x080018a4   0x080018a4   0x00000008   Code   RO          557    .text.HAL_TIMEx_BreakCallback  stm32f4xx_hal_tim_ex.o
    0x080018ac   0x080018ac   0x00000008   Code   RO          553    .text.HAL_TIMEx_CommutCallback  stm32f4xx_hal_tim_ex.o
    0x080018b4   0x080018b4   0x00000008   Code   RO          555    .text.HAL_TIMEx_CommutHalfCpltCallback  stm32f4xx_hal_tim_ex.o
    0x080018bc   0x080018bc   0x00000122   Code   RO          547    .text.HAL_TIMEx_MasterConfigSynchronization  stm32f4xx_hal_tim_ex.o
    0x080019de   0x080019de   0x00000002   PAD
    0x080019e0   0x080019e0   0x000000b8   Code   RO          228    .text.HAL_TIM_Base_Init  stm32f4xx_hal_tim.o
    0x08001a98   0x08001a98   0x000000bc   Code   RO          170    .text.HAL_TIM_Base_MspInit  stm32f4xx_hal_msp.o
    0x08001b54   0x08001b54   0x000000f6   Code   RO          244    .text.HAL_TIM_Base_Start_IT  stm32f4xx_hal_tim.o
    0x08001c4a   0x08001c4a   0x00000002   PAD
    0x08001c4c   0x08001c4c   0x00000184   Code   RO          412    .text.HAL_TIM_ConfigClockSource  stm32f4xx_hal_tim.o
    0x08001dd0   0x08001dd0   0x0000014c   Code   RO          344    .text.HAL_TIM_Encoder_Init  stm32f4xx_hal_tim.o
    0x08001f1c   0x08001f1c   0x0000011a   Code   RO          172    .text.HAL_TIM_Encoder_MspInit  stm32f4xx_hal_msp.o
    0x08002036   0x08002036   0x00000002   PAD
    0x08002038   0x08002038   0x0000014e   Code   RO          352    .text.HAL_TIM_Encoder_Start  stm32f4xx_hal_tim.o
    0x08002186   0x08002186   0x00000002   PAD
    0x08002188   0x08002188   0x00000008   Code   RO          448    .text.HAL_TIM_ErrorCallback  stm32f4xx_hal_tim.o
    0x08002190   0x08002190   0x00000008   Code   RO          436    .text.HAL_TIM_IC_CaptureCallback  stm32f4xx_hal_tim.o
    0x08002198   0x08002198   0x00000008   Code   RO          438    .text.HAL_TIM_IC_CaptureHalfCpltCallback  stm32f4xx_hal_tim.o
    0x080021a0   0x080021a0   0x0000023a   Code   RO          364    .text.HAL_TIM_IRQHandler  stm32f4xx_hal_tim.o
    0x080023da   0x080023da   0x00000002   PAD
    0x080023dc   0x080023dc   0x000000bc   Code   RO          174    .text.HAL_TIM_MspPostInit  stm32f4xx_hal_msp.o
    0x08002498   0x08002498   0x00000008   Code   RO          434    .text.HAL_TIM_OC_DelayElapsedCallback  stm32f4xx_hal_tim.o
    0x080024a0   0x080024a0   0x00000142   Code   RO          386    .text.HAL_TIM_PWM_ConfigChannel  stm32f4xx_hal_tim.o
    0x080025e2   0x080025e2   0x00000002   PAD
    0x080025e4   0x080025e4   0x000000b8   Code   RO          284    .text.HAL_TIM_PWM_Init  stm32f4xx_hal_tim.o
    0x0800269c   0x0800269c   0x00000008   Code   RO          286    .text.HAL_TIM_PWM_MspInit  stm32f4xx_hal_tim.o
    0x080026a4   0x080026a4   0x00000008   Code   RO          440    .text.HAL_TIM_PWM_PulseFinishedCallback  stm32f4xx_hal_tim.o
    0x080026ac   0x080026ac   0x00000008   Code   RO          442    .text.HAL_TIM_PWM_PulseFinishedHalfCpltCallback  stm32f4xx_hal_tim.o
    0x080026b4   0x080026b4   0x000001ca   Code   RO          292    .text.HAL_TIM_PWM_Start  stm32f4xx_hal_tim.o
    0x0800287e   0x0800287e   0x00000002   PAD
    0x08002880   0x08002880   0x00000022   Code   RO          118    .text.HAL_TIM_PeriodElapsedCallback  main.o
    0x080028a2   0x080028a2   0x00000002   PAD
    0x080028a4   0x080028a4   0x00000008   Code   RO          432    .text.HAL_TIM_PeriodElapsedHalfCpltCallback  stm32f4xx_hal_tim.o
    0x080028ac   0x080028ac   0x0000021a   Code   RO          450    .text.HAL_TIM_RegisterCallback  stm32f4xx_hal_tim.o
    0x08002ac6   0x08002ac6   0x00000002   PAD
    0x08002ac8   0x08002ac8   0x00000008   Code   RO          444    .text.HAL_TIM_TriggerCallback  stm32f4xx_hal_tim.o
    0x08002ad0   0x08002ad0   0x00000008   Code   RO          446    .text.HAL_TIM_TriggerHalfCpltCallback  stm32f4xx_hal_tim.o
    0x08002ad8   0x08002ad8   0x0000000c   Code   RO         1050    .text.HAL_UARTEx_RxEventCallback  stm32f4xx_hal_uart.o
    0x08002ae4   0x08002ae4   0x00000008   Code   RO         1040    .text.HAL_UART_AbortCpltCallback  stm32f4xx_hal_uart.o
    0x08002aec   0x08002aec   0x00000008   Code   RO         1044    .text.HAL_UART_AbortReceiveCpltCallback  stm32f4xx_hal_uart.o
    0x08002af4   0x08002af4   0x00000008   Code   RO         1042    .text.HAL_UART_AbortTransmitCpltCallback  stm32f4xx_hal_uart.o
    0x08002afc   0x08002afc   0x00000008   Code   RO         1038    .text.HAL_UART_ErrorCallback  stm32f4xx_hal_uart.o
    0x08002b04   0x08002b04   0x0000045c   Code   RO         1114    .text.HAL_UART_IRQHandler  stm32f4xx_hal_uart.o
    0x08002f60   0x08002f60   0x000000ba   Code   RO         1008    .text.HAL_UART_Init  stm32f4xx_hal_uart.o
    0x0800301a   0x0800301a   0x00000002   PAD
    0x0800301c   0x0800301c   0x000000fa   Code   RO          180    .text.HAL_UART_MspInit  stm32f4xx_hal_msp.o
    0x08003116   0x08003116   0x00000002   PAD
    0x08003118   0x08003118   0x00000056   Code   RO         1060    .text.HAL_UART_Receive_IT  stm32f4xx_hal_uart.o
    0x0800316e   0x0800316e   0x00000002   PAD
    0x08003170   0x08003170   0x00000122   Code   RO         1026    .text.HAL_UART_RegisterCallback  stm32f4xx_hal_uart.o
    0x08003292   0x08003292   0x00000002   PAD
    0x08003294   0x08003294   0x00000008   Code   RO         1036    .text.HAL_UART_RxCpltCallback  stm32f4xx_hal_uart.o
    0x0800329c   0x0800329c   0x00000008   Code   RO         1034    .text.HAL_UART_RxHalfCpltCallback  stm32f4xx_hal_uart.o
    0x080032a4   0x080032a4   0x00000008   Code   RO         1032    .text.HAL_UART_TxCpltCallback  stm32f4xx_hal_uart.o
    0x080032ac   0x080032ac   0x00000008   Code   RO         1030    .text.HAL_UART_TxHalfCpltCallback  stm32f4xx_hal_uart.o
    0x080032b4   0x080032b4   0x00000004   Code   RO          137    .text.HardFault_Handler  stm32f4xx_it.o
    0x080032b8   0x080032b8   0x0000000e   Code   RO           47    .text.LeftEncoderCB  moto.o
    0x080032c6   0x080032c6   0x00000002   PAD
    0x080032c8   0x080032c8   0x0000001a   Code   RO           39    .text.LeftMotoBack  moto.o
    0x080032e2   0x080032e2   0x00000002   PAD
    0x080032e4   0x080032e4   0x0000001a   Code   RO           37    .text.LeftMotoFor   moto.o
    0x080032fe   0x080032fe   0x00000002   PAD
    0x08003300   0x08003300   0x000000d2   Code   RO          102    .text.MX_GPIO_Init  main.o
    0x080033d2   0x080033d2   0x00000002   PAD
    0x080033d4   0x080033d4   0x000000f0   Code   RO          104    .text.MX_TIM2_Init  main.o
    0x080034c4   0x080034c4   0x0000007c   Code   RO          114    .text.MX_TIM3_Init  main.o
    0x08003540   0x08003540   0x00000086   Code   RO          106    .text.MX_TIM4_Init  main.o
    0x080035c6   0x080035c6   0x00000002   PAD
    0x080035c8   0x080035c8   0x00000086   Code   RO          112    .text.MX_TIM5_Init  main.o
    0x0800364e   0x0800364e   0x00000002   PAD
    0x08003650   0x08003650   0x000000d2   Code   RO          108    .text.MX_TIM9_Init  main.o
    0x08003722   0x08003722   0x00000002   PAD
    0x08003724   0x08003724   0x00000050   Code   RO          110    .text.MX_USART3_UART_Init  main.o
    0x08003774   0x08003774   0x00000004   Code   RO          139    .text.MemManage_Handler  stm32f4xx_it.o
    0x08003778   0x08003778   0x00000004   Code   RO          135    .text.NMI_Handler   stm32f4xx_it.o
    0x0800377c   0x0800377c   0x0000006c   Code   RO          852    .text.NVIC_EncodePriority  stm32f4xx_hal_cortex.o
    0x080037e8   0x080037e8   0x0000012c   Code   RO           63    .text.PID_Cal       moto.o
    0x08003914   0x08003914   0x0000005c   Code   RO           59    .text.PID_Set       moto.o
    0x08003970   0x08003970   0x00000002   Code   RO          149    .text.PendSV_Handler  stm32f4xx_it.o
    0x08003972   0x08003972   0x00000002   PAD
    0x08003974   0x08003974   0x0000000e   Code   RO           84    .text.ResetTimerUp  timer.o
    0x08003982   0x08003982   0x00000002   PAD
    0x08003984   0x08003984   0x0000000e   Code   RO           49    .text.RightEncoderCB  moto.o
    0x08003992   0x08003992   0x00000002   PAD
    0x08003994   0x08003994   0x0000001a   Code   RO           43    .text.RightMotoBack  moto.o
    0x080039ae   0x080039ae   0x00000002   PAD
    0x080039b0   0x080039b0   0x0000001a   Code   RO           41    .text.RightMotoFor  moto.o
    0x080039ca   0x080039ca   0x00000002   PAD
    0x080039cc   0x080039cc   0x00000002   Code   RO          145    .text.SVC_Handler   stm32f4xx_it.o
    0x080039ce   0x080039ce   0x00000002   PAD
    0x080039d0   0x080039d0   0x00000002   Code   RO          151    .text.SysTick_Handler  stm32f4xx_it.o
    0x080039d2   0x080039d2   0x00000002   PAD
    0x080039d4   0x080039d4   0x000000be   Code   RO          100    .text.SystemClock_Config  main.o
    0x08003a92   0x08003a92   0x00000002   PAD
    0x08003a94   0x08003a94   0x00000012   Code   RO          214    .text.SystemInit    system_stm32f4xx.o
    0x08003aa6   0x08003aa6   0x00000002   PAD
    0x08003aa8   0x08003aa8   0x00000010   Code   RO          153    .text.TIM4_IRQHandler  stm32f4xx_it.o
    0x08003ab8   0x08003ab8   0x00000010   Code   RO          159    .text.TIM5_IRQHandler  stm32f4xx_it.o
    0x08003ac8   0x08003ac8   0x00000010   Code   RO          157    .text.TIM8_TRG_COM_TIM14_IRQHandler  stm32f4xx_it.o
    0x08003ad8   0x08003ad8   0x000001a4   Code   RO          234    .text.TIM_Base_SetConfig  stm32f4xx_hal_tim.o
    0x08003c7c   0x08003c7c   0x00000036   Code   RO          268    .text.TIM_CCxChannelCmd  stm32f4xx_hal_tim.o
    0x08003cb2   0x08003cb2   0x00000002   PAD
    0x08003cb4   0x08003cb4   0x00000034   Code   RO          410    .text.TIM_ETR_SetConfig  stm32f4xx_hal_tim.o
    0x08003ce8   0x08003ce8   0x0000002a   Code   RO          416    .text.TIM_ITRx_SetConfig  stm32f4xx_hal_tim.o
    0x08003d12   0x08003d12   0x00000002   PAD
    0x08003d14   0x08003d14   0x000000ea   Code   RO          368    .text.TIM_OC1_SetConfig  stm32f4xx_hal_tim.o
    0x08003dfe   0x08003dfe   0x00000002   PAD
    0x08003e00   0x08003e00   0x000000f4   Code   RO          370    .text.TIM_OC2_SetConfig  stm32f4xx_hal_tim.o
    0x08003ef4   0x08003ef4   0x000000f2   Code   RO          372    .text.TIM_OC3_SetConfig  stm32f4xx_hal_tim.o
    0x08003fe6   0x08003fe6   0x00000002   PAD
    0x08003fe8   0x08003fe8   0x000000a4   Code   RO          374    .text.TIM_OC4_SetConfig  stm32f4xx_hal_tim.o
    0x0800408c   0x0800408c   0x000000be   Code   RO          230    .text.TIM_ResetCallback  stm32f4xx_hal_tim.o
    0x0800414a   0x0800414a   0x00000002   PAD
    0x0800414c   0x0800414c   0x00000050   Code   RO          414    .text.TIM_TI1_ConfigInputStage  stm32f4xx_hal_tim.o
    0x0800419c   0x0800419c   0x00000052   Code   RO          418    .text.TIM_TI2_ConfigInputStage  stm32f4xx_hal_tim.o
    0x080041ee   0x080041ee   0x00000002   PAD
    0x080041f0   0x080041f0   0x0000001c   Code   RO         1118    .text.UART_DMAAbortOnError  stm32f4xx_hal_uart.o
    0x0800420c   0x0800420c   0x00000094   Code   RO         1084    .text.UART_EndRxTransfer  stm32f4xx_hal_uart.o
    0x080042a0   0x080042a0   0x00000026   Code   RO         1122    .text.UART_EndTransmit_IT  stm32f4xx_hal_uart.o
    0x080042c6   0x080042c6   0x00000002   PAD
    0x080042c8   0x080042c8   0x00000074   Code   RO         1010    .text.UART_InitCallbacksToDefault  stm32f4xx_hal_uart.o
    0x0800433c   0x0800433c   0x00000168   Code   RO         1116    .text.UART_Receive_IT  stm32f4xx_hal_uart.o
    0x080044a4   0x080044a4   0x00000112   Code   RO            6    .text.UART_Recieve_Complete  control.o
    0x080045b6   0x080045b6   0x00000002   PAD
    0x080045b8   0x080045b8   0x0000013a   Code   RO         1014    .text.UART_SetConfig  stm32f4xx_hal_uart.o
    0x080046f2   0x080046f2   0x00000002   PAD
    0x080046f4   0x080046f4   0x00000062   Code   RO         1062    .text.UART_Start_Receive_IT  stm32f4xx_hal_uart.o
    0x08004756   0x08004756   0x00000002   PAD
    0x08004758   0x08004758   0x00000094   Code   RO         1120    .text.UART_Transmit_IT  stm32f4xx_hal_uart.o
    0x080047ec   0x080047ec   0x00000010   Code   RO          155    .text.USART3_IRQHandler  stm32f4xx_it.o
    0x080047fc   0x080047fc   0x00000004   Code   RO          143    .text.UsageFault_Handler  stm32f4xx_it.o
    0x08004800   0x08004800   0x00000030   Code   RO          856    .text.__NVIC_EnableIRQ  stm32f4xx_hal_cortex.o
    0x08004830   0x08004830   0x00000010   Code   RO          848    .text.__NVIC_GetPriorityGrouping  stm32f4xx_hal_cortex.o
    0x08004840   0x08004840   0x00000042   Code   RO          850    .text.__NVIC_SetPriority  stm32f4xx_hal_cortex.o
    0x08004882   0x08004882   0x00000002   PAD
    0x08004884   0x08004884   0x0000003c   Code   RO          844    .text.__NVIC_SetPriorityGrouping  stm32f4xx_hal_cortex.o
    0x080048c0   0x080048c0   0x00000054   Code   RO           51    .text.counterCal    moto.o
    0x08004914   0x08004914   0x00000026   Code   RO            8    .text.dataProcess   control.o
    0x0800493a   0x0800493a   0x00000002   PAD
    0x0800493c   0x0800493c   0x00000044   Code   RO           10    .text.getShift      control.o
    0x08004980   0x08004980   0x00000010   Code   RO            2    .text.isDataReady   control.o
    0x08004990   0x08004990   0x00000010   Code   RO           82    .text.isTimerUp     timer.o
    0x080049a0   0x080049a0   0x00000050   Code   RO           53    .text.leftMoto      moto.o
    0x080049f0   0x080049f0   0x00000110   Code   RO           98    .text.main          main.o
    0x08004b00   0x08004b00   0x00000184   Code   RO           57    .text.motoControlSet  moto.o
    0x08004c84   0x08004c84   0x00000096   Code   RO           45    .text.motoInit      moto.o
    0x08004d1a   0x08004d1a   0x00000002   PAD
    0x08004d1c   0x08004d1c   0x00000050   Code   RO           55    .text.rightMoto     moto.o
    0x08004d6c   0x08004d6c   0x0000000e   Code   RO           86    .text.timerARRCallBack  timer.o
    0x08004d7a   0x08004d7a   0x00000002   PAD
    0x08004d7c   0x08004d7c   0x00000026   Code   RO           88    .text.timerIni      timer.o
    0x08004da2   0x08004da2   0x00000002   PAD
    0x08004da4   0x08004da4   0x0000003c   Code   RO            4    .text.uartInit      control.o
    0x08004de0   0x08004de0   0x0000001a   Code   RO         1269    x$fpl$fpinit        fz_wm.l(fpinit.o)
    0x08004dfa   0x08004dfa   0x00000010   Data   RO          219    .rodata.AHBPrescTable  system_stm32f4xx.o
    0x08004e0a   0x08004e0a   0x00000008   Data   RO          220    .rodata.APBPrescTable  system_stm32f4xx.o
    0x08004e12   0x08004e12   0x00000002   PAD
    0x08004e14   0x08004e14   0x00000020   Data   RO         1330    Region$$Table       anon$$obj.o


    Execution Region RW_IRAM1 (Exec base: 0x20000000, Load base: 0x08004e38, Size: 0x00000b90, Max: 0x00020000, ABSOLUTE)

    Exec Addr    Load Addr    Size         Type   Attr      Idx    E Section Name        Object

    0x20000000   0x08004e38   0x00000004   Data   RW          218    .data.SystemCoreClock  system_stm32f4xx.o
    0x20000004   0x08004e3c   0x00000001   Data   RW          974    .data.uwTickFreq    stm32f4xx_hal.o
    0x20000005   0x08004e3d   0x00000003   PAD
    0x20000008   0x08004e40   0x00000004   Data   RW          973    .data.uwTickPrio    stm32f4xx_hal.o
    0x2000000c   0x08004e44   0x00000004   PAD
    0x20000010        -       0x00000060   Zero   RW         1195    .bss                c_w.l(libspace.o)
    0x20000070        -       0x00000020   Zero   RW           25    .bss.CH             control.o
    0x20000090        -       0x00000019   Zero   RW           22    .bss.Frame_data     control.o
    0x200000a9   0x08004e44   0x00000003   PAD
    0x200000ac        -       0x00000004   Zero   RW           73    .bss.I_Left_Strength  moto.o
    0x200000b0        -       0x00000004   Zero   RW           74    .bss.I_Right_Strength  moto.o
    0x200000b4        -       0x00000001   Zero   RW           65    .bss.LeftEncoderElapsed  moto.o
    0x200000b5        -       0x00000001   Zero   RW           21    .bss.REC_Status     control.o
    0x200000b6        -       0x00000001   Zero   RW           20    .bss.REC_data       control.o
    0x200000b7        -       0x00000001   Zero   RW           66    .bss.RightEncoderElapsed  moto.o
    0x200000b8        -       0x00000001   Zero   RW           19    .bss.dataReady      control.o
    0x200000b9        -       0x00000001   Zero   RW           14    .bss.datapoi        control.o
    0x200000ba   0x08004e44   0x00000002   PAD
    0x200000bc        -       0x000000b4   Zero   RW          197    .bss.htim14         stm32f4xx_hal_timebase_tim.o
    0x20000170        -       0x000000b4   Zero   RW          121    .bss.htim2          main.o
    0x20000224        -       0x000000b4   Zero   RW          122    .bss.htim3          main.o
    0x200002d8        -       0x000000b4   Zero   RW          123    .bss.htim4          main.o
    0x2000038c        -       0x000000b4   Zero   RW          124    .bss.htim5          main.o
    0x20000440        -       0x000000b4   Zero   RW          125    .bss.htim9          main.o
    0x200004f4        -       0x00000078   Zero   RW          126    .bss.huart3         main.o
    0x2000056c        -       0x00000002   Zero   RW           71    .bss.lastLeftCounter  moto.o
    0x2000056e        -       0x00000002   Zero   RW           72    .bss.lastRightCounter  moto.o
    0x20000570        -       0x00000002   Zero   RW           69    .bss.leftCounter    moto.o
    0x20000572        -       0x00000002   Zero   RW           70    .bss.rightCounter   moto.o
    0x20000574        -       0x00000010   Zero   RW           68    .bss.speed          moto.o
    0x20000584        -       0x00000001   Zero   RW           90    .bss.timerUp        timer.o
    0x20000585   0x08004e44   0x00000003   PAD
    0x20000588        -       0x00000004   Zero   RW          975    .bss.uwTick         stm32f4xx_hal.o
    0x2000058c   0x08004e44   0x00000004   PAD
    0x20000590        -       0x00000200   Zero   RW          205    HEAP                startup_stm32f407xx.o
    0x20000790        -       0x00000400   Zero   RW          204    STACK               startup_stm32f407xx.o


==============================================================================

Image component sizes


      Code (inc. data)   RO Data    RW Data    ZI Data      Debug   Object Name

       720          0          0          0         61       5766   control.o
      1634          4          0          0       1020      11204   main.o
      1738         36          0          0         34       4702   moto.o
        64         26        392          0       1536        916   startup_stm32f407xx.o
        92          0          0          5          4       7234   stm32f4xx_hal.o
       384          0          0          0          0       9902   stm32f4xx_hal_cortex.o
       304          0          0          0          0       8601   stm32f4xx_hal_dma.o
       950          0          0          0          0       5197   stm32f4xx_hal_gpio.o
       982          0          0          0          0      11126   stm32f4xx_hal_msp.o
      2730          0          0          0          0       7701   stm32f4xx_hal_rcc.o
      5440         56          0          0          0      40249   stm32f4xx_hal_tim.o
       314          0          0          0          0      16522   stm32f4xx_hal_tim_ex.o
       240          0          0          0        180       8217   stm32f4xx_hal_timebase_tim.o
      3004         14          0          0          0      23108   stm32f4xx_hal_uart.o
        92          0          0          0          0       1407   stm32f4xx_it.o
        18          0         24          4          0       2675   system_stm32f4xx.o
        82          0          0          0          1       1826   timer.o

    ----------------------------------------------------------------------
     18900        136        450         12       2852     166353   Object Totals
         0          0         32          0          0          0   (incl. Generated)
       112          0          2          3         16          0   (incl. Padding)

    ----------------------------------------------------------------------

      Code (inc. data)   RO Data    RW Data    ZI Data      Debug   Library Member Name

         8          0          0          0          0         68   __main.o
         0          0          0          0          0          0   __rtentry.o
        12          0          0          0          0          0   __rtentry2.o
         6          0          0          0          0          0   __rtentry4.o
        94          8          0          0          0          0   __scatter.o
        26          0          0          0          0          0   __scatter_copy.o
        28          0          0          0          0          0   __scatter_zi.o
        18          0          0          0          0         80   exit.o
         6          0          0          0          0        152   heapauxi.o
         0          0          0          0          0          0   indicate_semi.o
         2          0          0          0          0          0   libinit.o
         6          0          0          0          0          0   libinit2.o
         2          0          0          0          0          0   libshutdown.o
         2          0          0          0          0          0   libshutdown2.o
         8          4          0          0         96         68   libspace.o
       240          0          0          0          0        100   lludivv7m.o
        78          0          0          0          0         80   rt_memclr_w.o
         2          0          0          0          0          0   rtexit.o
        10          0          0          0          0          0   rtexit2.o
        12          4          0          0          0         68   sys_exit.o
        74          0          0          0          0         80   sys_stackheap_outer.o
         2          0          0          0          0         68   use_no_semi.o
        26          0          0          0          0        116   fpinit.o

    ----------------------------------------------------------------------
       670         16          0          0         96        880   Library Totals
         8          0          0          0          0          0   (incl. Padding)

    ----------------------------------------------------------------------

      Code (inc. data)   RO Data    RW Data    ZI Data      Debug   Library Name

       636         16          0          0         96        764   c_w.l
        26          0          0          0          0        116   fz_wm.l

    ----------------------------------------------------------------------
       670         16          0          0         96        880   Library Totals

    ----------------------------------------------------------------------

==============================================================================


      Code (inc. data)   RO Data    RW Data    ZI Data      Debug   

     19570        152        450         12       2948     166741   Grand Totals
     19570        152        450         12       2948     166741   ELF Image Totals
     19570        152        450         12          0          0   ROM Totals

==============================================================================

    Total RO  Size (Code + RO Data)                20020 (  19.55kB)
    Total RW  Size (RW Data + ZI Data)              2960 (   2.89kB)
    Total ROM Size (Code + RO Data + RW Data)      20032 (  19.56kB)

==============================================================================

